Archive member included to satisfy reference by file (symbol)

/usr/lib/gcc/arm-none-eabi/12.2.0/thumb/v6-m/nofp/libgcc.a(_dvmd_tls.o)
                              CMakeFiles/BOARD_TEST.dir/usr/share/pico-sdk/src/rp2_common/pico_divider/divider.S.obj (__aeabi_idiv0)
/usr/lib/gcc/arm-none-eabi/12.2.0/../../../../arm-none-eabi/lib/thumb/v6-m/nofp/libc.a(lib_a-atexit.o)
                              /usr/lib/gcc/arm-none-eabi/12.2.0/../../../../arm-none-eabi/lib/thumb/v6-m/nofp/crt0.o (atexit)
/usr/lib/gcc/arm-none-eabi/12.2.0/../../../../arm-none-eabi/lib/thumb/v6-m/nofp/libc.a(lib_a-calloc.o)
                              CMakeFiles/BOARD_TEST.dir/usr/share/pico-sdk/src/rp2_common/pico_malloc/pico_malloc.c.obj (calloc)
/usr/lib/gcc/arm-none-eabi/12.2.0/../../../../arm-none-eabi/lib/thumb/v6-m/nofp/libc.a(lib_a-callocr.o)
                              /usr/lib/gcc/arm-none-eabi/12.2.0/../../../../arm-none-eabi/lib/thumb/v6-m/nofp/libc.a(lib_a-calloc.o) (_calloc_r)
/usr/lib/gcc/arm-none-eabi/12.2.0/../../../../arm-none-eabi/lib/thumb/v6-m/nofp/libc.a(lib_a-errno.o)
                              /usr/lib/gcc/arm-none-eabi/12.2.0/../../../../arm-none-eabi/lib/thumb/v6-m/nofp/libc.a(lib_a-callocr.o) (__errno)
/usr/lib/gcc/arm-none-eabi/12.2.0/../../../../arm-none-eabi/lib/thumb/v6-m/nofp/libc.a(lib_a-fini.o)
                              /usr/lib/gcc/arm-none-eabi/12.2.0/../../../../arm-none-eabi/lib/thumb/v6-m/nofp/crt0.o (__libc_fini_array)
/usr/lib/gcc/arm-none-eabi/12.2.0/../../../../arm-none-eabi/lib/thumb/v6-m/nofp/libc.a(lib_a-impure.o)
                              /usr/lib/gcc/arm-none-eabi/12.2.0/../../../../arm-none-eabi/lib/thumb/v6-m/nofp/libc.a(lib_a-calloc.o) (_impure_ptr)
/usr/lib/gcc/arm-none-eabi/12.2.0/../../../../arm-none-eabi/lib/thumb/v6-m/nofp/libc.a(lib_a-init.o)
                              /usr/lib/gcc/arm-none-eabi/12.2.0/../../../../arm-none-eabi/lib/thumb/v6-m/nofp/crt0.o (__libc_init_array)
/usr/lib/gcc/arm-none-eabi/12.2.0/../../../../arm-none-eabi/lib/thumb/v6-m/nofp/libc.a(lib_a-malloc.o)
                              CMakeFiles/BOARD_TEST.dir/usr/share/pico-sdk/src/rp2_common/pico_malloc/pico_malloc.c.obj (malloc)
/usr/lib/gcc/arm-none-eabi/12.2.0/../../../../arm-none-eabi/lib/thumb/v6-m/nofp/libc.a(lib_a-mallocr.o)
                              /usr/lib/gcc/arm-none-eabi/12.2.0/../../../../arm-none-eabi/lib/thumb/v6-m/nofp/libc.a(lib_a-callocr.o) (_malloc_r)
/usr/lib/gcc/arm-none-eabi/12.2.0/../../../../arm-none-eabi/lib/thumb/v6-m/nofp/libc.a(lib_a-mlock.o)
                              /usr/lib/gcc/arm-none-eabi/12.2.0/../../../../arm-none-eabi/lib/thumb/v6-m/nofp/libc.a(lib_a-mallocr.o) (__malloc_lock)
/usr/lib/gcc/arm-none-eabi/12.2.0/../../../../arm-none-eabi/lib/thumb/v6-m/nofp/libc.a(lib_a-realloc.o)
                              CMakeFiles/BOARD_TEST.dir/usr/share/pico-sdk/src/rp2_common/pico_malloc/pico_malloc.c.obj (realloc)
/usr/lib/gcc/arm-none-eabi/12.2.0/../../../../arm-none-eabi/lib/thumb/v6-m/nofp/libc.a(lib_a-reallocr.o)
                              /usr/lib/gcc/arm-none-eabi/12.2.0/../../../../arm-none-eabi/lib/thumb/v6-m/nofp/libc.a(lib_a-realloc.o) (_realloc_r)
/usr/lib/gcc/arm-none-eabi/12.2.0/../../../../arm-none-eabi/lib/thumb/v6-m/nofp/libc.a(lib_a-sbrkr.o)
                              /usr/lib/gcc/arm-none-eabi/12.2.0/../../../../arm-none-eabi/lib/thumb/v6-m/nofp/libc.a(lib_a-mallocr.o) (_sbrk_r)
/usr/lib/gcc/arm-none-eabi/12.2.0/../../../../arm-none-eabi/lib/thumb/v6-m/nofp/libc.a(lib_a-strlen-stub.o)
                              CMakeFiles/BOARD_TEST.dir/usr/share/pico-sdk/src/rp2_common/pico_stdio/stdio.c.obj (strlen)
/usr/lib/gcc/arm-none-eabi/12.2.0/../../../../arm-none-eabi/lib/thumb/v6-m/nofp/libc.a(lib_a-__atexit.o)
                              /usr/lib/gcc/arm-none-eabi/12.2.0/../../../../arm-none-eabi/lib/thumb/v6-m/nofp/libc.a(lib_a-atexit.o) (__register_exitproc)
/usr/lib/gcc/arm-none-eabi/12.2.0/../../../../arm-none-eabi/lib/thumb/v6-m/nofp/libc.a(lib_a-__call_atexit.o)
                              /usr/lib/gcc/arm-none-eabi/12.2.0/../../../../arm-none-eabi/lib/thumb/v6-m/nofp/libc.a(lib_a-__atexit.o) (__atexit_recursive_mutex)
/usr/lib/gcc/arm-none-eabi/12.2.0/../../../../arm-none-eabi/lib/thumb/v6-m/nofp/libc.a(lib_a-freer.o)
                              /usr/lib/gcc/arm-none-eabi/12.2.0/../../../../arm-none-eabi/lib/thumb/v6-m/nofp/libc.a(lib_a-malloc.o) (_free_r)
/usr/lib/gcc/arm-none-eabi/12.2.0/../../../../arm-none-eabi/lib/thumb/v6-m/nofp/libc.a(lib_a-lock.o)
                              /usr/lib/gcc/arm-none-eabi/12.2.0/../../../../arm-none-eabi/lib/thumb/v6-m/nofp/libc.a(lib_a-mlock.o) (__retarget_lock_acquire_recursive)
/usr/lib/gcc/arm-none-eabi/12.2.0/../../../../arm-none-eabi/lib/thumb/v6-m/nofp/libc.a(lib_a-memmove.o)
                              /usr/lib/gcc/arm-none-eabi/12.2.0/../../../../arm-none-eabi/lib/thumb/v6-m/nofp/libc.a(lib_a-reallocr.o) (memmove)
[...]
Memory Configuration

Name             Origin             Length             Attributes
FLASH            0x0000000010000000 0x0000000000200000 xr
RAM              0x0000000020000000 0x0000000000040000 xrw
SCRATCH_X        0x0000000020040000 0x0000000000001000 xrw
SCRATCH_Y        0x0000000020041000 0x0000000000001000 xrw
*default*        0x0000000000000000 0xffffffffffffffff

Linker script and memory map

LOAD /usr/lib/gcc/arm-none-eabi/12.2.0/thumb/v6-m/nofp/crti.o
LOAD /usr/lib/gcc/arm-none-eabi/12.2.0/thumb/v6-m/nofp/crtbegin.o
LOAD /usr/lib/gcc/arm-none-eabi/12.2.0/../../../../arm-none-eabi/lib/thumb/v6-m/nofp/crt0.o

.flash_begin    0x0000000010000000        0x0
                0x0000000010000000                __flash_binary_start = .

.boot2          0x0000000010000000      0x100
                0x0000000010000000                __boot2_start__ = .
 *(.boot2)
 .boot2         0x0000000010000000      0x100 /tmp/cckaDxNv.o
                0x0000000010000100                __boot2_end__ = .
                0x0000000000000001                ASSERT (((__boot2_end__ - __boot2_start__) == 0x100), ERROR: Pico second stage bootloader must be 256 bytes in size)

.text           0x0000000010000100     0x51e8
                0x0000000010000100                __logical_binary_start = .
 *(.vectors)
 .vectors       0x0000000010000100       0xd4 CMakeFiles/BOARD_TEST.dir/usr/share/pico-sdk/src/rp2_common/pico_standard_link/crt0.S.obj
                0x0000000010000100                __vectors
                0x0000000010000100                __VECTOR_TABLE
                0x00000000100001c0                isr_invalid
                0x00000000100001c0                __default_isrs_start
                0x00000000100001c2                isr_nmi
                0x00000000100001c4                isr_hardfault
                0x00000000100001c6                isr_svcall
                0x00000000100001c8                isr_pendsv
                0x00000000100001ca                isr_systick
                0x00000000100001cc                isr_irq30
                0x00000000100001cc                __unhandled_user_irq
                0x00000000100001cc                isr_irq13
                0x00000000100001cc                isr_irq27
                0x00000000100001cc                isr_irq31
                0x00000000100001cc                isr_irq5
                0x00000000100001cc                isr_irq11
                0x00000000100001cc                isr_irq23
                0x00000000100001cc                isr_irq18
                0x00000000100001cc                isr_irq28
                0x00000000100001cc                isr_irq19
                0x00000000100001cc                isr_irq0
                0x00000000100001cc                isr_irq6
                0x00000000100001cc                isr_irq22
                0x00000000100001cc                isr_irq17
                0x00000000100001cc                isr_irq14
                0x00000000100001cc                isr_irq2
                0x00000000100001cc                isr_irq10
                0x00000000100001cc                isr_irq8
                0x00000000100001cc                isr_irq24
                0x00000000100001cc                isr_irq1
                0x00000000100001cc                isr_irq7
                0x00000000100001cc                isr_irq21
                0x00000000100001cc                isr_irq20
                0x00000000100001cc                isr_irq15
                0x00000000100001cc                isr_irq25
                0x00000000100001cc                isr_irq4
                0x00000000100001cc                isr_irq16
                0x00000000100001cc                isr_irq29
                0x00000000100001cc                isr_irq26
                0x00000000100001cc                __default_isrs_end
                0x00000000100001cc                isr_irq3
                0x00000000100001cc                isr_irq12
                0x00000000100001cc                isr_irq9
                0x00000000100001d2                unhandled_user_irq_num_in_r0
 *(.binary_info_header)
 .binary_info_header
                0x00000000100001d4       0x14 CMakeFiles/BOARD_TEST.dir/usr/share/pico-sdk/src/rp2_common/pico_standard_link/crt0.S.obj
                0x00000000100001e8                __binary_info_header_end = .
 *(.reset)
 .reset         0x00000000100001e8       0xa8 CMakeFiles/BOARD_TEST.dir/usr/share/pico-sdk/src/rp2_common/pico_standard_link/crt0.S.obj
                0x00000000100001e8                _entry_point
                0x0000000010000266                __get_current_exception
 .reset         0x0000000010000290       0x30 CMakeFiles/BOARD_TEST.dir/usr/share/pico-sdk/src/rp2_common/pico_standard_link/binary_info.c.obj
 *(.init)
 .init          0x00000000100002c0        0x4 /usr/lib/gcc/arm-none-eabi/12.2.0/thumb/v6-m/nofp/crti.o
                0x00000000100002c0                _init
 *(EXCLUDE_FILE(*libm.a: *libc.a:*lib_a-mem*.o *libgcc.a:) .text*)
 .text.frame_dummy
                0x00000000100002c4       0x20 /usr/lib/gcc/arm-none-eabi/12.2.0/thumb/v6-m/nofp/crtbegin.o
 .text.startup.main
                0x00000000100002e4       0x78 CMakeFiles/BOARD_TEST.dir/src/main.c.obj
                0x00000000100002e4                main
 .text.sr_init  0x000000001000035c       0x90 CMakeFiles/BOARD_TEST.dir/src/74HC595.c.obj
                0x000000001000035c                sr_init
 .text.sr_cascaded_regs_write_bytes
                0x00000000100003ec      0x130 CMakeFiles/BOARD_TEST.dir/src/74HC595.c.obj
                0x00000000100003ec                sr_cascaded_regs_write_bytes
 .text.matrix_print_frame
                0x000000001000051c       0xa4 CMakeFiles/BOARD_TEST.dir/src/board.c.obj
                0x000000001000051c                matrix_print_frame
 .text.board_to_bytes
                0x00000000100005c0      0x1dc CMakeFiles/BOARD_TEST.dir/src/board.c.obj
                0x00000000100005c0                board_to_bytes
 .text.init_rand
                0x000000001000079c       0x80 CMakeFiles/BOARD_TEST.dir/src/utilities.c.obj
                0x000000001000079c                init_rand
 .text.rand_uint16
                0x000000001000081c       0x30 CMakeFiles/BOARD_TEST.dir/src/utilities.c.obj
                0x000000001000081c                rand_uint16
 .text.rand_double
                0x000000001000084c       0x68 CMakeFiles/BOARD_TEST.dir/src/utilities.c.obj
                0x000000001000084c                rand_double
 .text.menu_callback
                0x00000000100008b4       0x54 CMakeFiles/BOARD_TEST.dir/src/menu.c.obj
 .text.input_callback
                0x0000000010000908       0x40 CMakeFiles/BOARD_TEST.dir/src/menu.c.obj
 .text.menu     0x0000000010000948       0xc0 CMakeFiles/BOARD_TEST.dir/src/menu.c.obj
                0x0000000010000948                menu
 .text.go_callback
                0x0000000010000a08       0x4c CMakeFiles/BOARD_TEST.dir/Snake/src/snake.c.obj
 .text.input_callback
                0x0000000010000a54       0x54 CMakeFiles/BOARD_TEST.dir/Snake/src/snake.c.obj
 .text.game_update
                0x0000000010000aa8      0x1f8 CMakeFiles/BOARD_TEST.dir/Snake/src/snake.c.obj
 .text.init_snake_game
                0x0000000010000ca0      0x154 CMakeFiles/BOARD_TEST.dir/Snake/src/snake.c.obj
                0x0000000010000ca0                init_snake_game
 .text.run_snake_game
                0x0000000010000df4       0x94 CMakeFiles/BOARD_TEST.dir/Snake/src/snake.c.obj
                0x0000000010000df4                run_snake_game
 .text.frame_rt_callback
                0x0000000010000e88       0x40 CMakeFiles/BOARD_TEST.dir/Animations/src/animations.c.obj
 .text.input_callback
                0x0000000010000ec8       0x8c CMakeFiles/BOARD_TEST.dir/Animations/src/animations.c.obj
 .text.init_animations
                0x0000000010000f54       0x84 CMakeFiles/BOARD_TEST.dir/Animations/src/animations.c.obj
                0x0000000010000f54                init_animations
 .text.run_animations
                0x0000000010000fd8       0xc4 CMakeFiles/BOARD_TEST.dir/Animations/src/animations.c.obj
                0x0000000010000fd8                run_animations
 .text.update_rt_callback
                0x000000001000109c        0x8 CMakeFiles/BOARD_TEST.dir/Pong/src/pong.c.obj
 .text.go_callback
                0x00000000100010a4        0xc CMakeFiles/BOARD_TEST.dir/Pong/src/pong.c.obj
 .text.input_callback
                0x00000000100010b0       0x18 CMakeFiles/BOARD_TEST.dir/Pong/src/pong.c.obj
 .text.move_paddle
                0x00000000100010c8       0xf8 CMakeFiles/BOARD_TEST.dir/Pong/src/pong.c.obj
                0x00000000100010c8                move_paddle
 .text.is_in_board
                0x00000000100011c0      0x16c CMakeFiles/BOARD_TEST.dir/Pong/src/pong.c.obj
                0x00000000100011c0                is_in_board
 .text.update_game
                0x000000001000132c      0x8c0 CMakeFiles/BOARD_TEST.dir/Pong/src/pong.c.obj
                0x000000001000132c                update_game
 .text.run_pong
                0x0000000010001bec      0x220 CMakeFiles/BOARD_TEST.dir/Pong/src/pong.c.obj
                0x0000000010001bec                run_pong
 .text.gpio_default_irq_handler
                0x0000000010001e0c      0x220 CMakeFiles/BOARD_TEST.dir/usr/share/pico-sdk/src/rp2_common/hardware_gpio/gpio.c.obj
 .text.gpio_set_pulls
                0x000000001000202c       0x24 CMakeFiles/BOARD_TEST.dir/usr/share/pico-sdk/src/rp2_common/hardware_gpio/gpio.c.obj
                0x000000001000202c                gpio_set_pulls
 .text.gpio_set_irq_enabled
                0x0000000010002050       0x54 CMakeFiles/BOARD_TEST.dir/usr/share/pico-sdk/src/rp2_common/hardware_gpio/gpio.c.obj
                0x0000000010002050                gpio_set_irq_enabled
 .text.gpio_set_irq_enabled_with_callback
                0x00000000100020a4       0xc4 CMakeFiles/BOARD_TEST.dir/usr/share/pico-sdk/src/rp2_common/hardware_gpio/gpio.c.obj
                0x00000000100020a4                gpio_set_irq_enabled_with_callback
 .text.gpio_init
                0x0000000010002168       0x3c CMakeFiles/BOARD_TEST.dir/usr/share/pico-sdk/src/rp2_common/hardware_gpio/gpio.c.obj
                0x0000000010002168                gpio_init
 .text.hw_claim_or_assert
                0x00000000100021a4       0x44 CMakeFiles/BOARD_TEST.dir/usr/share/pico-sdk/src/rp2_common/hardware_claim/claim.c.obj
                0x00000000100021a4                hw_claim_or_assert
 .text.running_on_fpga
                0x00000000100021e8       0x10 CMakeFiles/BOARD_TEST.dir/usr/share/pico-sdk/src/rp2_common/pico_platform/platform.c.obj
                0x00000000100021e8                running_on_fpga
 .text.spin_locks_reset
                0x00000000100021f8       0x1c CMakeFiles/BOARD_TEST.dir/usr/share/pico-sdk/src/rp2_common/hardware_sync/sync.c.obj
                0x00000000100021f8                spin_locks_reset
 .text.next_striped_spin_lock_num
                0x0000000010002214       0x18 CMakeFiles/BOARD_TEST.dir/usr/share/pico-sdk/src/rp2_common/hardware_sync/sync.c.obj
                0x0000000010002214                next_striped_spin_lock_num
 .text.irq_set_enabled
                0x000000001000222c       0x24 CMakeFiles/BOARD_TEST.dir/usr/share/pico-sdk/src/rp2_common/hardware_irq/irq.c.obj
                0x000000001000222c                irq_set_enabled
 .text.irq_get_vtable_handler
                0x0000000010002250       0x10 CMakeFiles/BOARD_TEST.dir/usr/share/pico-sdk/src/rp2_common/hardware_irq/irq.c.obj
                0x0000000010002250                irq_get_vtable_handler
 .text.irq_set_exclusive_handler
                0x0000000010002260       0x54 CMakeFiles/BOARD_TEST.dir/usr/share/pico-sdk/src/rp2_common/hardware_irq/irq.c.obj
                0x0000000010002260                irq_set_exclusive_handler
 .text.irq_add_shared_handler
                0x00000000100022b4      0x1e0 CMakeFiles/BOARD_TEST.dir/usr/share/pico-sdk/src/rp2_common/hardware_irq/irq.c.obj
                0x00000000100022b4                irq_add_shared_handler
 .text.irq_remove_handler
                0x0000000010002494      0x1cc CMakeFiles/BOARD_TEST.dir/usr/share/pico-sdk/src/rp2_common/hardware_irq/irq.c.obj
                0x0000000010002494                irq_remove_handler
 .text.irq_add_tail_to_free_list
                0x0000000010002660       0xb4 CMakeFiles/BOARD_TEST.dir/usr/share/pico-sdk/src/rp2_common/hardware_irq/irq.c.obj
                0x0000000010002660                irq_add_tail_to_free_list
 .text.irq_init_priorities
                0x0000000010002714       0x24 CMakeFiles/BOARD_TEST.dir/usr/share/pico-sdk/src/rp2_common/hardware_irq/irq.c.obj
                0x0000000010002714                irq_init_priorities
 .text.lock_init
                0x0000000010002738       0x10 CMakeFiles/BOARD_TEST.dir/usr/share/pico-sdk/src/common/pico_sync/lock_core.c.obj
                0x0000000010002738                lock_init
 .text.timer_pool_entry_comparator
                0x0000000010002748       0x34 CMakeFiles/BOARD_TEST.dir/usr/share/pico-sdk/src/common/pico_time/time.c.obj
                0x0000000010002748                timer_pool_entry_comparator
 .text.repeating_timer_callback
                0x000000001000277c       0x1c CMakeFiles/BOARD_TEST.dir/usr/share/pico-sdk/src/common/pico_time/time.c.obj
 .text.sleep_until_callback
                0x0000000010002798       0x30 CMakeFiles/BOARD_TEST.dir/usr/share/pico-sdk/src/common/pico_time/time.c.obj
 .text.add_alarm_under_lock.isra.0
                0x00000000100027c8       0xf8 CMakeFiles/BOARD_TEST.dir/usr/share/pico-sdk/src/common/pico_time/time.c.obj
 .text.alarm_pool_alarm_callback
                0x00000000100028c0      0x1c4 CMakeFiles/BOARD_TEST.dir/usr/share/pico-sdk/src/common/pico_time/time.c.obj
 .text.alarm_pool_add_alarm_at.constprop.0
                0x0000000010002a84      0x114 CMakeFiles/BOARD_TEST.dir/usr/share/pico-sdk/src/common/pico_time/time.c.obj
 .text.alarm_pool_init_default
                0x0000000010002b98       0x64 CMakeFiles/BOARD_TEST.dir/usr/share/pico-sdk/src/common/pico_time/time.c.obj
                0x0000000010002b98                alarm_pool_init_default
 .text.alarm_pool_get_default
                0x0000000010002bfc        0x8 CMakeFiles/BOARD_TEST.dir/usr/share/pico-sdk/src/common/pico_time/time.c.obj
                0x0000000010002bfc                alarm_pool_get_default
 .text.alarm_pool_add_repeating_timer_us
                0x0000000010002c04      0x238 CMakeFiles/BOARD_TEST.dir/usr/share/pico-sdk/src/common/pico_time/time.c.obj
                0x0000000010002c04                alarm_pool_add_repeating_timer_us
 .text.cancel_repeating_timer
                0x0000000010002e3c       0x84 CMakeFiles/BOARD_TEST.dir/usr/share/pico-sdk/src/common/pico_time/time.c.obj
                0x0000000010002e3c                cancel_repeating_timer
 .text.sleep_until
                0x0000000010002ec0       0xac CMakeFiles/BOARD_TEST.dir/usr/share/pico-sdk/src/common/pico_time/time.c.obj
                0x0000000010002ec0                sleep_until
 .text.sleep_ms
                0x0000000010002f6c       0x38 CMakeFiles/BOARD_TEST.dir/usr/share/pico-sdk/src/common/pico_time/time.c.obj
                0x0000000010002f6c                sleep_ms
 .text.hardware_alarm_irq_handler
                0x0000000010002fa4       0xb8 CMakeFiles/BOARD_TEST.dir/usr/share/pico-sdk/src/rp2_common/hardware_timer/timer.c.obj
 .text.hardware_alarm_claim
                0x000000001000305c       0x18 CMakeFiles/BOARD_TEST.dir/usr/share/pico-sdk/src/rp2_common/hardware_timer/timer.c.obj
                0x000000001000305c                hardware_alarm_claim
 .text.time_us_64
                0x0000000010003074       0x14 CMakeFiles/BOARD_TEST.dir/usr/share/pico-sdk/src/rp2_common/hardware_timer/timer.c.obj
                0x0000000010003074                time_us_64
 .text.busy_wait_until
                0x0000000010003088       0x20 CMakeFiles/BOARD_TEST.dir/usr/share/pico-sdk/src/rp2_common/hardware_timer/timer.c.obj
                0x0000000010003088                busy_wait_until
 .text.hardware_alarm_set_callback
                0x00000000100030a8       0x8c CMakeFiles/BOARD_TEST.dir/usr/share/pico-sdk/src/rp2_common/hardware_timer/timer.c.obj
                0x00000000100030a8                hardware_alarm_set_callback
 .text.hardware_alarm_set_target
                0x0000000010003134       0xdc CMakeFiles/BOARD_TEST.dir/usr/share/pico-sdk/src/rp2_common/hardware_timer/timer.c.obj
                0x0000000010003134                hardware_alarm_set_target
 .text.hardware_alarm_cancel
                0x0000000010003210       0x3c CMakeFiles/BOARD_TEST.dir/usr/share/pico-sdk/src/rp2_common/hardware_timer/timer.c.obj
                0x0000000010003210                hardware_alarm_cancel
 .text.ph_merge_nodes
                0x000000001000324c       0x58 CMakeFiles/BOARD_TEST.dir/usr/share/pico-sdk/src/common/pico_util/pheap.c.obj
 .text.ph_post_alloc_init
                0x00000000100032a4       0x3c CMakeFiles/BOARD_TEST.dir/usr/share/pico-sdk/src/common/pico_util/pheap.c.obj
                0x00000000100032a4                ph_post_alloc_init
 .text.ph_merge_two_pass
                0x00000000100032e0       0x8c CMakeFiles/BOARD_TEST.dir/usr/share/pico-sdk/src/common/pico_util/pheap.c.obj
                0x00000000100032e0                ph_merge_two_pass
 .text.ph_remove_any_head
                0x000000001000336c      0x12c CMakeFiles/BOARD_TEST.dir/usr/share/pico-sdk/src/common/pico_util/pheap.c.obj
 .text.ph_remove_head
                0x0000000010003498      0x130 CMakeFiles/BOARD_TEST.dir/usr/share/pico-sdk/src/common/pico_util/pheap.c.obj
                0x0000000010003498                ph_remove_head
 .text.ph_remove_and_free_node
                0x00000000100035c8       0x78 CMakeFiles/BOARD_TEST.dir/usr/share/pico-sdk/src/common/pico_util/pheap.c.obj
                0x00000000100035c8                ph_remove_and_free_node
 .text.mutex_init
                0x0000000010003640       0x1c CMakeFiles/BOARD_TEST.dir/usr/share/pico-sdk/src/common/pico_sync/mutex.c.obj
                0x0000000010003640                mutex_init
 .text.recursive_mutex_init
                0x000000001000365c       0x1c CMakeFiles/BOARD_TEST.dir/usr/share/pico-sdk/src/common/pico_sync/mutex.c.obj
                0x000000001000365c                recursive_mutex_init
 .text.runtime_init
                0x0000000010003678       0xec CMakeFiles/BOARD_TEST.dir/usr/share/pico-sdk/src/rp2_common/pico_runtime/runtime.c.obj
                0x0000000010003678                runtime_init
 .text._sbrk    0x0000000010003764       0x34 CMakeFiles/BOARD_TEST.dir/usr/share/pico-sdk/src/rp2_common/pico_runtime/runtime.c.obj
                0x0000000010003764                _sbrk
 .text.exit     0x0000000010003798        0x4 CMakeFiles/BOARD_TEST.dir/usr/share/pico-sdk/src/rp2_common/pico_runtime/runtime.c.obj
                0x0000000010003798                exit
 .text.panic    0x000000001000379c       0x30 CMakeFiles/BOARD_TEST.dir/usr/share/pico-sdk/src/rp2_common/pico_runtime/runtime.c.obj
                0x000000001000379c                panic
 .text.hard_assertion_failure
                0x00000000100037cc        0xc CMakeFiles/BOARD_TEST.dir/usr/share/pico-sdk/src/rp2_common/pico_runtime/runtime.c.obj
                0x00000000100037cc                hard_assertion_failure
 .text.clocks_init
                0x00000000100037d8      0x2b4 CMakeFiles/BOARD_TEST.dir/usr/share/pico-sdk/src/rp2_common/hardware_clocks/clocks.c.obj
                0x00000000100037d8                clocks_init
 .text.pll_init
                0x0000000010003a8c       0xa8 CMakeFiles/BOARD_TEST.dir/usr/share/pico-sdk/src/rp2_common/hardware_pll/pll.c.obj
                0x0000000010003a8c                pll_init
 .text.watchdog_start_tick
                0x0000000010003b34       0x10 CMakeFiles/BOARD_TEST.dir/usr/share/pico-sdk/src/rp2_common/hardware_watchdog/watchdog.c.obj
                0x0000000010003b34                watchdog_start_tick
 .text.xosc_init
                0x0000000010003b44       0x28 CMakeFiles/BOARD_TEST.dir/usr/share/pico-sdk/src/rp2_common/hardware_xosc/xosc.c.obj
                0x0000000010003b44                xosc_init
 .text._out_char
                0x0000000010003b6c       0x10 CMakeFiles/BOARD_TEST.dir/usr/share/pico-sdk/src/rp2_common/pico_printf/printf.c.obj
 .text.weak_raw_vprintf
                0x0000000010003b7c       0x30 CMakeFiles/BOARD_TEST.dir/usr/share/pico-sdk/src/rp2_common/pico_printf/printf.c.obj
                0x0000000010003b7c                weak_raw_vprintf
 .text          0x0000000010003bac       0x10 CMakeFiles/BOARD_TEST.dir/usr/share/pico-sdk/src/rp2_common/pico_bit_ops/bit_ops_aeabi.S.obj
 .text.rom_func_lookup
                0x0000000010003bbc       0x10 CMakeFiles/BOARD_TEST.dir/usr/share/pico-sdk/src/rp2_common/pico_bootrom/bootrom.c.obj
                0x0000000010003bbc                rom_func_lookup
 .text.rom_data_lookup
                0x0000000010003bcc       0x10 CMakeFiles/BOARD_TEST.dir/usr/share/pico-sdk/src/rp2_common/pico_bootrom/bootrom.c.obj
                0x0000000010003bcc                rom_data_lookup
 .text.rom_funcs_lookup
                0x0000000010003bdc       0x44 CMakeFiles/BOARD_TEST.dir/usr/share/pico-sdk/src/rp2_common/pico_bootrom/bootrom.c.obj
                0x0000000010003bdc                rom_funcs_lookup
 .text.__wrap___aeabi_uidiv
                0x0000000010003c20       0x4c CMakeFiles/BOARD_TEST.dir/usr/share/pico-sdk/src/rp2_common/pico_divider/divider.S.obj
                0x0000000010003c20                __wrap___aeabi_uidiv
                0x0000000010003c20                __wrap___aeabi_uidivmod
                0x0000000010003c20                div_u32u32
                0x0000000010003c20                divmod_u32u32
                0x0000000010003c28                divmod_u32u32_unsafe
                0x0000000010003c50                divmod_u32u32_savestate
 .text.__wrap___aeabi_darithmetic
                0x0000000010003c6c       0x80 CMakeFiles/BOARD_TEST.dir/usr/share/pico-sdk/src/rp2_common/pico_double/double_aeabi.S.obj
                0x0000000010003c6c                __wrap___aeabi_drsub
                0x0000000010003c72                __wrap___aeabi_dsub
                0x0000000010003c84                __wrap___aeabi_dadd
                0x0000000010003c96                __wrap___aeabi_ddiv
                0x0000000010003cd2                __wrap___aeabi_dmul
 .text.__wrap___aeabi_cdcmple
                0x0000000010003cec       0x6c CMakeFiles/BOARD_TEST.dir/usr/share/pico-sdk/src/rp2_common/pico_double/double_aeabi.S.obj
                0x0000000010003cec                __wrap___aeabi_cdrcmple
                0x0000000010003cfc                __wrap___aeabi_cdcmple
                0x0000000010003cfc                __wrap___aeabi_cdcmpeq
 .text.__wrap___aeabi_dcmplt
                0x0000000010003d58        0xc CMakeFiles/BOARD_TEST.dir/usr/share/pico-sdk/src/rp2_common/pico_double/double_aeabi.S.obj
                0x0000000010003d58                __wrap___aeabi_dcmplt
 .text.__wrap___aeabi_dcmple
                0x0000000010003d64       0x10 CMakeFiles/BOARD_TEST.dir/usr/share/pico-sdk/src/rp2_common/pico_double/double_aeabi.S.obj
                0x0000000010003d64                __wrap___aeabi_dcmple
 .text.__wrap___aeabi_dcmpge
                0x0000000010003d74       0x10 CMakeFiles/BOARD_TEST.dir/usr/share/pico-sdk/src/rp2_common/pico_double/double_aeabi.S.obj
                0x0000000010003d74                __wrap___aeabi_dcmpge
 .text.__wrap___aeabi_dcmpgt
                0x0000000010003d84        0xa CMakeFiles/BOARD_TEST.dir/usr/share/pico-sdk/src/rp2_common/pico_double/double_aeabi.S.obj
                0x0000000010003d84                __wrap___aeabi_dcmpgt
 *fill*         0x0000000010003d8e        0x2 
 .text.__wrap___aeabi_i2d
                0x0000000010003d90       0x38 CMakeFiles/BOARD_TEST.dir/usr/share/pico-sdk/src/rp2_common/pico_double/double_aeabi.S.obj
                0x0000000010003d90                __wrap___aeabi_ui2d
                0x0000000010003d98                __wrap___aeabi_i2d
 .text.__wrap___aeabi_d2iz
                0x0000000010003dc8       0x48 CMakeFiles/BOARD_TEST.dir/usr/share/pico-sdk/src/rp2_common/pico_double/double_aeabi.S.obj
                0x0000000010003dc8                __wrap___aeabi_d2iz
                0x0000000010003dc8                double2int_z
 .text.__wrap_srqt
                0x0000000010003e10       0x18 CMakeFiles/BOARD_TEST.dir/usr/share/pico-sdk/src/rp2_common/pico_double/double_aeabi.S.obj
                0x0000000010003e10                __wrap_sqrt
 .text.__aeabi_double_init
                0x0000000010003e28       0x98 CMakeFiles/BOARD_TEST.dir/usr/share/pico-sdk/src/rp2_common/pico_double/double_init_rom.c.obj
                0x0000000010003e28                __aeabi_double_init
 .text.__wrap_round
                0x0000000010003ec0       0x9c CMakeFiles/BOARD_TEST.dir/usr/share/pico-sdk/src/rp2_common/pico_double/double_math.c.obj
                0x0000000010003ec0                __wrap_round
 .text.double_table_shim_on_use_helper
                0x0000000010003f5c       0x2c CMakeFiles/BOARD_TEST.dir/usr/share/pico-sdk/src/rp2_common/pico_double/double_v1_rom_shim.S.obj
                0x0000000010003f5c                double_table_shim_on_use_helper
 .text.__wrap___aeabi_dsub
                0x0000000010003f88       0x10 CMakeFiles/BOARD_TEST.dir/usr/share/pico-sdk/src/rp2_common/pico_double/double_v1_rom_shim.S.obj
                0x0000000010003f88                drsub_shim
                0x0000000010003f8e                dsub_shim
 .text.dadd_shim
                0x0000000010003f98      0x15c CMakeFiles/BOARD_TEST.dir/usr/share/pico-sdk/src/rp2_common/pico_double/double_v1_rom_shim.S.obj
                0x0000000010003f98                dadd_shim
 .text.dmul_shim
                0x00000000100040f4      0x15c CMakeFiles/BOARD_TEST.dir/usr/share/pico-sdk/src/rp2_common/pico_double/double_v1_rom_shim.S.obj
                0x00000000100040f4                dmul_shim
 .text.ddiv_shim
                0x0000000010004250      0x1b0 CMakeFiles/BOARD_TEST.dir/usr/share/pico-sdk/src/rp2_common/pico_double/double_v1_rom_shim.S.obj
                0x0000000010004250                ddiv_shim
 .text.dsqrt_shim
                0x0000000010004400      0x1a8 CMakeFiles/BOARD_TEST.dir/usr/share/pico-sdk/src/rp2_common/pico_double/double_v1_rom_shim.S.obj
                0x000000001000441c                dsqrt_shim
 .text.__aeabi_lmul
                0x00000000100045a8       0x32 CMakeFiles/BOARD_TEST.dir/usr/share/pico-sdk/src/rp2_common/pico_int64_ops/pico_int64_ops_aeabi.S.obj
                0x00000000100045a8                __wrap___aeabi_lmul
 *fill*         0x00000000100045da        0x2 
 .text.__aeabi_float_init
                0x00000000100045dc       0x64 CMakeFiles/BOARD_TEST.dir/usr/share/pico-sdk/src/rp2_common/pico_float/float_init_rom.c.obj
                0x00000000100045dc                __aeabi_float_init
 .text.float_table_shim_on_use_helper
                0x0000000010004640       0x2c CMakeFiles/BOARD_TEST.dir/usr/share/pico-sdk/src/rp2_common/pico_float/float_v1_rom_shim.S.obj
                0x0000000010004640                float_table_shim_on_use_helper
 .text.__wrap_malloc
                0x000000001000466c       0x24 CMakeFiles/BOARD_TEST.dir/usr/share/pico-sdk/src/rp2_common/pico_malloc/pico_malloc.c.obj
                0x000000001000466c                __wrap_malloc
 .text.__wrap_free
                0x0000000010004690        0x8 CMakeFiles/BOARD_TEST.dir/usr/share/pico-sdk/src/rp2_common/pico_malloc/pico_malloc.c.obj
                0x0000000010004690                __wrap_free
 .text          0x0000000010004698       0x10 CMakeFiles/BOARD_TEST.dir/usr/share/pico-sdk/src/rp2_common/pico_mem_ops/mem_ops_aeabi.S.obj
                0x0000000010004698                __aeabi_mem_init
 .text.memcpy   0x00000000100046a8        0xc CMakeFiles/BOARD_TEST.dir/usr/share/pico-sdk/src/rp2_common/pico_mem_ops/mem_ops_aeabi.S.obj
                0x00000000100046a8                __wrap___aeabi_memcpy
                0x00000000100046a8                __wrap_memcpy
 .text.stdio_out_chars_crlf
                0x00000000100046b4       0x94 CMakeFiles/BOARD_TEST.dir/usr/share/pico-sdk/src/rp2_common/pico_stdio/stdio.c.obj
 .text.__wrap_putchar
                0x0000000010004748       0xa4 CMakeFiles/BOARD_TEST.dir/usr/share/pico-sdk/src/rp2_common/pico_stdio/stdio.c.obj
                0x0000000010004748                __wrap_putchar
 .text.__wrap_puts
                0x00000000100047ec       0xe8 CMakeFiles/BOARD_TEST.dir/usr/share/pico-sdk/src/rp2_common/pico_stdio/stdio.c.obj
                0x00000000100047ec                __wrap_puts
 .text.atexit   0x00000000100048d4       0x10 /usr/lib/gcc/arm-none-eabi/12.2.0/../../../../arm-none-eabi/lib/thumb/v6-m/nofp/libc.a(lib_a-atexit.o)
                0x00000000100048d4                atexit
 .text.__libc_fini_array
                0x00000000100048e4       0x28 /usr/lib/gcc/arm-none-eabi/12.2.0/../../../../arm-none-eabi/lib/thumb/v6-m/nofp/libc.a(lib_a-fini.o)
                0x00000000100048e4                __libc_fini_array
 .text.malloc   0x000000001000490c       0x14 /usr/lib/gcc/arm-none-eabi/12.2.0/../../../../arm-none-eabi/lib/thumb/v6-m/nofp/libc.a(lib_a-malloc.o)
                0x000000001000490c                malloc
 .text.free     0x0000000010004920       0x14 /usr/lib/gcc/arm-none-eabi/12.2.0/../../../../arm-none-eabi/lib/thumb/v6-m/nofp/libc.a(lib_a-malloc.o)
                0x0000000010004920                free
 .text._malloc_r
                0x0000000010004934      0x574 /usr/lib/gcc/arm-none-eabi/12.2.0/../../../../arm-none-eabi/lib/thumb/v6-m/nofp/libc.a(lib_a-mallocr.o)
                0x0000000010004934                _malloc_r
 .text.__malloc_lock
                0x0000000010004ea8       0x10 /usr/lib/gcc/arm-none-eabi/12.2.0/../../../../arm-none-eabi/lib/thumb/v6-m/nofp/libc.a(lib_a-mlock.o)
                0x0000000010004ea8                __malloc_lock
 .text.__malloc_unlock
                0x0000000010004eb8       0x10 /usr/lib/gcc/arm-none-eabi/12.2.0/../../../../arm-none-eabi/lib/thumb/v6-m/nofp/libc.a(lib_a-mlock.o)
                0x0000000010004eb8                __malloc_unlock
 .text._sbrk_r  0x0000000010004ec8       0x24 /usr/lib/gcc/arm-none-eabi/12.2.0/../../../../arm-none-eabi/lib/thumb/v6-m/nofp/libc.a(lib_a-sbrkr.o)
                0x0000000010004ec8                _sbrk_r
 .text.strlen   0x0000000010004eec       0x5c /usr/lib/gcc/arm-none-eabi/12.2.0/../../../../arm-none-eabi/lib/thumb/v6-m/nofp/libc.a(lib_a-strlen-stub.o)
                0x0000000010004eec                strlen
 .text.__register_exitproc
                0x0000000010004f48       0xac /usr/lib/gcc/arm-none-eabi/12.2.0/../../../../arm-none-eabi/lib/thumb/v6-m/nofp/libc.a(lib_a-__atexit.o)
                0x0000000010004f48                __register_exitproc
 .text.startup.register_fini
                0x0000000010004ff4       0x18 /usr/lib/gcc/arm-none-eabi/12.2.0/../../../../arm-none-eabi/lib/thumb/v6-m/nofp/libc.a(lib_a-__call_atexit.o)
 .text._malloc_trim_r
                0x000000001000500c       0x9c /usr/lib/gcc/arm-none-eabi/12.2.0/../../../../arm-none-eabi/lib/thumb/v6-m/nofp/libc.a(lib_a-freer.o)
                0x000000001000500c                _malloc_trim_r
 .text._free_r  0x00000000100050a8      0x1d4 /usr/lib/gcc/arm-none-eabi/12.2.0/../../../../arm-none-eabi/lib/thumb/v6-m/nofp/libc.a(lib_a-freer.o)
                0x00000000100050a8                _free_r
 .text.__retarget_lock_acquire_recursive
                0x000000001000527c        0x4 /usr/lib/gcc/arm-none-eabi/12.2.0/../../../../arm-none-eabi/lib/thumb/v6-m/nofp/libc.a(lib_a-lock.o)
                0x000000001000527c                __retarget_lock_acquire_recursive
 .text.__retarget_lock_release_recursive
                0x0000000010005280        0x4 /usr/lib/gcc/arm-none-eabi/12.2.0/../../../../arm-none-eabi/lib/thumb/v6-m/nofp/libc.a(lib_a-lock.o)
                0x0000000010005280                __retarget_lock_release_recursive
 *(.fini)
 .fini          0x0000000010005284        0x4 /usr/lib/gcc/arm-none-eabi/12.2.0/thumb/v6-m/nofp/crti.o
                0x0000000010005284                _fini
 .fini.__stub   0x0000000010005288       0x60 linker stubs
 *crtbegin.o(.ctors)
 *crtbegin?.o(.ctors)
 *(EXCLUDE_FILE(*crtend.o *crtend?.o) .ctors)
 *(SORT_BY_NAME(.ctors.*))
 *(.ctors)
 *crtbegin.o(.dtors)
 *crtbegin?.o(.dtors)
 *(EXCLUDE_FILE(*crtend.o *crtend?.o) .dtors)
 *(SORT_BY_NAME(.dtors.*))
 *(.dtors)
 *(.eh_frame*)
 .eh_frame      0x00000000100052e8        0x0 /usr/lib/gcc/arm-none-eabi/12.2.0/thumb/v6-m/nofp/crtbegin.o
                0x00000000100052e8                . = ALIGN (0x4)

.glue_7         0x00000000100052e8        0x0
 .glue_7        0x00000000100052e8        0x0 linker stubs

.glue_7t        0x00000000100052e8        0x0
 .glue_7t       0x00000000100052e8        0x0 linker stubs

.vfp11_veneer   0x00000000100052e8        0x0
 .vfp11_veneer  0x00000000100052e8        0x0 linker stubs

.v4_bx          0x00000000100052e8        0x0
 .v4_bx         0x00000000100052e8        0x0 linker stubs

.iplt           0x00000000100052e8        0x0
 .iplt          0x00000000100052e8        0x0 /usr/lib/gcc/arm-none-eabi/12.2.0/thumb/v6-m/nofp/crtbegin.o

.rodata         0x00000000100052e8      0x638
 *(EXCLUDE_FILE(*libm.a: *libc.a:*lib_a-mem*.o *libgcc.a:) .rodata*)
 .rodata        0x00000000100052e8        0xe CMakeFiles/BOARD_TEST.dir/src/main.c.obj
 *fill*         0x00000000100052f6        0x2 
 .rodata.menu_pong_select
                0x00000000100052f8       0x20 CMakeFiles/BOARD_TEST.dir/src/board.c.obj
                0x00000000100052f8                menu_pong_select
 .rodata.menu_snake_select
                0x0000000010005318       0x20 CMakeFiles/BOARD_TEST.dir/src/board.c.obj
                0x0000000010005318                menu_snake_select
 .rodata.menu_anim_select
                0x0000000010005338       0x20 CMakeFiles/BOARD_TEST.dir/src/board.c.obj
                0x0000000010005338                menu_anim_select
 .rodata.g_main_menu_bytes
                0x0000000010005358       0x20 CMakeFiles/BOARD_TEST.dir/src/board.c.obj
                0x0000000010005358                g_main_menu_bytes
 .rodata.g_empty_board_bytes
                0x0000000010005378       0x20 CMakeFiles/BOARD_TEST.dir/src/board.c.obj
                0x0000000010005378                g_empty_board_bytes
 .rodata.g_game_over_bytes
                0x0000000010005398       0x20 CMakeFiles/BOARD_TEST.dir/src/board.c.obj
                0x0000000010005398                g_game_over_bytes
 .rodata.animations
                0x00000000100053b8        0xc CMakeFiles/BOARD_TEST.dir/Animations/src/animations.c.obj
                0x00000000100053b8                animations
 .rodata.diamond
                0x00000000100053c4        0x8 CMakeFiles/BOARD_TEST.dir/Animations/src/animations.c.obj
                0x00000000100053c4                diamond
 .rodata.diamond_frames
                0x00000000100053cc      0x400 CMakeFiles/BOARD_TEST.dir/Animations/src/animations.c.obj
                0x00000000100053cc                diamond_frames
 .rodata.checkerboard
                0x00000000100057cc        0x8 CMakeFiles/BOARD_TEST.dir/Animations/src/animations.c.obj
                0x00000000100057cc                checkerboard
 .rodata.checkerboard_frames
                0x00000000100057d4       0x40 CMakeFiles/BOARD_TEST.dir/Animations/src/animations.c.obj
                0x00000000100057d4                checkerboard_frames
 .rodata.all_on
                0x0000000010005814        0x8 CMakeFiles/BOARD_TEST.dir/Animations/src/animations.c.obj
                0x0000000010005814                all_on
 .rodata.all_on_frames
                0x000000001000581c       0x20 CMakeFiles/BOARD_TEST.dir/Animations/src/animations.c.obj
                0x000000001000581c                all_on_frames
 .rodata.update_game
                0x000000001000583c       0x24 CMakeFiles/BOARD_TEST.dir/Pong/src/pong.c.obj
 .rodata.hardware_alarm_claim.str1.4
                0x0000000010005860       0x22 CMakeFiles/BOARD_TEST.dir/usr/share/pico-sdk/src/rp2_common/hardware_timer/timer.c.obj
 *fill*         0x0000000010005882        0x2 
 .rodata.panic.str1.4
                0x0000000010005884       0x12 CMakeFiles/BOARD_TEST.dir/usr/share/pico-sdk/src/rp2_common/pico_runtime/runtime.c.obj
 *fill*         0x0000000010005896        0x2 
 .rodata.hard_assertion_failure.str1.4
                0x0000000010005898        0xc CMakeFiles/BOARD_TEST.dir/usr/share/pico-sdk/src/rp2_common/pico_runtime/runtime.c.obj
 .rodata.__wrap_malloc.str1.4
                0x00000000100058a4        0xe CMakeFiles/BOARD_TEST.dir/usr/share/pico-sdk/src/rp2_common/pico_malloc/pico_malloc.c.obj
 *fill*         0x00000000100058b2        0x2 
 .rodata.str1.4
                0x00000000100058b4       0x40 CMakeFiles/BOARD_TEST.dir/usr/share/pico-sdk/src/rp2_common/pico_standard_link/binary_info.c.obj
 .rodata.__bi_81
                0x00000000100058f4        0xc CMakeFiles/BOARD_TEST.dir/usr/share/pico-sdk/src/rp2_common/pico_standard_link/binary_info.c.obj
 .rodata.__bi_75
                0x0000000010005900        0xc CMakeFiles/BOARD_TEST.dir/usr/share/pico-sdk/src/rp2_common/pico_standard_link/binary_info.c.obj
 .rodata.__bi_44
                0x000000001000590c        0xc CMakeFiles/BOARD_TEST.dir/usr/share/pico-sdk/src/rp2_common/pico_standard_link/binary_info.c.obj
 .rodata.crlf_str.0
                0x0000000010005918        0x2 CMakeFiles/BOARD_TEST.dir/usr/share/pico-sdk/src/rp2_common/pico_stdio/stdio.c.obj
 *fill*         0x000000001000591a        0x2 
 .rodata._global_impure_ptr
                0x000000001000591c        0x4 /usr/lib/gcc/arm-none-eabi/12.2.0/../../../../arm-none-eabi/lib/thumb/v6-m/nofp/libc.a(lib_a-impure.o)
                0x000000001000591c                _global_impure_ptr
                0x0000000010005920                . = ALIGN (0x4)
 *(SORT_BY_ALIGNMENT(SORT_BY_NAME(.flashdata*)))
                0x0000000010005920                . = ALIGN (0x4)

.rel.dyn        0x0000000010005920        0x0
 .rel.iplt      0x0000000010005920        0x0 /usr/lib/gcc/arm-none-eabi/12.2.0/thumb/v6-m/nofp/crtbegin.o

.ARM.extab
 *(.ARM.extab* .gnu.linkonce.armextab.*)
                0x0000000010005920                __exidx_start = .

.ARM.exidx
 *(.ARM.exidx* .gnu.linkonce.armexidx.*)
                0x0000000010005920                __exidx_end = .
                0x0000000010005920                . = ALIGN (0x4)
                0x0000000010005920                __binary_info_start = .

.binary_info    0x0000000010005920       0x1c
 *(.binary_info.keep.*)
 .binary_info.keep.__bi_ptr81
                0x0000000010005920        0x4 CMakeFiles/BOARD_TEST.dir/usr/share/pico-sdk/src/rp2_common/pico_standard_link/binary_info.c.obj
 .binary_info.keep.__bi_ptr75
                0x0000000010005924        0x4 CMakeFiles/BOARD_TEST.dir/usr/share/pico-sdk/src/rp2_common/pico_standard_link/binary_info.c.obj
 .binary_info.keep.__bi_ptr50
                0x0000000010005928        0x4 CMakeFiles/BOARD_TEST.dir/usr/share/pico-sdk/src/rp2_common/pico_standard_link/binary_info.c.obj
 .binary_info.keep.__bi_ptr44
                0x000000001000592c        0x4 CMakeFiles/BOARD_TEST.dir/usr/share/pico-sdk/src/rp2_common/pico_standard_link/binary_info.c.obj
 .binary_info.keep.__bi_ptr38
                0x0000000010005930        0x4 CMakeFiles/BOARD_TEST.dir/usr/share/pico-sdk/src/rp2_common/pico_standard_link/binary_info.c.obj
 .binary_info.keep.__bi_ptr30
                0x0000000010005934        0x4 CMakeFiles/BOARD_TEST.dir/usr/share/pico-sdk/src/rp2_common/pico_standard_link/binary_info.c.obj
 .binary_info.keep.__bi_ptr22
                0x0000000010005938        0x4 CMakeFiles/BOARD_TEST.dir/usr/share/pico-sdk/src/rp2_common/pico_standard_link/binary_info.c.obj
 *(.binary_info.*)
                0x000000001000593c                __binary_info_end = .
                0x000000001000593c                . = ALIGN (0x4)
                0x000000001000593c                __etext = .

.ram_vector_table
                0x0000000020000000       0xc0
 *(.ram_vector_table)
 .ram_vector_table
                0x0000000020000000       0xc0 CMakeFiles/BOARD_TEST.dir/usr/share/pico-sdk/src/rp2_common/pico_runtime/runtime.c.obj
                0x0000000020000000                ram_vector_table

.data           0x00000000200000c0      0xb14 load address 0x000000001000593c
                0x00000000200000c0                __data_start__ = .
 *(vtable)
 *(.time_critical*)
 .time_critical.mutex_enter_blocking
                0x00000000200000c0       0x48 CMakeFiles/BOARD_TEST.dir/usr/share/pico-sdk/src/common/pico_sync/mutex.c.obj
                0x00000000200000c0                mutex_enter_blocking
 .time_critical.mutex_try_enter
                0x0000000020000108       0x40 CMakeFiles/BOARD_TEST.dir/usr/share/pico-sdk/src/common/pico_sync/mutex.c.obj
                0x0000000020000108                mutex_try_enter
 .time_critical.mutex_exit
                0x0000000020000148       0x28 CMakeFiles/BOARD_TEST.dir/usr/share/pico-sdk/src/common/pico_sync/mutex.c.obj
                0x0000000020000148                mutex_exit
 .time_critical.flash_init_boot2_copyout
                0x0000000020000170       0x30 CMakeFiles/BOARD_TEST.dir/usr/share/pico-sdk/src/rp2_common/hardware_flash/flash.c.obj
 .time_critical.flash_enable_xip_via_boot2
                0x00000000200001a0        0xc CMakeFiles/BOARD_TEST.dir/usr/share/pico-sdk/src/rp2_common/hardware_flash/flash.c.obj
 .time_critical.flash_range_erase
                0x00000000200001ac       0x80 CMakeFiles/BOARD_TEST.dir/usr/share/pico-sdk/src/rp2_common/hardware_flash/flash.c.obj
                0x00000000200001ac                flash_range_erase
 .time_critical.flash_range_program
                0x000000002000022c       0x80 CMakeFiles/BOARD_TEST.dir/usr/share/pico-sdk/src/rp2_common/hardware_flash/flash.c.obj
                0x000000002000022c                flash_range_program
 *(.text*)
 .text          0x00000000200002ac        0x4 /usr/lib/gcc/arm-none-eabi/12.2.0/thumb/v6-m/nofp/libgcc.a(_dvmd_tls.o)
                0x00000000200002ac                __aeabi_ldiv0
                0x00000000200002ac                __aeabi_idiv0
 .text.__stub   0x00000000200002b0       0x10 linker stubs
                0x00000000200002c0                . = ALIGN (0x4)
 *(.rodata*)
                0x00000000200002c0                . = ALIGN (0x4)
 *(.data*)
 .data.menu_choices
                0x00000000200002c0        0xc CMakeFiles/BOARD_TEST.dir/src/board.c.obj
                0x00000000200002c0                menu_choices
 .data.Normal   0x00000000200002cc        0x4 CMakeFiles/BOARD_TEST.dir/Pong/src/pong.c.obj
                0x00000000200002cc                Normal
 .data.striped_spin_lock_num
                0x00000000200002d0        0x1 CMakeFiles/BOARD_TEST.dir/usr/share/pico-sdk/src/rp2_common/hardware_sync/sync.c.obj
 *fill*         0x00000000200002d1        0x3 
 .data          0x00000000200002d4       0x48 CMakeFiles/BOARD_TEST.dir/usr/share/pico-sdk/src/rp2_common/hardware_irq/irq_handler_chain.S.obj
                0x00000000200002d4                irq_handler_chain_slots
                0x0000000020000304                irq_handler_chain_first_slot
                0x000000002000030e                irq_handler_chain_remove_tail
 .data.default_alarm_pool
                0x000000002000031c       0x18 CMakeFiles/BOARD_TEST.dir/usr/share/pico-sdk/src/common/pico_time/time.c.obj
 .data.default_alarm_pool_heap
                0x0000000020000334       0x10 CMakeFiles/BOARD_TEST.dir/usr/share/pico-sdk/src/common/pico_time/time.c.obj
 *fill*         0x0000000020000344        0xc 
 .data.aeabi_bits_funcs
                0x0000000020000350       0x10 CMakeFiles/BOARD_TEST.dir/usr/share/pico-sdk/src/rp2_common/pico_bit_ops/bit_ops_aeabi.S.obj
                0x0000000020000350                aeabi_bits_funcs
                0x0000000020000360                aeabi_bits_funcs_end
 .data.aeabi_mem_funcs
                0x0000000020000360       0x10 CMakeFiles/BOARD_TEST.dir/usr/share/pico-sdk/src/rp2_common/pico_mem_ops/mem_ops_aeabi.S.obj
                0x0000000020000360                aeabi_mem_funcs
                0x0000000020000370                aeabi_mem_funcs_end
 .data._impure_ptr
                0x0000000020000370        0x4 /usr/lib/gcc/arm-none-eabi/12.2.0/../../../../arm-none-eabi/lib/thumb/v6-m/nofp/libc.a(lib_a-impure.o)
                0x0000000020000370                _impure_ptr
 *fill*         0x0000000020000374        0x4 
 .data.impure_data
                0x0000000020000378      0x428 /usr/lib/gcc/arm-none-eabi/12.2.0/../../../../arm-none-eabi/lib/thumb/v6-m/nofp/libc.a(lib_a-impure.o)
 .data.__malloc_av_
                0x00000000200007a0      0x408 /usr/lib/gcc/arm-none-eabi/12.2.0/../../../../arm-none-eabi/lib/thumb/v6-m/nofp/libc.a(lib_a-mallocr.o)
                0x00000000200007a0                __malloc_av_
 .data.__malloc_sbrk_base
                0x0000000020000ba8        0x4 /usr/lib/gcc/arm-none-eabi/12.2.0/../../../../arm-none-eabi/lib/thumb/v6-m/nofp/libc.a(lib_a-mallocr.o)
                0x0000000020000ba8                __malloc_sbrk_base
 .data.__malloc_trim_threshold
                0x0000000020000bac        0x4 /usr/lib/gcc/arm-none-eabi/12.2.0/../../../../arm-none-eabi/lib/thumb/v6-m/nofp/libc.a(lib_a-mallocr.o)
                0x0000000020000bac                __malloc_trim_threshold
 .data.__atexit_recursive_mutex
                0x0000000020000bb0        0x4 /usr/lib/gcc/arm-none-eabi/12.2.0/../../../../arm-none-eabi/lib/thumb/v6-m/nofp/libc.a(lib_a-__call_atexit.o)
                0x0000000020000bb0                __atexit_recursive_mutex
                0x0000000020000bb4                . = ALIGN (0x4)
 *(.after_data.*)
                0x0000000020000bb4                . = ALIGN (0x4)
                0x0000000020000bb4                PROVIDE (__mutex_array_start = .)
 *(SORT_BY_NAME(.mutex_array.*))
 *(.mutex_array)
 .mutex_array   0x0000000020000bb4        0x8 CMakeFiles/BOARD_TEST.dir/usr/share/pico-sdk/src/rp2_common/pico_stdio/stdio.c.obj
                0x0000000020000bbc                PROVIDE (__mutex_array_end = .)
                0x0000000020000bbc                . = ALIGN (0x4)
                0x0000000020000bbc                PROVIDE (__preinit_array_start = .)
 *(SORT_BY_NAME(.preinit_array.*))
 .preinit_array.00001
                0x0000000020000bbc        0x4 CMakeFiles/BOARD_TEST.dir/usr/share/pico-sdk/src/rp2_common/pico_mem_ops/mem_ops_aeabi.S.obj
 .preinit_array.00010
                0x0000000020000bc0        0x4 CMakeFiles/BOARD_TEST.dir/usr/share/pico-sdk/src/rp2_common/pico_bit_ops/bit_ops_aeabi.S.obj
 .preinit_array.00020
                0x0000000020000bc4        0x4 CMakeFiles/BOARD_TEST.dir/usr/share/pico-sdk/src/rp2_common/pico_double/double_aeabi.S.obj
 .preinit_array.00020
                0x0000000020000bc8        0x4 CMakeFiles/BOARD_TEST.dir/usr/share/pico-sdk/src/rp2_common/pico_float/float_aeabi.S.obj
 *(.preinit_array)
                0x0000000020000bcc                PROVIDE (__preinit_array_end = .)
                0x0000000020000bcc                . = ALIGN (0x4)
                0x0000000020000bcc                PROVIDE (__init_array_start = .)
 *(SORT_BY_NAME(.init_array.*))
 .init_array.00000
                0x0000000020000bcc        0x4 /usr/lib/gcc/arm-none-eabi/12.2.0/../../../../arm-none-eabi/lib/thumb/v6-m/nofp/libc.a(lib_a-__call_atexit.o)
 *(.init_array)
 .init_array    0x0000000020000bd0        0x4 /usr/lib/gcc/arm-none-eabi/12.2.0/thumb/v6-m/nofp/crtbegin.o
                0x0000000020000bd4                PROVIDE (__init_array_end = .)
                0x0000000020000bd4                . = ALIGN (0x4)
                0x0000000020000bd4                PROVIDE (__fini_array_start = .)
 *(SORT_BY_NAME(.fini_array.*))
 *(.fini_array)
                0x0000000020000bd4                PROVIDE (__fini_array_end = .)
 *(.jcr)
                0x0000000020000bd4                . = ALIGN (0x4)
                0x0000000020000bd4                __data_end__ = .

.igot.plt       0x0000000020000bd4        0x0 load address 0x0000000010006450
 .igot.plt      0x0000000020000bd4        0x0 /usr/lib/gcc/arm-none-eabi/12.2.0/thumb/v6-m/nofp/crtbegin.o

.uninitialized_data
                0x0000000020000bd4        0x0 load address 0x0000000010006450
                0x0000000020000bd4                . = ALIGN (0x4)
 *(.uninitialized_data*)

.scratch_x      0x0000000020040000        0x0 load address 0x0000000010006450
                0x0000000020040000                __scratch_x_start__ = .
 *(.scratch_x.*)
                0x0000000020040000                . = ALIGN (0x4)
                0x0000000020040000                __scratch_x_end__ = .
                0x0000000010006450                __scratch_x_source__ = LOADADDR (.scratch_x)

.scratch_y      0x0000000020041000        0x0 load address 0x0000000010006450
                0x0000000020041000                __scratch_y_start__ = .
 *(.scratch_y.*)
                0x0000000020041000                . = ALIGN (0x4)
                0x0000000020041000                __scratch_y_end__ = .
                0x0000000010006450                __scratch_y_source__ = LOADADDR (.scratch_y)

.bss            0x0000000020000bd8      0x76c
                0x0000000020000bd8                . = ALIGN (0x4)
                0x0000000020000bd8                __bss_start__ = .
 *(SORT_BY_ALIGNMENT(SORT_BY_NAME(.bss*)))
 .bss.configured_freq
                0x0000000020000bd8       0x28 CMakeFiles/BOARD_TEST.dir/usr/share/pico-sdk/src/rp2_common/hardware_clocks/clocks.c.obj
 .bss.default_alarm_pool_entries
                0x0000000020000c00      0x100 CMakeFiles/BOARD_TEST.dir/usr/share/pico-sdk/src/common/pico_time/time.c.obj
 .bss.frame_rt  0x0000000020000d00       0x18 CMakeFiles/BOARD_TEST.dir/Animations/src/animations.c.obj
                0x0000000020000d00                frame_rt
 .bss.sd_table  0x0000000020000d18      0x100 CMakeFiles/BOARD_TEST.dir/usr/share/pico-sdk/src/rp2_common/pico_double/double_init_rom.c.obj
                0x0000000020000d18                sd_table
 .bss.sf_table  0x0000000020000e18      0x100 CMakeFiles/BOARD_TEST.dir/usr/share/pico-sdk/src/rp2_common/pico_float/float_init_rom.c.obj
                0x0000000020000e18                sf_table
 .bss.__lock___atexit_recursive_mutex
                0x0000000020000f18        0x1 /usr/lib/gcc/arm-none-eabi/12.2.0/../../../../arm-none-eabi/lib/thumb/v6-m/nofp/libc.a(lib_a-lock.o)
                0x0000000020000f18                __lock___atexit_recursive_mutex
 *fill*         0x0000000020000f19        0x3 
 .bss.__lock___malloc_recursive_mutex
                0x0000000020000f1c        0x1 /usr/lib/gcc/arm-none-eabi/12.2.0/../../../../arm-none-eabi/lib/thumb/v6-m/nofp/libc.a(lib_a-lock.o)
                0x0000000020000f1c                __lock___malloc_recursive_mutex
 *fill*         0x0000000020000f1d        0x3 
 .bss.__malloc_current_mallinfo
                0x0000000020000f20       0x28 /usr/lib/gcc/arm-none-eabi/12.2.0/../../../../arm-none-eabi/lib/thumb/v6-m/nofp/libc.a(lib_a-mallocr.o)
                0x0000000020000f20                __malloc_current_mallinfo
 .bss.__malloc_max_sbrked_mem
                0x0000000020000f48        0x4 /usr/lib/gcc/arm-none-eabi/12.2.0/../../../../arm-none-eabi/lib/thumb/v6-m/nofp/libc.a(lib_a-mallocr.o)
                0x0000000020000f48                __malloc_max_sbrked_mem
 .bss.__malloc_max_total_mem
                0x0000000020000f4c        0x4 /usr/lib/gcc/arm-none-eabi/12.2.0/../../../../arm-none-eabi/lib/thumb/v6-m/nofp/libc.a(lib_a-mallocr.o)
                0x0000000020000f4c                __malloc_max_total_mem
 .bss.__malloc_top_pad
                0x0000000020000f50        0x4 /usr/lib/gcc/arm-none-eabi/12.2.0/../../../../arm-none-eabi/lib/thumb/v6-m/nofp/libc.a(lib_a-mallocr.o)
                0x0000000020000f50                __malloc_top_pad
 .bss.alarm_callbacks
                0x0000000020000f54       0x10 CMakeFiles/BOARD_TEST.dir/usr/share/pico-sdk/src/rp2_common/hardware_timer/timer.c.obj
 .bss.aux_ptr.0
                0x0000000020000f64        0x4 CMakeFiles/BOARD_TEST.dir/Snake/src/snake.c.obj
 .bss.boot2_copyout
                0x0000000020000f68      0x100 CMakeFiles/BOARD_TEST.dir/usr/share/pico-sdk/src/rp2_common/hardware_flash/flash.c.obj
 .bss.callbacks
                0x0000000020001068        0x8 CMakeFiles/BOARD_TEST.dir/usr/share/pico-sdk/src/rp2_common/hardware_gpio/gpio.c.obj
 .bss.curr_frame
                0x0000000020001070        0x4 CMakeFiles/BOARD_TEST.dir/Animations/src/animations.c.obj
                0x0000000020001070                curr_frame
 .bss.default_alarm_pool_entry_ids_high
                0x0000000020001074       0x10 CMakeFiles/BOARD_TEST.dir/usr/share/pico-sdk/src/common/pico_time/time.c.obj
 .bss.default_alarm_pool_heap_nodes
                0x0000000020001084       0x30 CMakeFiles/BOARD_TEST.dir/usr/share/pico-sdk/src/common/pico_time/time.c.obj
 .bss.drivers   0x00000000200010b4        0x4 CMakeFiles/BOARD_TEST.dir/usr/share/pico-sdk/src/rp2_common/pico_stdio/stdio.c.obj
 .bss.errno     0x00000000200010b8        0x4 /usr/lib/gcc/arm-none-eabi/12.2.0/../../../../arm-none-eabi/lib/thumb/v6-m/nofp/libc.a(lib_a-reent.o)
                0x00000000200010b8                errno
 .bss.filter    0x00000000200010bc        0x4 CMakeFiles/BOARD_TEST.dir/usr/share/pico-sdk/src/rp2_common/pico_stdio/stdio.c.obj
 .bss.game_board
                0x00000000200010c0      0x10c CMakeFiles/BOARD_TEST.dir/Snake/src/snake.c.obj
                0x00000000200010c0                game_board
 .bss.gp_col_regs
                0x00000000200011cc        0x4 CMakeFiles/BOARD_TEST.dir/src/board.c.obj
                0x00000000200011cc                gp_col_regs
 .bss.gp_row_regs
                0x00000000200011d0        0x4 CMakeFiles/BOARD_TEST.dir/src/board.c.obj
                0x00000000200011d0                gp_row_regs
 .bss.heap_end.0
                0x00000000200011d4        0x4 CMakeFiles/BOARD_TEST.dir/usr/share/pico-sdk/src/rp2_common/pico_runtime/runtime.c.obj
 .bss.lazy_vsnprintf
                0x00000000200011d8        0x4 CMakeFiles/BOARD_TEST.dir/usr/share/pico-sdk/src/rp2_common/pico_printf/printf.c.obj
 .bss.object.0  0x00000000200011dc       0x18 /usr/lib/gcc/arm-none-eabi/12.2.0/thumb/v6-m/nofp/crtbegin.o
 .bss.p_pdir    0x00000000200011f4        0x4 CMakeFiles/BOARD_TEST.dir/Pong/src/pong.c.obj
                0x00000000200011f4                p_pdir
 .bss.pools     0x00000000200011f8       0x10 CMakeFiles/BOARD_TEST.dir/usr/share/pico-sdk/src/common/pico_time/time.c.obj
 .bss.raw_irq_mask
                0x0000000020001208        0x8 CMakeFiles/BOARD_TEST.dir/usr/share/pico-sdk/src/rp2_common/hardware_gpio/gpio.c.obj
 .bss.rows.5    0x0000000020001210        0x2 CMakeFiles/BOARD_TEST.dir/src/board.c.obj
 *fill*         0x0000000020001212        0x2 
 .bss.seed      0x0000000020001214        0x4 CMakeFiles/BOARD_TEST.dir/src/utilities.c.obj
                0x0000000020001214                seed
 .bss.seed_flash.0
                0x0000000020001218      0x100 CMakeFiles/BOARD_TEST.dir/src/utilities.c.obj
 .bss.sf_clz_func
                0x0000000020001318        0x4 CMakeFiles/BOARD_TEST.dir/usr/share/pico-sdk/src/rp2_common/pico_double/double_init_rom.c.obj
                0x0000000020001318                sf_clz_func
 .bss.sleep_notifier
                0x000000002000131c        0x4 CMakeFiles/BOARD_TEST.dir/usr/share/pico-sdk/src/common/pico_time/time.c.obj
 .bss.target_hi
                0x0000000020001320       0x10 CMakeFiles/BOARD_TEST.dir/usr/share/pico-sdk/src/rp2_common/hardware_timer/timer.c.obj
 .bss.boot2_copyout_valid
                0x0000000020001330        0x1 CMakeFiles/BOARD_TEST.dir/usr/share/pico-sdk/src/rp2_common/hardware_flash/flash.c.obj
 .bss.changed   0x0000000020001331        0x1 CMakeFiles/BOARD_TEST.dir/src/menu.c.obj
                0x0000000020001331                changed
 .bss.chosen    0x0000000020001332        0x1 CMakeFiles/BOARD_TEST.dir/src/menu.c.obj
                0x0000000020001332                chosen
 .bss.claimed   0x0000000020001333        0x1 CMakeFiles/BOARD_TEST.dir/usr/share/pico-sdk/src/rp2_common/hardware_timer/timer.c.obj
 .bss.cntr      0x0000000020001334        0x1 CMakeFiles/BOARD_TEST.dir/Snake/src/snake.c.obj
                0x0000000020001334                cntr
 .bss.cntr.0    0x0000000020001335        0x1 CMakeFiles/BOARD_TEST.dir/src/menu.c.obj
 .bss.cntr.0    0x0000000020001336        0x1 CMakeFiles/BOARD_TEST.dir/Pong/src/pong.c.obj
 .bss.curr_anim_nr
                0x0000000020001337        0x1 CMakeFiles/BOARD_TEST.dir/Animations/src/animations.c.obj
                0x0000000020001337                curr_anim_nr
 .bss.curr_choice
                0x0000000020001338        0x1 CMakeFiles/BOARD_TEST.dir/src/menu.c.obj
                0x0000000020001338                curr_choice
 .bss.curr_frame_nr.0
                0x0000000020001339        0x1 CMakeFiles/BOARD_TEST.dir/Animations/src/animations.c.obj
 .bss.ext       0x000000002000133a        0x1 CMakeFiles/BOARD_TEST.dir/Animations/src/animations.c.obj
                0x000000002000133a                ext
 .bss.game_over
                0x000000002000133b        0x1 CMakeFiles/BOARD_TEST.dir/Snake/src/snake.c.obj
                0x000000002000133b                game_over
 .bss.i.1       0x000000002000133c        0x1 CMakeFiles/BOARD_TEST.dir/src/board.c.obj
 .bss.i.4       0x000000002000133d        0x1 CMakeFiles/BOARD_TEST.dir/src/board.c.obj
 .bss.irq_hander_chain_free_slot_head
                0x000000002000133e        0x1 CMakeFiles/BOARD_TEST.dir/usr/share/pico-sdk/src/rp2_common/hardware_irq/irq.c.obj
 .bss.j.0       0x000000002000133f        0x1 CMakeFiles/BOARD_TEST.dir/src/board.c.obj
 .bss.timer_callbacks_pending
                0x0000000020001340        0x1 CMakeFiles/BOARD_TEST.dir/usr/share/pico-sdk/src/rp2_common/hardware_timer/timer.c.obj
 *(COMMON)
                0x0000000020001344                . = ALIGN (0x4)
 *fill*         0x0000000020001341        0x3 
                0x0000000020001344                __bss_end__ = .

.heap           0x0000000020001344      0x800
                0x0000000020001344                __end__ = .
                0x0000000020001344                end = __end__
 *(.heap*)
 .heap          0x0000000020001344      0x800 CMakeFiles/BOARD_TEST.dir/usr/share/pico-sdk/src/rp2_common/pico_standard_link/crt0.S.obj
                0x0000000020001b44                __HeapLimit = .

.stack1_dummy
 *(.stack1*)

.stack_dummy    0x0000000020041000      0x800
 *(.stack*)
 .stack         0x0000000020041000      0x800 CMakeFiles/BOARD_TEST.dir/usr/share/pico-sdk/src/rp2_common/pico_standard_link/crt0.S.obj

.flash_end      0x0000000010006450        0x0
                0x0000000010006450                __flash_binary_end = .
                0x0000000020040000                __StackLimit = (ORIGIN (RAM) + LENGTH (RAM))
                0x0000000020041000                __StackOneTop = (ORIGIN (SCRATCH_X) + LENGTH (SCRATCH_X))
                0x0000000020042000                __StackTop = (ORIGIN (SCRATCH_Y) + LENGTH (SCRATCH_Y))
                0x0000000020041000                __StackOneBottom = (__StackOneTop - SIZEOF (.stack1_dummy))
                0x0000000020041800                __StackBottom = (__StackTop - SIZEOF (.stack_dummy))
                0x0000000020042000                PROVIDE (__stack = __StackTop)
                0x0000000000000001                ASSERT ((__StackLimit >= __HeapLimit), region RAM overflowed)
                0x0000000000000001                ASSERT (((__binary_info_header_end - __logical_binary_start) <= 0x100), Binary info must be in first 256 bytes of the binary)
LOAD CMakeFiles/BOARD_TEST.dir/src/main.c.obj
LOAD CMakeFiles/BOARD_TEST.dir/src/74HC595.c.obj
LOAD CMakeFiles/BOARD_TEST.dir/src/board.c.obj
LOAD CMakeFiles/BOARD_TEST.dir/src/utilities.c.obj
LOAD CMakeFiles/BOARD_TEST.dir/src/menu.c.obj
LOAD CMakeFiles/BOARD_TEST.dir/Snake/src/snake.c.obj
LOAD CMakeFiles/BOARD_TEST.dir/Animations/src/animations.c.obj
LOAD CMakeFiles/BOARD_TEST.dir/Pong/src/pong.c.obj
LOAD CMakeFiles/BOARD_TEST.dir/usr/share/pico-sdk/src/rp2_common/pico_stdlib/stdlib.c.obj
LOAD CMakeFiles/BOARD_TEST.dir/usr/share/pico-sdk/src/rp2_common/hardware_gpio/gpio.c.obj
LOAD CMakeFiles/BOARD_TEST.dir/usr/share/pico-sdk/src/rp2_common/hardware_claim/claim.c.obj
LOAD CMakeFiles/BOARD_TEST.dir/usr/share/pico-sdk/src/rp2_common/pico_platform/platform.c.obj
LOAD CMakeFiles/BOARD_TEST.dir/usr/share/pico-sdk/src/rp2_common/hardware_sync/sync.c.obj
LOAD CMakeFiles/BOARD_TEST.dir/usr/share/pico-sdk/src/rp2_common/hardware_irq/irq.c.obj
LOAD CMakeFiles/BOARD_TEST.dir/usr/share/pico-sdk/src/rp2_common/hardware_irq/irq_handler_chain.S.obj
LOAD CMakeFiles/BOARD_TEST.dir/usr/share/pico-sdk/src/common/pico_sync/sem.c.obj
LOAD CMakeFiles/BOARD_TEST.dir/usr/share/pico-sdk/src/common/pico_sync/lock_core.c.obj
LOAD CMakeFiles/BOARD_TEST.dir/usr/share/pico-sdk/src/common/pico_time/time.c.obj
LOAD CMakeFiles/BOARD_TEST.dir/usr/share/pico-sdk/src/common/pico_time/timeout_helper.c.obj
LOAD CMakeFiles/BOARD_TEST.dir/usr/share/pico-sdk/src/rp2_common/hardware_timer/timer.c.obj
LOAD CMakeFiles/BOARD_TEST.dir/usr/share/pico-sdk/src/common/pico_util/datetime.c.obj
LOAD CMakeFiles/BOARD_TEST.dir/usr/share/pico-sdk/src/common/pico_util/pheap.c.obj
LOAD CMakeFiles/BOARD_TEST.dir/usr/share/pico-sdk/src/common/pico_util/queue.c.obj
LOAD CMakeFiles/BOARD_TEST.dir/usr/share/pico-sdk/src/common/pico_sync/mutex.c.obj
LOAD CMakeFiles/BOARD_TEST.dir/usr/share/pico-sdk/src/common/pico_sync/critical_section.c.obj
LOAD CMakeFiles/BOARD_TEST.dir/usr/share/pico-sdk/src/rp2_common/hardware_uart/uart.c.obj
LOAD CMakeFiles/BOARD_TEST.dir/usr/share/pico-sdk/src/rp2_common/hardware_divider/divider.S.obj
LOAD CMakeFiles/BOARD_TEST.dir/usr/share/pico-sdk/src/rp2_common/pico_runtime/runtime.c.obj
LOAD CMakeFiles/BOARD_TEST.dir/usr/share/pico-sdk/src/rp2_common/hardware_clocks/clocks.c.obj
LOAD CMakeFiles/BOARD_TEST.dir/usr/share/pico-sdk/src/rp2_common/hardware_pll/pll.c.obj
LOAD CMakeFiles/BOARD_TEST.dir/usr/share/pico-sdk/src/rp2_common/hardware_vreg/vreg.c.obj
LOAD CMakeFiles/BOARD_TEST.dir/usr/share/pico-sdk/src/rp2_common/hardware_watchdog/watchdog.c.obj
LOAD CMakeFiles/BOARD_TEST.dir/usr/share/pico-sdk/src/rp2_common/hardware_xosc/xosc.c.obj
LOAD CMakeFiles/BOARD_TEST.dir/usr/share/pico-sdk/src/rp2_common/pico_printf/printf.c.obj
LOAD CMakeFiles/BOARD_TEST.dir/usr/share/pico-sdk/src/rp2_common/pico_bit_ops/bit_ops_aeabi.S.obj
LOAD CMakeFiles/BOARD_TEST.dir/usr/share/pico-sdk/src/rp2_common/pico_bootrom/bootrom.c.obj
LOAD CMakeFiles/BOARD_TEST.dir/usr/share/pico-sdk/src/rp2_common/pico_divider/divider.S.obj
LOAD CMakeFiles/BOARD_TEST.dir/usr/share/pico-sdk/src/rp2_common/pico_double/double_aeabi.S.obj
LOAD CMakeFiles/BOARD_TEST.dir/usr/share/pico-sdk/src/rp2_common/pico_double/double_init_rom.c.obj
LOAD CMakeFiles/BOARD_TEST.dir/usr/share/pico-sdk/src/rp2_common/pico_double/double_math.c.obj
LOAD CMakeFiles/BOARD_TEST.dir/usr/share/pico-sdk/src/rp2_common/pico_double/double_v1_rom_shim.S.obj
LOAD CMakeFiles/BOARD_TEST.dir/usr/share/pico-sdk/src/rp2_common/pico_int64_ops/pico_int64_ops_aeabi.S.obj
LOAD CMakeFiles/BOARD_TEST.dir/usr/share/pico-sdk/src/rp2_common/pico_float/float_aeabi.S.obj
LOAD CMakeFiles/BOARD_TEST.dir/usr/share/pico-sdk/src/rp2_common/pico_float/float_init_rom.c.obj
LOAD CMakeFiles/BOARD_TEST.dir/usr/share/pico-sdk/src/rp2_common/pico_float/float_math.c.obj
LOAD CMakeFiles/BOARD_TEST.dir/usr/share/pico-sdk/src/rp2_common/pico_float/float_v1_rom_shim.S.obj
LOAD CMakeFiles/BOARD_TEST.dir/usr/share/pico-sdk/src/rp2_common/pico_malloc/pico_malloc.c.obj
LOAD CMakeFiles/BOARD_TEST.dir/usr/share/pico-sdk/src/rp2_common/pico_mem_ops/mem_ops_aeabi.S.obj
LOAD CMakeFiles/BOARD_TEST.dir/usr/share/pico-sdk/src/rp2_common/pico_standard_link/crt0.S.obj
LOAD CMakeFiles/BOARD_TEST.dir/usr/share/pico-sdk/src/rp2_common/pico_standard_link/new_delete.cpp.obj
LOAD CMakeFiles/BOARD_TEST.dir/usr/share/pico-sdk/src/rp2_common/pico_standard_link/binary_info.c.obj
LOAD CMakeFiles/BOARD_TEST.dir/usr/share/pico-sdk/src/rp2_common/pico_stdio/stdio.c.obj
LOAD CMakeFiles/BOARD_TEST.dir/usr/share/pico-sdk/src/rp2_common/pico_stdio_uart/stdio_uart.c.obj
LOAD CMakeFiles/BOARD_TEST.dir/usr/share/pico-sdk/src/rp2_common/hardware_flash/flash.c.obj
LOAD /tmp/cckaDxNv.o
LOAD /usr/lib/gcc/arm-none-eabi/12.2.0/../../../../arm-none-eabi/lib/thumb/v6-m/nofp/libstdc++.a
LOAD /usr/lib/gcc/arm-none-eabi/12.2.0/../../../../arm-none-eabi/lib/thumb/v6-m/nofp/libm.a
START GROUP
LOAD /usr/lib/gcc/arm-none-eabi/12.2.0/thumb/v6-m/nofp/libgcc.a
LOAD /usr/lib/gcc/arm-none-eabi/12.2.0/../../../../arm-none-eabi/lib/thumb/v6-m/nofp/libc.a
END GROUP
START GROUP
LOAD /usr/lib/gcc/arm-none-eabi/12.2.0/thumb/v6-m/nofp/libgcc.a
LOAD /usr/lib/gcc/arm-none-eabi/12.2.0/../../../../arm-none-eabi/lib/thumb/v6-m/nofp/libc.a
LOAD /usr/lib/gcc/arm-none-eabi/12.2.0/../../../../arm-none-eabi/lib/thumb/v6-m/nofp/libnosys.a
END GROUP
LOAD /usr/lib/gcc/arm-none-eabi/12.2.0/thumb/v6-m/nofp/crtend.o
LOAD /usr/lib/gcc/arm-none-eabi/12.2.0/thumb/v6-m/nofp/crtn.o
OUTPUT(BOARD_TEST.elf elf32-littlearm)
LOAD linker stubs

.ARM.attributes
                0x0000000000000000       0x28
 .ARM.attributes
                0x0000000000000000       0x1e /usr/lib/gcc/arm-none-eabi/12.2.0/thumb/v6-m/nofp/crti.o
 .ARM.attributes
                0x000000000000001e       0x2c /usr/lib/gcc/arm-none-eabi/12.2.0/thumb/v6-m/nofp/crtbegin.o
 .ARM.attributes
                0x000000000000004a       0x2c CMakeFiles/BOARD_TEST.dir/src/main.c.obj
 .ARM.attributes
                0x0000000000000076       0x2c CMakeFiles/BOARD_TEST.dir/src/74HC595.c.obj
 .ARM.attributes
                0x00000000000000a2       0x2c CMakeFiles/BOARD_TEST.dir/src/board.c.obj
 .ARM.attributes
                0x00000000000000ce       0x2c CMakeFiles/BOARD_TEST.dir/src/utilities.c.obj
 .ARM.attributes
                0x00000000000000fa       0x2c CMakeFiles/BOARD_TEST.dir/src/menu.c.obj
 .ARM.attributes
                0x0000000000000126       0x2c CMakeFiles/BOARD_TEST.dir/Snake/src/snake.c.obj
 .ARM.attributes
                0x0000000000000152       0x2c CMakeFiles/BOARD_TEST.dir/Animations/src/animations.c.obj
 .ARM.attributes
                0x000000000000017e       0x2c CMakeFiles/BOARD_TEST.dir/Pong/src/pong.c.obj
 .ARM.attributes
                0x00000000000001aa       0x2c CMakeFiles/BOARD_TEST.dir/usr/share/pico-sdk/src/rp2_common/hardware_gpio/gpio.c.obj
 .ARM.attributes
                0x00000000000001d6       0x2c CMakeFiles/BOARD_TEST.dir/usr/share/pico-sdk/src/rp2_common/hardware_claim/claim.c.obj
 .ARM.attributes
                0x0000000000000202       0x2c CMakeFiles/BOARD_TEST.dir/usr/share/pico-sdk/src/rp2_common/pico_platform/platform.c.obj
 .ARM.attributes
                0x000000000000022e       0x2c CMakeFiles/BOARD_TEST.dir/usr/share/pico-sdk/src/rp2_common/hardware_sync/sync.c.obj
 .ARM.attributes
                0x000000000000025a       0x2c CMakeFiles/BOARD_TEST.dir/usr/share/pico-sdk/src/rp2_common/hardware_irq/irq.c.obj
 .ARM.attributes
                0x0000000000000286       0x22 CMakeFiles/BOARD_TEST.dir/usr/share/pico-sdk/src/rp2_common/hardware_irq/irq_handler_chain.S.obj
 .ARM.attributes
                0x00000000000002a8       0x2c CMakeFiles/BOARD_TEST.dir/usr/share/pico-sdk/src/common/pico_sync/lock_core.c.obj
 .ARM.attributes
                0x00000000000002d4       0x2c CMakeFiles/BOARD_TEST.dir/usr/share/pico-sdk/src/common/pico_time/time.c.obj
 .ARM.attributes
                0x0000000000000300       0x2c CMakeFiles/BOARD_TEST.dir/usr/share/pico-sdk/src/rp2_common/hardware_timer/timer.c.obj
 .ARM.attributes
                0x000000000000032c       0x2c CMakeFiles/BOARD_TEST.dir/usr/share/pico-sdk/src/common/pico_util/pheap.c.obj
 .ARM.attributes
                0x0000000000000358       0x2c CMakeFiles/BOARD_TEST.dir/usr/share/pico-sdk/src/common/pico_sync/mutex.c.obj
 .ARM.attributes
                0x0000000000000384       0x2c CMakeFiles/BOARD_TEST.dir/usr/share/pico-sdk/src/rp2_common/pico_runtime/runtime.c.obj
 .ARM.attributes
                0x00000000000003b0       0x2c CMakeFiles/BOARD_TEST.dir/usr/share/pico-sdk/src/rp2_common/hardware_clocks/clocks.c.obj
 .ARM.attributes
                0x00000000000003dc       0x2c CMakeFiles/BOARD_TEST.dir/usr/share/pico-sdk/src/rp2_common/hardware_pll/pll.c.obj
 .ARM.attributes
                0x0000000000000408       0x2c CMakeFiles/BOARD_TEST.dir/usr/share/pico-sdk/src/rp2_common/hardware_watchdog/watchdog.c.obj
 .ARM.attributes
                0x0000000000000434       0x2c CMakeFiles/BOARD_TEST.dir/usr/share/pico-sdk/src/rp2_common/hardware_xosc/xosc.c.obj
 .ARM.attributes
                0x0000000000000460       0x2c CMakeFiles/BOARD_TEST.dir/usr/share/pico-sdk/src/rp2_common/pico_printf/printf.c.obj
 .ARM.attributes
                0x000000000000048c       0x22 CMakeFiles/BOARD_TEST.dir/usr/share/pico-sdk/src/rp2_common/pico_bit_ops/bit_ops_aeabi.S.obj
 .ARM.attributes
                0x00000000000004ae       0x2c CMakeFiles/BOARD_TEST.dir/usr/share/pico-sdk/src/rp2_common/pico_bootrom/bootrom.c.obj
 .ARM.attributes
                0x00000000000004da       0x22 CMakeFiles/BOARD_TEST.dir/usr/share/pico-sdk/src/rp2_common/pico_divider/divider.S.obj
 .ARM.attributes
                0x00000000000004fc       0x22 CMakeFiles/BOARD_TEST.dir/usr/share/pico-sdk/src/rp2_common/pico_double/double_aeabi.S.obj
 .ARM.attributes
                0x000000000000051e       0x2c CMakeFiles/BOARD_TEST.dir/usr/share/pico-sdk/src/rp2_common/pico_double/double_init_rom.c.obj
 .ARM.attributes
                0x000000000000054a       0x2c CMakeFiles/BOARD_TEST.dir/usr/share/pico-sdk/src/rp2_common/pico_double/double_math.c.obj
 .ARM.attributes
                0x0000000000000576       0x22 CMakeFiles/BOARD_TEST.dir/usr/share/pico-sdk/src/rp2_common/pico_double/double_v1_rom_shim.S.obj
 .ARM.attributes
                0x0000000000000598       0x22 CMakeFiles/BOARD_TEST.dir/usr/share/pico-sdk/src/rp2_common/pico_int64_ops/pico_int64_ops_aeabi.S.obj
 .ARM.attributes
                0x00000000000005ba       0x22 CMakeFiles/BOARD_TEST.dir/usr/share/pico-sdk/src/rp2_common/pico_float/float_aeabi.S.obj
 .ARM.attributes
                0x00000000000005dc       0x2c CMakeFiles/BOARD_TEST.dir/usr/share/pico-sdk/src/rp2_common/pico_float/float_init_rom.c.obj
 .ARM.attributes
                0x0000000000000608       0x22 CMakeFiles/BOARD_TEST.dir/usr/share/pico-sdk/src/rp2_common/pico_float/float_v1_rom_shim.S.obj
 .ARM.attributes
                0x000000000000062a       0x2c CMakeFiles/BOARD_TEST.dir/usr/share/pico-sdk/src/rp2_common/pico_malloc/pico_malloc.c.obj
 .ARM.attributes
                0x0000000000000656       0x22 CMakeFiles/BOARD_TEST.dir/usr/share/pico-sdk/src/rp2_common/pico_mem_ops/mem_ops_aeabi.S.obj
 .ARM.attributes
                0x0000000000000678       0x22 CMakeFiles/BOARD_TEST.dir/usr/share/pico-sdk/src/rp2_common/pico_standard_link/crt0.S.obj
 .ARM.attributes
                0x000000000000069a       0x2c CMakeFiles/BOARD_TEST.dir/usr/share/pico-sdk/src/rp2_common/pico_standard_link/binary_info.c.obj
 .ARM.attributes
                0x00000000000006c6       0x2c CMakeFiles/BOARD_TEST.dir/usr/share/pico-sdk/src/rp2_common/pico_stdio/stdio.c.obj
 .ARM.attributes
                0x00000000000006f2       0x2c CMakeFiles/BOARD_TEST.dir/usr/share/pico-sdk/src/rp2_common/hardware_flash/flash.c.obj
 .ARM.attributes
                0x000000000000071e       0x22 /tmp/cckaDxNv.o
 .ARM.attributes
                0x0000000000000740       0x1e /usr/lib/gcc/arm-none-eabi/12.2.0/thumb/v6-m/nofp/libgcc.a(_dvmd_tls.o)
 .ARM.attributes
                0x000000000000075e       0x2c /usr/lib/gcc/arm-none-eabi/12.2.0/../../../../arm-none-eabi/lib/thumb/v6-m/nofp/libc.a(lib_a-atexit.o)
 .ARM.attributes
                0x000000000000078a       0x2c /usr/lib/gcc/arm-none-eabi/12.2.0/../../../../arm-none-eabi/lib/thumb/v6-m/nofp/libc.a(lib_a-fini.o)
 .ARM.attributes
                0x00000000000007b6       0x2c /usr/lib/gcc/arm-none-eabi/12.2.0/../../../../arm-none-eabi/lib/thumb/v6-m/nofp/libc.a(lib_a-impure.o)
 .ARM.attributes
                0x00000000000007e2       0x2c /usr/lib/gcc/arm-none-eabi/12.2.0/../../../../arm-none-eabi/lib/thumb/v6-m/nofp/libc.a(lib_a-malloc.o)
 .ARM.attributes
                0x000000000000080e       0x2c /usr/lib/gcc/arm-none-eabi/12.2.0/../../../../arm-none-eabi/lib/thumb/v6-m/nofp/libc.a(lib_a-mallocr.o)
 .ARM.attributes
                0x000000000000083a       0x2c /usr/lib/gcc/arm-none-eabi/12.2.0/../../../../arm-none-eabi/lib/thumb/v6-m/nofp/libc.a(lib_a-mlock.o)
 .ARM.attributes
                0x0000000000000866       0x2c /usr/lib/gcc/arm-none-eabi/12.2.0/../../../../arm-none-eabi/lib/thumb/v6-m/nofp/libc.a(lib_a-sbrkr.o)
 .ARM.attributes
                0x0000000000000892       0x2c /usr/lib/gcc/arm-none-eabi/12.2.0/../../../../arm-none-eabi/lib/thumb/v6-m/nofp/libc.a(lib_a-strlen-stub.o)
 .ARM.attributes
                0x00000000000008be       0x2c /usr/lib/gcc/arm-none-eabi/12.2.0/../../../../arm-none-eabi/lib/thumb/v6-m/nofp/libc.a(lib_a-__atexit.o)
 .ARM.attributes
                0x00000000000008ea       0x2c /usr/lib/gcc/arm-none-eabi/12.2.0/../../../../arm-none-eabi/lib/thumb/v6-m/nofp/libc.a(lib_a-__call_atexit.o)
 .ARM.attributes
                0x0000000000000916       0x2c /usr/lib/gcc/arm-none-eabi/12.2.0/../../../../arm-none-eabi/lib/thumb/v6-m/nofp/libc.a(lib_a-freer.o)
 .ARM.attributes
                0x0000000000000942       0x2c /usr/lib/gcc/arm-none-eabi/12.2.0/../../../../arm-none-eabi/lib/thumb/v6-m/nofp/libc.a(lib_a-lock.o)
 .ARM.attributes
                0x000000000000096e       0x2c /usr/lib/gcc/arm-none-eabi/12.2.0/../../../../arm-none-eabi/lib/thumb/v6-m/nofp/libc.a(lib_a-reent.o)

.comment        0x0000000000000000       0x3c
 .comment       0x0000000000000000       0x1e CMakeFiles/BOARD_TEST.dir/src/main.c.obj
                                         0x1f (size before relaxing)
 .comment       0x000000000000001e       0x1f CMakeFiles/BOARD_TEST.dir/src/74HC595.c.obj
 .comment       0x000000000000001e       0x1f CMakeFiles/BOARD_TEST.dir/src/board.c.obj
 .comment       0x000000000000001e       0x1f CMakeFiles/BOARD_TEST.dir/src/utilities.c.obj
 .comment       0x000000000000001e       0x1f CMakeFiles/BOARD_TEST.dir/src/menu.c.obj
 .comment       0x000000000000001e       0x1f CMakeFiles/BOARD_TEST.dir/Snake/src/snake.c.obj
 .comment       0x000000000000001e       0x1f CMakeFiles/BOARD_TEST.dir/Animations/src/animations.c.obj
 .comment       0x000000000000001e       0x1f CMakeFiles/BOARD_TEST.dir/Pong/src/pong.c.obj
 .comment       0x000000000000001e       0x1f CMakeFiles/BOARD_TEST.dir/usr/share/pico-sdk/src/rp2_common/hardware_gpio/gpio.c.obj
 .comment       0x000000000000001e       0x1f CMakeFiles/BOARD_TEST.dir/usr/share/pico-sdk/src/rp2_common/hardware_claim/claim.c.obj
 .comment       0x000000000000001e       0x1f CMakeFiles/BOARD_TEST.dir/usr/share/pico-sdk/src/rp2_common/pico_platform/platform.c.obj
 .comment       0x000000000000001e       0x1f CMakeFiles/BOARD_TEST.dir/usr/share/pico-sdk/src/rp2_common/hardware_sync/sync.c.obj
 .comment       0x000000000000001e       0x1f CMakeFiles/BOARD_TEST.dir/usr/share/pico-sdk/src/rp2_common/hardware_irq/irq.c.obj
 .comment       0x000000000000001e       0x1f CMakeFiles/BOARD_TEST.dir/usr/share/pico-sdk/src/common/pico_sync/lock_core.c.obj
 .comment       0x000000000000001e       0x1f CMakeFiles/BOARD_TEST.dir/usr/share/pico-sdk/src/common/pico_time/time.c.obj
 .comment       0x000000000000001e       0x1f CMakeFiles/BOARD_TEST.dir/usr/share/pico-sdk/src/rp2_common/hardware_timer/timer.c.obj
 .comment       0x000000000000001e       0x1f CMakeFiles/BOARD_TEST.dir/usr/share/pico-sdk/src/common/pico_util/pheap.c.obj
 .comment       0x000000000000001e       0x1f CMakeFiles/BOARD_TEST.dir/usr/share/pico-sdk/src/common/pico_sync/mutex.c.obj
 .comment       0x000000000000001e       0x1f CMakeFiles/BOARD_TEST.dir/usr/share/pico-sdk/src/rp2_common/pico_runtime/runtime.c.obj
 .comment       0x000000000000001e       0x1f CMakeFiles/BOARD_TEST.dir/usr/share/pico-sdk/src/rp2_common/hardware_clocks/clocks.c.obj
 .comment       0x000000000000001e       0x1f CMakeFiles/BOARD_TEST.dir/usr/share/pico-sdk/src/rp2_common/hardware_pll/pll.c.obj
 .comment       0x000000000000001e       0x1f CMakeFiles/BOARD_TEST.dir/usr/share/pico-sdk/src/rp2_common/hardware_watchdog/watchdog.c.obj
 .comment       0x000000000000001e       0x1f CMakeFiles/BOARD_TEST.dir/usr/share/pico-sdk/src/rp2_common/hardware_xosc/xosc.c.obj
 .comment       0x000000000000001e       0x1f CMakeFiles/BOARD_TEST.dir/usr/share/pico-sdk/src/rp2_common/pico_printf/printf.c.obj
 .comment       0x000000000000001e       0x1f CMakeFiles/BOARD_TEST.dir/usr/share/pico-sdk/src/rp2_common/pico_bootrom/bootrom.c.obj
 .comment       0x000000000000001e       0x1f CMakeFiles/BOARD_TEST.dir/usr/share/pico-sdk/src/rp2_common/pico_double/double_init_rom.c.obj
 .comment       0x000000000000001e       0x1f CMakeFiles/BOARD_TEST.dir/usr/share/pico-sdk/src/rp2_common/pico_double/double_math.c.obj
 .comment       0x000000000000001e       0x1f CMakeFiles/BOARD_TEST.dir/usr/share/pico-sdk/src/rp2_common/pico_float/float_init_rom.c.obj
 .comment       0x000000000000001e       0x1f CMakeFiles/BOARD_TEST.dir/usr/share/pico-sdk/src/rp2_common/pico_malloc/pico_malloc.c.obj
 .comment       0x000000000000001e       0x1f CMakeFiles/BOARD_TEST.dir/usr/share/pico-sdk/src/rp2_common/pico_standard_link/binary_info.c.obj
 .comment       0x000000000000001e       0x1f CMakeFiles/BOARD_TEST.dir/usr/share/pico-sdk/src/rp2_common/pico_stdio/stdio.c.obj
 .comment       0x000000000000001e       0x1f CMakeFiles/BOARD_TEST.dir/usr/share/pico-sdk/src/rp2_common/hardware_flash/flash.c.obj
 .comment       0x000000000000001e       0x1e /usr/lib/gcc/arm-none-eabi/12.2.0/../../../../arm-none-eabi/lib/thumb/v6-m/nofp/libc.a(lib_a-atexit.o)
                                         0x1f (size before relaxing)
 .comment       0x000000000000003c       0x1f /usr/lib/gcc/arm-none-eabi/12.2.0/../../../../arm-none-eabi/lib/thumb/v6-m/nofp/libc.a(lib_a-fini.o)
 .comment       0x000000000000003c       0x1f /usr/lib/gcc/arm-none-eabi/12.2.0/../../../../arm-none-eabi/lib/thumb/v6-m/nofp/libc.a(lib_a-impure.o)
 .comment       0x000000000000003c       0x1f /usr/lib/gcc/arm-none-eabi/12.2.0/../../../../arm-none-eabi/lib/thumb/v6-m/nofp/libc.a(lib_a-malloc.o)
 .comment       0x000000000000003c       0x1f /usr/lib/gcc/arm-none-eabi/12.2.0/../../../../arm-none-eabi/lib/thumb/v6-m/nofp/libc.a(lib_a-mallocr.o)
 .comment       0x000000000000003c       0x1f /usr/lib/gcc/arm-none-eabi/12.2.0/../../../../arm-none-eabi/lib/thumb/v6-m/nofp/libc.a(lib_a-mlock.o)
 .comment       0x000000000000003c       0x1f /usr/lib/gcc/arm-none-eabi/12.2.0/../../../../arm-none-eabi/lib/thumb/v6-m/nofp/libc.a(lib_a-sbrkr.o)
 .comment       0x000000000000003c       0x1f /usr/lib/gcc/arm-none-eabi/12.2.0/../../../../arm-none-eabi/lib/thumb/v6-m/nofp/libc.a(lib_a-strlen-stub.o)
 .comment       0x000000000000003c       0x1f /usr/lib/gcc/arm-none-eabi/12.2.0/../../../../arm-none-eabi/lib/thumb/v6-m/nofp/libc.a(lib_a-__atexit.o)
 .comment       0x000000000000003c       0x1f /usr/lib/gcc/arm-none-eabi/12.2.0/../../../../arm-none-eabi/lib/thumb/v6-m/nofp/libc.a(lib_a-__call_atexit.o)
 .comment       0x000000000000003c       0x1f /usr/lib/gcc/arm-none-eabi/12.2.0/../../../../arm-none-eabi/lib/thumb/v6-m/nofp/libc.a(lib_a-freer.o)
 .comment       0x000000000000003c       0x1f /usr/lib/gcc/arm-none-eabi/12.2.0/../../../../arm-none-eabi/lib/thumb/v6-m/nofp/libc.a(lib_a-lock.o)
 .comment       0x000000000000003c       0x1f /usr/lib/gcc/arm-none-eabi/12.2.0/../../../../arm-none-eabi/lib/thumb/v6-m/nofp/libc.a(lib_a-reent.o)

.debug_line     0x0000000000000000     0x2047
 .debug_line    0x0000000000000000       0x4a /usr/lib/gcc/arm-none-eabi/12.2.0/thumb/v6-m/nofp/libgcc.a(_dvmd_tls.o)
 .debug_line    0x000000000000004a       0xed /usr/lib/gcc/arm-none-eabi/12.2.0/../../../../arm-none-eabi/lib/thumb/v6-m/nofp/libc.a(lib_a-atexit.o)
 .debug_line    0x0000000000000137       0xf9 /usr/lib/gcc/arm-none-eabi/12.2.0/../../../../arm-none-eabi/lib/thumb/v6-m/nofp/libc.a(lib_a-fini.o)
 .debug_line    0x0000000000000230      0x10e /usr/lib/gcc/arm-none-eabi/12.2.0/../../../../arm-none-eabi/lib/thumb/v6-m/nofp/libc.a(lib_a-impure.o)
 .debug_line    0x000000000000033e      0x1b3 /usr/lib/gcc/arm-none-eabi/12.2.0/../../../../arm-none-eabi/lib/thumb/v6-m/nofp/libc.a(lib_a-malloc.o)
 .debug_line    0x00000000000004f1      0x8f1 /usr/lib/gcc/arm-none-eabi/12.2.0/../../../../arm-none-eabi/lib/thumb/v6-m/nofp/libc.a(lib_a-mallocr.o)
 .debug_line    0x0000000000000de2      0x1a2 /usr/lib/gcc/arm-none-eabi/12.2.0/../../../../arm-none-eabi/lib/thumb/v6-m/nofp/libc.a(lib_a-mlock.o)
 .debug_line    0x0000000000000f84      0x1c1 /usr/lib/gcc/arm-none-eabi/12.2.0/../../../../arm-none-eabi/lib/thumb/v6-m/nofp/libc.a(lib_a-sbrkr.o)
 .debug_line    0x0000000000001145      0x197 /usr/lib/gcc/arm-none-eabi/12.2.0/../../../../arm-none-eabi/lib/thumb/v6-m/nofp/libc.a(lib_a-strlen-stub.o)
 .debug_line    0x00000000000012dc      0x1f7 /usr/lib/gcc/arm-none-eabi/12.2.0/../../../../arm-none-eabi/lib/thumb/v6-m/nofp/libc.a(lib_a-__atexit.o)
 .debug_line    0x00000000000014d3      0x2d5 /usr/lib/gcc/arm-none-eabi/12.2.0/../../../../arm-none-eabi/lib/thumb/v6-m/nofp/libc.a(lib_a-__call_atexit.o)
 .debug_line    0x00000000000017a8      0x4f3 /usr/lib/gcc/arm-none-eabi/12.2.0/../../../../arm-none-eabi/lib/thumb/v6-m/nofp/libc.a(lib_a-freer.o)
 .debug_line    0x0000000000001c9b       0xeb /usr/lib/gcc/arm-none-eabi/12.2.0/../../../../arm-none-eabi/lib/thumb/v6-m/nofp/libc.a(lib_a-lock.o)
 .debug_line    0x0000000000001d86      0x2c1 /usr/lib/gcc/arm-none-eabi/12.2.0/../../../../arm-none-eabi/lib/thumb/v6-m/nofp/libc.a(lib_a-reent.o)

.debug_line_str
                0x0000000000000000       0x92
 .debug_line_str
                0x0000000000000000       0x92 /usr/lib/gcc/arm-none-eabi/12.2.0/thumb/v6-m/nofp/libgcc.a(_dvmd_tls.o)

.debug_info     0x0000000000000000     0x63f2
 .debug_info    0x0000000000000000       0x39 /usr/lib/gcc/arm-none-eabi/12.2.0/thumb/v6-m/nofp/libgcc.a(_dvmd_tls.o)
 .debug_info    0x0000000000000039      0x118 /usr/lib/gcc/arm-none-eabi/12.2.0/../../../../arm-none-eabi/lib/thumb/v6-m/nofp/libc.a(lib_a-atexit.o)
 .debug_info    0x0000000000000151       0xf7 /usr/lib/gcc/arm-none-eabi/12.2.0/../../../../arm-none-eabi/lib/thumb/v6-m/nofp/libc.a(lib_a-fini.o)
 .debug_info    0x0000000000000248      0x8c8 /usr/lib/gcc/arm-none-eabi/12.2.0/../../../../arm-none-eabi/lib/thumb/v6-m/nofp/libc.a(lib_a-impure.o)
 .debug_info    0x0000000000000b10      0x94c /usr/lib/gcc/arm-none-eabi/12.2.0/../../../../arm-none-eabi/lib/thumb/v6-m/nofp/libc.a(lib_a-malloc.o)
 .debug_info    0x000000000000145c      0xe4e /usr/lib/gcc/arm-none-eabi/12.2.0/../../../../arm-none-eabi/lib/thumb/v6-m/nofp/libc.a(lib_a-mallocr.o)
 .debug_info    0x00000000000022aa      0x923 /usr/lib/gcc/arm-none-eabi/12.2.0/../../../../arm-none-eabi/lib/thumb/v6-m/nofp/libc.a(lib_a-mlock.o)
 .debug_info    0x0000000000002bcd      0x934 /usr/lib/gcc/arm-none-eabi/12.2.0/../../../../arm-none-eabi/lib/thumb/v6-m/nofp/libc.a(lib_a-sbrkr.o)
 .debug_info    0x0000000000003501       0xeb /usr/lib/gcc/arm-none-eabi/12.2.0/../../../../arm-none-eabi/lib/thumb/v6-m/nofp/libc.a(lib_a-strlen-stub.o)
 .debug_info    0x00000000000035ec      0x999 /usr/lib/gcc/arm-none-eabi/12.2.0/../../../../arm-none-eabi/lib/thumb/v6-m/nofp/libc.a(lib_a-__atexit.o)
 .debug_info    0x0000000000003f85      0xa21 /usr/lib/gcc/arm-none-eabi/12.2.0/../../../../arm-none-eabi/lib/thumb/v6-m/nofp/libc.a(lib_a-__call_atexit.o)
 .debug_info    0x00000000000049a6      0xcb4 /usr/lib/gcc/arm-none-eabi/12.2.0/../../../../arm-none-eabi/lib/thumb/v6-m/nofp/libc.a(lib_a-freer.o)
 .debug_info    0x000000000000565a      0x21a /usr/lib/gcc/arm-none-eabi/12.2.0/../../../../arm-none-eabi/lib/thumb/v6-m/nofp/libc.a(lib_a-lock.o)
 .debug_info    0x0000000000005874      0xb7e /usr/lib/gcc/arm-none-eabi/12.2.0/../../../../arm-none-eabi/lib/thumb/v6-m/nofp/libc.a(lib_a-reent.o)

.debug_abbrev   0x0000000000000000     0x19aa
 .debug_abbrev  0x0000000000000000       0x1f /usr/lib/gcc/arm-none-eabi/12.2.0/thumb/v6-m/nofp/libgcc.a(_dvmd_tls.o)
 .debug_abbrev  0x000000000000001f       0xbe /usr/lib/gcc/arm-none-eabi/12.2.0/../../../../arm-none-eabi/lib/thumb/v6-m/nofp/libc.a(lib_a-atexit.o)
 .debug_abbrev  0x00000000000000dd       0xc9 /usr/lib/gcc/arm-none-eabi/12.2.0/../../../../arm-none-eabi/lib/thumb/v6-m/nofp/libc.a(lib_a-fini.o)
 .debug_abbrev  0x00000000000001a6      0x1ca /usr/lib/gcc/arm-none-eabi/12.2.0/../../../../arm-none-eabi/lib/thumb/v6-m/nofp/libc.a(lib_a-impure.o)
 .debug_abbrev  0x0000000000000370      0x23c /usr/lib/gcc/arm-none-eabi/12.2.0/../../../../arm-none-eabi/lib/thumb/v6-m/nofp/libc.a(lib_a-malloc.o)
 .debug_abbrev  0x00000000000005ac      0x309 /usr/lib/gcc/arm-none-eabi/12.2.0/../../../../arm-none-eabi/lib/thumb/v6-m/nofp/libc.a(lib_a-mallocr.o)
 .debug_abbrev  0x00000000000008b5      0x22c /usr/lib/gcc/arm-none-eabi/12.2.0/../../../../arm-none-eabi/lib/thumb/v6-m/nofp/libc.a(lib_a-mlock.o)
 .debug_abbrev  0x0000000000000ae1      0x24a /usr/lib/gcc/arm-none-eabi/12.2.0/../../../../arm-none-eabi/lib/thumb/v6-m/nofp/libc.a(lib_a-sbrkr.o)
 .debug_abbrev  0x0000000000000d2b       0x90 /usr/lib/gcc/arm-none-eabi/12.2.0/../../../../arm-none-eabi/lib/thumb/v6-m/nofp/libc.a(lib_a-strlen-stub.o)
 .debug_abbrev  0x0000000000000dbb      0x272 /usr/lib/gcc/arm-none-eabi/12.2.0/../../../../arm-none-eabi/lib/thumb/v6-m/nofp/libc.a(lib_a-__atexit.o)
 .debug_abbrev  0x000000000000102d      0x2da /usr/lib/gcc/arm-none-eabi/12.2.0/../../../../arm-none-eabi/lib/thumb/v6-m/nofp/libc.a(lib_a-__call_atexit.o)
 .debug_abbrev  0x0000000000001307      0x2b4 /usr/lib/gcc/arm-none-eabi/12.2.0/../../../../arm-none-eabi/lib/thumb/v6-m/nofp/libc.a(lib_a-freer.o)
 .debug_abbrev  0x00000000000015bb      0x115 /usr/lib/gcc/arm-none-eabi/12.2.0/../../../../arm-none-eabi/lib/thumb/v6-m/nofp/libc.a(lib_a-lock.o)
 .debug_abbrev  0x00000000000016d0      0x2da /usr/lib/gcc/arm-none-eabi/12.2.0/../../../../arm-none-eabi/lib/thumb/v6-m/nofp/libc.a(lib_a-reent.o)

.debug_aranges  0x0000000000000000      0x1e8
 .debug_aranges
                0x0000000000000000       0x20 /usr/lib/gcc/arm-none-eabi/12.2.0/thumb/v6-m/nofp/libgcc.a(_dvmd_tls.o)
 .debug_aranges
                0x0000000000000020       0x20 /usr/lib/gcc/arm-none-eabi/12.2.0/../../../../arm-none-eabi/lib/thumb/v6-m/nofp/libc.a(lib_a-atexit.o)
 .debug_aranges
                0x0000000000000040       0x20 /usr/lib/gcc/arm-none-eabi/12.2.0/../../../../arm-none-eabi/lib/thumb/v6-m/nofp/libc.a(lib_a-fini.o)
 .debug_aranges
                0x0000000000000060       0x18 /usr/lib/gcc/arm-none-eabi/12.2.0/../../../../arm-none-eabi/lib/thumb/v6-m/nofp/libc.a(lib_a-impure.o)
 .debug_aranges
                0x0000000000000078       0x28 /usr/lib/gcc/arm-none-eabi/12.2.0/../../../../arm-none-eabi/lib/thumb/v6-m/nofp/libc.a(lib_a-malloc.o)
 .debug_aranges
                0x00000000000000a0       0x20 /usr/lib/gcc/arm-none-eabi/12.2.0/../../../../arm-none-eabi/lib/thumb/v6-m/nofp/libc.a(lib_a-mallocr.o)
 .debug_aranges
                0x00000000000000c0       0x28 /usr/lib/gcc/arm-none-eabi/12.2.0/../../../../arm-none-eabi/lib/thumb/v6-m/nofp/libc.a(lib_a-mlock.o)
 .debug_aranges
                0x00000000000000e8       0x20 /usr/lib/gcc/arm-none-eabi/12.2.0/../../../../arm-none-eabi/lib/thumb/v6-m/nofp/libc.a(lib_a-sbrkr.o)
 .debug_aranges
                0x0000000000000108       0x20 /usr/lib/gcc/arm-none-eabi/12.2.0/../../../../arm-none-eabi/lib/thumb/v6-m/nofp/libc.a(lib_a-strlen-stub.o)
 .debug_aranges
                0x0000000000000128       0x20 /usr/lib/gcc/arm-none-eabi/12.2.0/../../../../arm-none-eabi/lib/thumb/v6-m/nofp/libc.a(lib_a-__atexit.o)
 .debug_aranges
                0x0000000000000148       0x28 /usr/lib/gcc/arm-none-eabi/12.2.0/../../../../arm-none-eabi/lib/thumb/v6-m/nofp/libc.a(lib_a-__call_atexit.o)
 .debug_aranges
                0x0000000000000170       0x28 /usr/lib/gcc/arm-none-eabi/12.2.0/../../../../arm-none-eabi/lib/thumb/v6-m/nofp/libc.a(lib_a-freer.o)
 .debug_aranges
                0x0000000000000198       0x28 /usr/lib/gcc/arm-none-eabi/12.2.0/../../../../arm-none-eabi/lib/thumb/v6-m/nofp/libc.a(lib_a-lock.o)
 .debug_aranges
                0x00000000000001c0       0x28 /usr/lib/gcc/arm-none-eabi/12.2.0/../../../../arm-none-eabi/lib/thumb/v6-m/nofp/libc.a(lib_a-reent.o)

.debug_str      0x0000000000000000      0xf9e
 .debug_str     0x0000000000000000       0xba /usr/lib/gcc/arm-none-eabi/12.2.0/thumb/v6-m/nofp/libgcc.a(_dvmd_tls.o)
 .debug_str     0x00000000000000ba      0x1c9 /usr/lib/gcc/arm-none-eabi/12.2.0/../../../../arm-none-eabi/lib/thumb/v6-m/nofp/libc.a(lib_a-atexit.o)
                                        0x209 (size before relaxing)
 .debug_str     0x0000000000000283       0xdf /usr/lib/gcc/arm-none-eabi/12.2.0/../../../../arm-none-eabi/lib/thumb/v6-m/nofp/libc.a(lib_a-fini.o)
                                        0x201 (size before relaxing)
 .debug_str     0x0000000000000362      0x441 /usr/lib/gcc/arm-none-eabi/12.2.0/../../../../arm-none-eabi/lib/thumb/v6-m/nofp/libc.a(lib_a-impure.o)
                                        0x5a4 (size before relaxing)
 .debug_str     0x00000000000007a3       0x6d /usr/lib/gcc/arm-none-eabi/12.2.0/../../../../arm-none-eabi/lib/thumb/v6-m/nofp/libc.a(lib_a-malloc.o)
                                        0x5b8 (size before relaxing)
 .debug_str     0x0000000000000810      0x23d /usr/lib/gcc/arm-none-eabi/12.2.0/../../../../arm-none-eabi/lib/thumb/v6-m/nofp/libc.a(lib_a-mallocr.o)
                                        0x7b3 (size before relaxing)
 .debug_str     0x0000000000000a4d       0xad /usr/lib/gcc/arm-none-eabi/12.2.0/../../../../arm-none-eabi/lib/thumb/v6-m/nofp/libc.a(lib_a-mlock.o)
                                        0x615 (size before relaxing)
 .debug_str     0x0000000000000afa       0x53 /usr/lib/gcc/arm-none-eabi/12.2.0/../../../../arm-none-eabi/lib/thumb/v6-m/nofp/libc.a(lib_a-sbrkr.o)
                                        0x59b (size before relaxing)
 .debug_str     0x0000000000000b4d       0xce /usr/lib/gcc/arm-none-eabi/12.2.0/../../../../arm-none-eabi/lib/thumb/v6-m/nofp/libc.a(lib_a-strlen-stub.o)
                                        0x1f1 (size before relaxing)
 .debug_str     0x0000000000000c1b       0x51 /usr/lib/gcc/arm-none-eabi/12.2.0/../../../../arm-none-eabi/lib/thumb/v6-m/nofp/libc.a(lib_a-__atexit.o)
                                        0x63b (size before relaxing)
 .debug_str     0x0000000000000c6c       0xaf /usr/lib/gcc/arm-none-eabi/12.2.0/../../../../arm-none-eabi/lib/thumb/v6-m/nofp/libc.a(lib_a-__call_atexit.o)
                                        0x66e (size before relaxing)
 .debug_str     0x0000000000000d1b       0x34 /usr/lib/gcc/arm-none-eabi/12.2.0/../../../../arm-none-eabi/lib/thumb/v6-m/nofp/libc.a(lib_a-freer.o)
                                        0x6fd (size before relaxing)
 .debug_str     0x0000000000000d4f      0x1db /usr/lib/gcc/arm-none-eabi/12.2.0/../../../../arm-none-eabi/lib/thumb/v6-m/nofp/libc.a(lib_a-lock.o)
                                        0x35c (size before relaxing)
 .debug_str     0x0000000000000f2a       0x74 /usr/lib/gcc/arm-none-eabi/12.2.0/../../../../arm-none-eabi/lib/thumb/v6-m/nofp/libc.a(lib_a-reent.o)
                                        0x5c3 (size before relaxing)

.debug_loclists
                0x0000000000000000     0x12c7
 .debug_loclists
                0x0000000000000000       0x2a /usr/lib/gcc/arm-none-eabi/12.2.0/../../../../arm-none-eabi/lib/thumb/v6-m/nofp/libc.a(lib_a-atexit.o)
 .debug_loclists
                0x000000000000002a       0x34 /usr/lib/gcc/arm-none-eabi/12.2.0/../../../../arm-none-eabi/lib/thumb/v6-m/nofp/libc.a(lib_a-fini.o)
 .debug_loclists
                0x000000000000005e       0x48 /usr/lib/gcc/arm-none-eabi/12.2.0/../../../../arm-none-eabi/lib/thumb/v6-m/nofp/libc.a(lib_a-malloc.o)
 .debug_loclists
                0x00000000000000a6      0xa4e /usr/lib/gcc/arm-none-eabi/12.2.0/../../../../arm-none-eabi/lib/thumb/v6-m/nofp/libc.a(lib_a-mallocr.o)
 .debug_loclists
                0x0000000000000af4       0x3a /usr/lib/gcc/arm-none-eabi/12.2.0/../../../../arm-none-eabi/lib/thumb/v6-m/nofp/libc.a(lib_a-mlock.o)
 .debug_loclists
                0x0000000000000b2e       0x53 /usr/lib/gcc/arm-none-eabi/12.2.0/../../../../arm-none-eabi/lib/thumb/v6-m/nofp/libc.a(lib_a-sbrkr.o)
 .debug_loclists
                0x0000000000000b81       0x5e /usr/lib/gcc/arm-none-eabi/12.2.0/../../../../arm-none-eabi/lib/thumb/v6-m/nofp/libc.a(lib_a-strlen-stub.o)
 .debug_loclists
                0x0000000000000bdf      0x107 /usr/lib/gcc/arm-none-eabi/12.2.0/../../../../arm-none-eabi/lib/thumb/v6-m/nofp/libc.a(lib_a-__atexit.o)
 .debug_loclists
                0x0000000000000ce6      0x129 /usr/lib/gcc/arm-none-eabi/12.2.0/../../../../arm-none-eabi/lib/thumb/v6-m/nofp/libc.a(lib_a-__call_atexit.o)
 .debug_loclists
                0x0000000000000e0f      0x372 /usr/lib/gcc/arm-none-eabi/12.2.0/../../../../arm-none-eabi/lib/thumb/v6-m/nofp/libc.a(lib_a-freer.o)
 .debug_loclists
                0x0000000000001181       0x23 /usr/lib/gcc/arm-none-eabi/12.2.0/../../../../arm-none-eabi/lib/thumb/v6-m/nofp/libc.a(lib_a-lock.o)
 .debug_loclists
                0x00000000000011a4      0x123 /usr/lib/gcc/arm-none-eabi/12.2.0/../../../../arm-none-eabi/lib/thumb/v6-m/nofp/libc.a(lib_a-reent.o)

.debug_rnglists
                0x0000000000000000      0x153
 .debug_rnglists