Archive member included to satisfy reference by file (symbol)

/usr/lib/gcc/arm-none-eabi/12.2.0/thumb/v6-m/nofp/libgcc.a(_dvmd_tls.o)
                              CMakeFiles/JUST-SNAKE.dir/usr/share/pico-sdk/src/rp2_common/pico_divider/divider.S.obj (__aeabi_idiv0)
/usr/lib/gcc/arm-none-eabi/12.2.0/../../../../arm-none-eabi/lib/thumb/v6-m/nofp/libc.a(lib_a-atexit.o)
                              /usr/lib/gcc/arm-none-eabi/12.2.0/../../../../arm-none-eabi/lib/thumb/v6-m/nofp/crt0.o (atexit)
/usr/lib/gcc/arm-none-eabi/12.2.0/../../../../arm-none-eabi/lib/thumb/v6-m/nofp/libc.a(lib_a-calloc.o)
                              CMakeFiles/JUST-SNAKE.dir/usr/share/pico-sdk/src/rp2_common/pico_malloc/pico_malloc.c.obj (calloc)
/usr/lib/gcc/arm-none-eabi/12.2.0/../../../../arm-none-eabi/lib/thumb/v6-m/nofp/libc.a(lib_a-callocr.o)
                              /usr/lib/gcc/arm-none-eabi/12.2.0/../../../../arm-none-eabi/lib/thumb/v6-m/nofp/libc.a(lib_a-calloc.o) (_calloc_r)
/usr/lib/gcc/arm-none-eabi/12.2.0/../../../../arm-none-eabi/lib/thumb/v6-m/nofp/libc.a(lib_a-errno.o)
                              /usr/lib/gcc/arm-none-eabi/12.2.0/../../../../arm-none-eabi/lib/thumb/v6-m/nofp/libc.a(lib_a-callocr.o) (__errno)
/usr/lib/gcc/arm-none-eabi/12.2.0/../../../../arm-none-eabi/lib/thumb/v6-m/nofp/libc.a(lib_a-fini.o)
                              /usr/lib/gcc/arm-none-eabi/12.2.0/../../../../arm-none-eabi/lib/thumb/v6-m/nofp/crt0.o (__libc_fini_array)
/usr/lib/gcc/arm-none-eabi/12.2.0/../../../../arm-none-eabi/lib/thumb/v6-m/nofp/libc.a(lib_a-impure.o)
                              /usr/lib/gcc/arm-none-eabi/12.2.0/../../../../arm-none-eabi/lib/thumb/v6-m/nofp/libc.a(lib_a-calloc.o) (_impure_ptr)
/usr/lib/gcc/arm-none-eabi/12.2.0/../../../../arm-none-eabi/lib/thumb/v6-m/nofp/libc.a(lib_a-init.o)
                              /usr/lib/gcc/arm-none-eabi/12.2.0/../../../../arm-none-eabi/lib/thumb/v6-m/nofp/crt0.o (__libc_init_array)
/usr/lib/gcc/arm-none-eabi/12.2.0/../../../../arm-none-eabi/lib/thumb/v6-m/nofp/libc.a(lib_a-malloc.o)
                              CMakeFiles/JUST-SNAKE.dir/usr/share/pico-sdk/src/rp2_common/pico_malloc/pico_malloc.c.obj (malloc)
/usr/lib/gcc/arm-none-eabi/12.2.0/../../../../arm-none-eabi/lib/thumb/v6-m/nofp/libc.a(lib_a-mallocr.o)
                              /usr/lib/gcc/arm-none-eabi/12.2.0/../../../../arm-none-eabi/lib/thumb/v6-m/nofp/libc.a(lib_a-callocr.o) (_malloc_r)
/usr/lib/gcc/arm-none-eabi/12.2.0/../../../../arm-none-eabi/lib/thumb/v6-m/nofp/libc.a(lib_a-mlock.o)
                              /usr/lib/gcc/arm-none-eabi/12.2.0/../../../../arm-none-eabi/lib/thumb/v6-m/nofp/libc.a(lib_a-mallocr.o) (__malloc_lock)
/usr/lib/gcc/arm-none-eabi/12.2.0/../../../../arm-none-eabi/lib/thumb/v6-m/nofp/libc.a(lib_a-realloc.o)
                              CMakeFiles/JUST-SNAKE.dir/usr/share/pico-sdk/src/rp2_common/pico_malloc/pico_malloc.c.obj (realloc)
/usr/lib/gcc/arm-none-eabi/12.2.0/../../../../arm-none-eabi/lib/thumb/v6-m/nofp/libc.a(lib_a-reallocr.o)
                              /usr/lib/gcc/arm-none-eabi/12.2.0/../../../../arm-none-eabi/lib/thumb/v6-m/nofp/libc.a(lib_a-realloc.o) (_realloc_r)
/usr/lib/gcc/arm-none-eabi/12.2.0/../../../../arm-none-eabi/lib/thumb/v6-m/nofp/libc.a(lib_a-sbrkr.o)
                              /usr/lib/gcc/arm-none-eabi/12.2.0/../../../../arm-none-eabi/lib/thumb/v6-m/nofp/libc.a(lib_a-mallocr.o) (_sbrk_r)
/usr/lib/gcc/arm-none-eabi/12.2.0/../../../../arm-none-eabi/lib/thumb/v6-m/nofp/libc.a(lib_a-strlen-stub.o)
                              CMakeFiles/JUST-SNAKE.dir/usr/share/pico-sdk/src/rp2_common/pico_stdio/stdio.c.obj (strlen)
/usr/lib/gcc/arm-none-eabi/12.2.0/../../../../arm-none-eabi/lib/thumb/v6-m/nofp/libc.a(lib_a-__atexit.o)
                              /usr/lib/gcc/arm-none-eabi/12.2.0/../../../../arm-none-eabi/lib/thumb/v6-m/nofp/libc.a(lib_a-atexit.o) (__register_exitproc)
/usr/lib/gcc/arm-none-eabi/12.2.0/../../../../arm-none-eabi/lib/thumb/v6-m/nofp/libc.a(lib_a-__call_atexit.o)
                              /usr/lib/gcc/arm-none-eabi/12.2.0/../../../../arm-none-eabi/lib/thumb/v6-m/nofp/libc.a(lib_a-__atexit.o) (__atexit_recursive_mutex)
/usr/lib/gcc/arm-none-eabi/12.2.0/../../../../arm-none-eabi/lib/thumb/v6-m/nofp/libc.a(lib_a-freer.o)
                              /usr/lib/gcc/arm-none-eabi/12.2.0/../../../../arm-none-eabi/lib/thumb/v6-m/nofp/libc.a(lib_a-malloc.o) (_free_r)
/usr/lib/gcc/arm-none-eabi/12.2.0/../../../../arm-none-eabi/lib/thumb/v6-m/nofp/libc.a(lib_a-lock.o)
                              /usr/lib/gcc/arm-none-eabi/12.2.0/../../../../arm-none-eabi/lib/thumb/v6-m/nofp/libc.a(lib_a-mlock.o) (__retarget_lock_acquire_recursive)
/usr/lib/gcc/arm-none-eabi/12.2.0/../../../../arm-none-eabi/lib/thumb/v6-m/nofp/libc.a(lib_a-memmove.o)
                              /usr/lib/gcc/arm-none-eabi/12.2.0/../../../../arm-none-eabi/lib/thumb/v6-m/nofp/libc.a(lib_a-reallocr.o) (memmove)
[...]
Memory Configuration

Name             Origin             Length             Attributes
FLASH            0x0000000010000000 0x0000000000200000 xr
RAM              0x0000000020000000 0x0000000000040000 xrw
SCRATCH_X        0x0000000020040000 0x0000000000001000 xrw
SCRATCH_Y        0x0000000020041000 0x0000000000001000 xrw
*default*        0x0000000000000000 0xffffffffffffffff

Linker script and memory map

LOAD /usr/lib/gcc/arm-none-eabi/12.2.0/thumb/v6-m/nofp/crti.o
LOAD /usr/lib/gcc/arm-none-eabi/12.2.0/thumb/v6-m/nofp/crtbegin.o
LOAD /usr/lib/gcc/arm-none-eabi/12.2.0/../../../../arm-none-eabi/lib/thumb/v6-m/nofp/crt0.o

.flash_begin    0x0000000010000000        0x0
                0x0000000010000000                __flash_binary_start = .

.boot2          0x0000000010000000      0x100
                0x0000000010000000                __boot2_start__ = .
 *(.boot2)
 .boot2         0x0000000010000000      0x100 /tmp/cc8nPyu6.o
                0x0000000010000100                __boot2_end__ = .
                0x0000000000000001                ASSERT (((__boot2_end__ - __boot2_start__) == 0x100), ERROR: Pico second stage bootloader must be 256 bytes in size)

.text           0x0000000010000100     0x3770
                0x0000000010000100                __logical_binary_start = .
 *(.vectors)
 .vectors       0x0000000010000100       0xd4 CMakeFiles/JUST-SNAKE.dir/usr/share/pico-sdk/src/rp2_common/pico_standard_link/crt0.S.obj
                0x0000000010000100                __vectors
                0x0000000010000100                __VECTOR_TABLE
                0x00000000100001c0                isr_invalid
                0x00000000100001c0                __default_isrs_start
                0x00000000100001c2                isr_nmi
                0x00000000100001c4                isr_hardfault
                0x00000000100001c6                isr_svcall
                0x00000000100001c8                isr_pendsv
                0x00000000100001ca                isr_systick
                0x00000000100001cc                isr_irq30
                0x00000000100001cc                __unhandled_user_irq
                0x00000000100001cc                isr_irq13
                0x00000000100001cc                isr_irq27
                0x00000000100001cc                isr_irq31
                0x00000000100001cc                isr_irq5
                0x00000000100001cc                isr_irq11
                0x00000000100001cc                isr_irq23
                0x00000000100001cc                isr_irq18
                0x00000000100001cc                isr_irq28
                0x00000000100001cc                isr_irq19
                0x00000000100001cc                isr_irq0
                0x00000000100001cc                isr_irq6
                0x00000000100001cc                isr_irq22
                0x00000000100001cc                isr_irq17
                0x00000000100001cc                isr_irq14
                0x00000000100001cc                isr_irq2
                0x00000000100001cc                isr_irq10
                0x00000000100001cc                isr_irq8
                0x00000000100001cc                isr_irq24
                0x00000000100001cc                isr_irq1
                0x00000000100001cc                isr_irq7
                0x00000000100001cc                isr_irq21
                0x00000000100001cc                isr_irq20
                0x00000000100001cc                isr_irq15
                0x00000000100001cc                isr_irq25
                0x00000000100001cc                isr_irq4
                0x00000000100001cc                isr_irq16
                0x00000000100001cc                isr_irq29
                0x00000000100001cc                isr_irq26
                0x00000000100001cc                __default_isrs_end
                0x00000000100001cc                isr_irq3
                0x00000000100001cc                isr_irq12
                0x00000000100001cc                isr_irq9
                0x00000000100001d2                unhandled_user_irq_num_in_r0
 *(.binary_info_header)
 .binary_info_header
                0x00000000100001d4       0x14 CMakeFiles/JUST-SNAKE.dir/usr/share/pico-sdk/src/rp2_common/pico_standard_link/crt0.S.obj
                0x00000000100001e8                __binary_info_header_end = .
 *(.reset)
 .reset         0x00000000100001e8       0xa8 CMakeFiles/JUST-SNAKE.dir/usr/share/pico-sdk/src/rp2_common/pico_standard_link/crt0.S.obj
                0x00000000100001e8                _entry_point
                0x0000000010000266                __get_current_exception
 .reset         0x0000000010000290       0x30 CMakeFiles/JUST-SNAKE.dir/usr/share/pico-sdk/src/rp2_common/pico_standard_link/binary_info.c.obj
 *(.init)
 .init          0x00000000100002c0        0x4 /usr/lib/gcc/arm-none-eabi/12.2.0/thumb/v6-m/nofp/crti.o
                0x00000000100002c0                _init
 *(EXCLUDE_FILE(*libm.a: *libc.a:*lib_a-mem*.o *libgcc.a:) .text*)
 .text.frame_dummy
                0x00000000100002c4       0x20 /usr/lib/gcc/arm-none-eabi/12.2.0/thumb/v6-m/nofp/crtbegin.o
 .text.startup.main
                0x00000000100002e4       0x58 CMakeFiles/JUST-SNAKE.dir/src/main.c.obj
                0x00000000100002e4                main
 .text.go_callback
                0x000000001000033c       0x4c CMakeFiles/JUST-SNAKE.dir/src/snake.c.obj
 .text.input_callback
                0x0000000010000388       0x54 CMakeFiles/JUST-SNAKE.dir/src/snake.c.obj
 .text.game_update
                0x00000000100003dc      0x1f8 CMakeFiles/JUST-SNAKE.dir/src/snake.c.obj
 .text.init_snake_game
                0x00000000100005d4      0x144 CMakeFiles/JUST-SNAKE.dir/src/snake.c.obj
                0x00000000100005d4                init_snake_game
 .text.run_snake_game
                0x0000000010000718       0x94 CMakeFiles/JUST-SNAKE.dir/src/snake.c.obj
                0x0000000010000718                run_snake_game
 .text.sr_init  0x00000000100007ac       0x90 CMakeFiles/JUST-SNAKE.dir/home/fae/Tech/uC/Led-Matrix/src/74HC595.c.obj
                0x00000000100007ac                sr_init
 .text.sr_cascaded_regs_write_bytes
                0x000000001000083c      0x130 CMakeFiles/JUST-SNAKE.dir/home/fae/Tech/uC/Led-Matrix/src/74HC595.c.obj
                0x000000001000083c                sr_cascaded_regs_write_bytes
 .text.matrix_print_frame
                0x000000001000096c       0xa4 CMakeFiles/JUST-SNAKE.dir/home/fae/Tech/uC/Led-Matrix/src/board.c.obj
                0x000000001000096c                matrix_print_frame
 .text.board_to_bytes
                0x0000000010000a10      0x1dc CMakeFiles/JUST-SNAKE.dir/home/fae/Tech/uC/Led-Matrix/src/board.c.obj
                0x0000000010000a10                board_to_bytes
 .text.init_rand
                0x0000000010000bec       0x70 CMakeFiles/JUST-SNAKE.dir/home/fae/Tech/uC/Led-Matrix/src/utilities.c.obj
                0x0000000010000bec                init_rand
 .text.rand_uint16
                0x0000000010000c5c       0x30 CMakeFiles/JUST-SNAKE.dir/home/fae/Tech/uC/Led-Matrix/src/utilities.c.obj
                0x0000000010000c5c                rand_uint16
 .text.gpio_default_irq_handler
                0x0000000010000c8c      0x220 CMakeFiles/JUST-SNAKE.dir/usr/share/pico-sdk/src/rp2_common/hardware_gpio/gpio.c.obj
 .text.gpio_set_pulls
                0x0000000010000eac       0x24 CMakeFiles/JUST-SNAKE.dir/usr/share/pico-sdk/src/rp2_common/hardware_gpio/gpio.c.obj
                0x0000000010000eac                gpio_set_pulls
 .text.gpio_set_irq_enabled
                0x0000000010000ed0       0x54 CMakeFiles/JUST-SNAKE.dir/usr/share/pico-sdk/src/rp2_common/hardware_gpio/gpio.c.obj
                0x0000000010000ed0                gpio_set_irq_enabled
 .text.gpio_set_irq_enabled_with_callback
                0x0000000010000f24       0xc4 CMakeFiles/JUST-SNAKE.dir/usr/share/pico-sdk/src/rp2_common/hardware_gpio/gpio.c.obj
                0x0000000010000f24                gpio_set_irq_enabled_with_callback
 .text.gpio_init
                0x0000000010000fe8       0x3c CMakeFiles/JUST-SNAKE.dir/usr/share/pico-sdk/src/rp2_common/hardware_gpio/gpio.c.obj
                0x0000000010000fe8                gpio_init
 .text.hw_claim_or_assert
                0x0000000010001024       0x44 CMakeFiles/JUST-SNAKE.dir/usr/share/pico-sdk/src/rp2_common/hardware_claim/claim.c.obj
                0x0000000010001024                hw_claim_or_assert
 .text.running_on_fpga
                0x0000000010001068       0x10 CMakeFiles/JUST-SNAKE.dir/usr/share/pico-sdk/src/rp2_common/pico_platform/platform.c.obj
                0x0000000010001068                running_on_fpga
 .text.spin_locks_reset
                0x0000000010001078       0x1c CMakeFiles/JUST-SNAKE.dir/usr/share/pico-sdk/src/rp2_common/hardware_sync/sync.c.obj
                0x0000000010001078                spin_locks_reset
 .text.next_striped_spin_lock_num
                0x0000000010001094       0x18 CMakeFiles/JUST-SNAKE.dir/usr/share/pico-sdk/src/rp2_common/hardware_sync/sync.c.obj
                0x0000000010001094                next_striped_spin_lock_num
 .text.irq_set_enabled
                0x00000000100010ac       0x24 CMakeFiles/JUST-SNAKE.dir/usr/share/pico-sdk/src/rp2_common/hardware_irq/irq.c.obj
                0x00000000100010ac                irq_set_enabled
 .text.irq_get_vtable_handler
                0x00000000100010d0       0x10 CMakeFiles/JUST-SNAKE.dir/usr/share/pico-sdk/src/rp2_common/hardware_irq/irq.c.obj
                0x00000000100010d0                irq_get_vtable_handler
 .text.irq_set_exclusive_handler
                0x00000000100010e0       0x54 CMakeFiles/JUST-SNAKE.dir/usr/share/pico-sdk/src/rp2_common/hardware_irq/irq.c.obj
                0x00000000100010e0                irq_set_exclusive_handler
 .text.irq_add_shared_handler
                0x0000000010001134      0x1e0 CMakeFiles/JUST-SNAKE.dir/usr/share/pico-sdk/src/rp2_common/hardware_irq/irq.c.obj
                0x0000000010001134                irq_add_shared_handler
 .text.irq_remove_handler
                0x0000000010001314      0x1cc CMakeFiles/JUST-SNAKE.dir/usr/share/pico-sdk/src/rp2_common/hardware_irq/irq.c.obj
                0x0000000010001314                irq_remove_handler
 .text.irq_add_tail_to_free_list
                0x00000000100014e0       0xb4 CMakeFiles/JUST-SNAKE.dir/usr/share/pico-sdk/src/rp2_common/hardware_irq/irq.c.obj
                0x00000000100014e0                irq_add_tail_to_free_list
 .text.irq_init_priorities
                0x0000000010001594       0x24 CMakeFiles/JUST-SNAKE.dir/usr/share/pico-sdk/src/rp2_common/hardware_irq/irq.c.obj
                0x0000000010001594                irq_init_priorities
 .text.lock_init
                0x00000000100015b8       0x10 CMakeFiles/JUST-SNAKE.dir/usr/share/pico-sdk/src/common/pico_sync/lock_core.c.obj
                0x00000000100015b8                lock_init
 .text.timer_pool_entry_comparator
                0x00000000100015c8       0x34 CMakeFiles/JUST-SNAKE.dir/usr/share/pico-sdk/src/common/pico_time/time.c.obj
                0x00000000100015c8                timer_pool_entry_comparator
 .text.repeating_timer_callback
                0x00000000100015fc       0x1c CMakeFiles/JUST-SNAKE.dir/usr/share/pico-sdk/src/common/pico_time/time.c.obj
 .text.sleep_until_callback
                0x0000000010001618       0x30 CMakeFiles/JUST-SNAKE.dir/usr/share/pico-sdk/src/common/pico_time/time.c.obj
 .text.add_alarm_under_lock.isra.0
                0x0000000010001648       0xf8 CMakeFiles/JUST-SNAKE.dir/usr/share/pico-sdk/src/common/pico_time/time.c.obj
 .text.alarm_pool_alarm_callback
                0x0000000010001740      0x1c4 CMakeFiles/JUST-SNAKE.dir/usr/share/pico-sdk/src/common/pico_time/time.c.obj
 .text.alarm_pool_add_alarm_at.constprop.0
                0x0000000010001904      0x114 CMakeFiles/JUST-SNAKE.dir/usr/share/pico-sdk/src/common/pico_time/time.c.obj
 .text.alarm_pool_init_default
                0x0000000010001a18       0x64 CMakeFiles/JUST-SNAKE.dir/usr/share/pico-sdk/src/common/pico_time/time.c.obj
                0x0000000010001a18                alarm_pool_init_default
 .text.alarm_pool_get_default
                0x0000000010001a7c        0x8 CMakeFiles/JUST-SNAKE.dir/usr/share/pico-sdk/src/common/pico_time/time.c.obj
                0x0000000010001a7c                alarm_pool_get_default
 .text.alarm_pool_add_repeating_timer_us
                0x0000000010001a84      0x238 CMakeFiles/JUST-SNAKE.dir/usr/share/pico-sdk/src/common/pico_time/time.c.obj
                0x0000000010001a84                alarm_pool_add_repeating_timer_us
 .text.sleep_until
                0x0000000010001cbc       0xac CMakeFiles/JUST-SNAKE.dir/usr/share/pico-sdk/src/common/pico_time/time.c.obj
                0x0000000010001cbc                sleep_until
 .text.sleep_ms
                0x0000000010001d68       0x38 CMakeFiles/JUST-SNAKE.dir/usr/share/pico-sdk/src/common/pico_time/time.c.obj
                0x0000000010001d68                sleep_ms
 .text.hardware_alarm_irq_handler
                0x0000000010001da0       0xb8 CMakeFiles/JUST-SNAKE.dir/usr/share/pico-sdk/src/rp2_common/hardware_timer/timer.c.obj
 .text.hardware_alarm_claim
                0x0000000010001e58       0x18 CMakeFiles/JUST-SNAKE.dir/usr/share/pico-sdk/src/rp2_common/hardware_timer/timer.c.obj
                0x0000000010001e58                hardware_alarm_claim
 .text.time_us_64
                0x0000000010001e70       0x14 CMakeFiles/JUST-SNAKE.dir/usr/share/pico-sdk/src/rp2_common/hardware_timer/timer.c.obj
                0x0000000010001e70                time_us_64
 .text.busy_wait_until
                0x0000000010001e84       0x20 CMakeFiles/JUST-SNAKE.dir/usr/share/pico-sdk/src/rp2_common/hardware_timer/timer.c.obj
                0x0000000010001e84                busy_wait_until
 .text.hardware_alarm_set_callback
                0x0000000010001ea4       0x8c CMakeFiles/JUST-SNAKE.dir/usr/share/pico-sdk/src/rp2_common/hardware_timer/timer.c.obj
                0x0000000010001ea4                hardware_alarm_set_callback
 .text.hardware_alarm_set_target
                0x0000000010001f30       0xdc CMakeFiles/JUST-SNAKE.dir/usr/share/pico-sdk/src/rp2_common/hardware_timer/timer.c.obj
                0x0000000010001f30                hardware_alarm_set_target
 .text.hardware_alarm_cancel
                0x000000001000200c       0x3c CMakeFiles/JUST-SNAKE.dir/usr/share/pico-sdk/src/rp2_common/hardware_timer/timer.c.obj
                0x000000001000200c                hardware_alarm_cancel
 .text.ph_merge_nodes
                0x0000000010002048       0x58 CMakeFiles/JUST-SNAKE.dir/usr/share/pico-sdk/src/common/pico_util/pheap.c.obj
 .text.ph_post_alloc_init
                0x00000000100020a0       0x3c CMakeFiles/JUST-SNAKE.dir/usr/share/pico-sdk/src/common/pico_util/pheap.c.obj
                0x00000000100020a0                ph_post_alloc_init
 .text.ph_merge_two_pass
                0x00000000100020dc       0x8c CMakeFiles/JUST-SNAKE.dir/usr/share/pico-sdk/src/common/pico_util/pheap.c.obj
                0x00000000100020dc                ph_merge_two_pass
 .text.ph_remove_any_head
                0x0000000010002168      0x12c CMakeFiles/JUST-SNAKE.dir/usr/share/pico-sdk/src/common/pico_util/pheap.c.obj
 .text.ph_remove_head
                0x0000000010002294      0x130 CMakeFiles/JUST-SNAKE.dir/usr/share/pico-sdk/src/common/pico_util/pheap.c.obj
                0x0000000010002294                ph_remove_head
 .text.ph_remove_and_free_node
                0x00000000100023c4       0x78 CMakeFiles/JUST-SNAKE.dir/usr/share/pico-sdk/src/common/pico_util/pheap.c.obj
                0x00000000100023c4                ph_remove_and_free_node
 .text.mutex_init
                0x000000001000243c       0x1c CMakeFiles/JUST-SNAKE.dir/usr/share/pico-sdk/src/common/pico_sync/mutex.c.obj
                0x000000001000243c                mutex_init
 .text.recursive_mutex_init
                0x0000000010002458       0x1c CMakeFiles/JUST-SNAKE.dir/usr/share/pico-sdk/src/common/pico_sync/mutex.c.obj
                0x0000000010002458                recursive_mutex_init
 .text.runtime_init
                0x0000000010002474       0xec CMakeFiles/JUST-SNAKE.dir/usr/share/pico-sdk/src/rp2_common/pico_runtime/runtime.c.obj
                0x0000000010002474                runtime_init
 .text._sbrk    0x0000000010002560       0x34 CMakeFiles/JUST-SNAKE.dir/usr/share/pico-sdk/src/rp2_common/pico_runtime/runtime.c.obj
                0x0000000010002560                _sbrk
 .text.exit     0x0000000010002594        0x4 CMakeFiles/JUST-SNAKE.dir/usr/share/pico-sdk/src/rp2_common/pico_runtime/runtime.c.obj
                0x0000000010002594                exit
 .text.panic    0x0000000010002598       0x30 CMakeFiles/JUST-SNAKE.dir/usr/share/pico-sdk/src/rp2_common/pico_runtime/runtime.c.obj
                0x0000000010002598                panic
 .text.hard_assertion_failure
                0x00000000100025c8        0xc CMakeFiles/JUST-SNAKE.dir/usr/share/pico-sdk/src/rp2_common/pico_runtime/runtime.c.obj
                0x00000000100025c8                hard_assertion_failure
 .text.clocks_init
                0x00000000100025d4      0x2b4 CMakeFiles/JUST-SNAKE.dir/usr/share/pico-sdk/src/rp2_common/hardware_clocks/clocks.c.obj
                0x00000000100025d4                clocks_init
 .text.pll_init
                0x0000000010002888       0xa8 CMakeFiles/JUST-SNAKE.dir/usr/share/pico-sdk/src/rp2_common/hardware_pll/pll.c.obj
                0x0000000010002888                pll_init
 .text.watchdog_start_tick
                0x0000000010002930       0x10 CMakeFiles/JUST-SNAKE.dir/usr/share/pico-sdk/src/rp2_common/hardware_watchdog/watchdog.c.obj
                0x0000000010002930                watchdog_start_tick
 .text.xosc_init
                0x0000000010002940       0x28 CMakeFiles/JUST-SNAKE.dir/usr/share/pico-sdk/src/rp2_common/hardware_xosc/xosc.c.obj
                0x0000000010002940                xosc_init
 .text._out_char
                0x0000000010002968       0x10 CMakeFiles/JUST-SNAKE.dir/usr/share/pico-sdk/src/rp2_common/pico_printf/printf.c.obj
 .text.weak_raw_vprintf
                0x0000000010002978       0x30 CMakeFiles/JUST-SNAKE.dir/usr/share/pico-sdk/src/rp2_common/pico_printf/printf.c.obj
                0x0000000010002978                weak_raw_vprintf
 .text          0x00000000100029a8       0x10 CMakeFiles/JUST-SNAKE.dir/usr/share/pico-sdk/src/rp2_common/pico_bit_ops/bit_ops_aeabi.S.obj
 .text.rom_func_lookup
                0x00000000100029b8       0x10 CMakeFiles/JUST-SNAKE.dir/usr/share/pico-sdk/src/rp2_common/pico_bootrom/bootrom.c.obj
                0x00000000100029b8                rom_func_lookup
 .text.rom_data_lookup
                0x00000000100029c8       0x10 CMakeFiles/JUST-SNAKE.dir/usr/share/pico-sdk/src/rp2_common/pico_bootrom/bootrom.c.obj
                0x00000000100029c8                rom_data_lookup
 .text.rom_funcs_lookup
                0x00000000100029d8       0x44 CMakeFiles/JUST-SNAKE.dir/usr/share/pico-sdk/src/rp2_common/pico_bootrom/bootrom.c.obj
                0x00000000100029d8                rom_funcs_lookup
 .text.__wrap___aeabi_uidiv
                0x0000000010002a1c       0x4c CMakeFiles/JUST-SNAKE.dir/usr/share/pico-sdk/src/rp2_common/pico_divider/divider.S.obj
                0x0000000010002a1c                __wrap___aeabi_uidiv
                0x0000000010002a1c                __wrap___aeabi_uidivmod
                0x0000000010002a1c                div_u32u32
                0x0000000010002a1c                divmod_u32u32
                0x0000000010002a24                divmod_u32u32_unsafe
                0x0000000010002a4c                divmod_u32u32_savestate
 .text.__aeabi_double_init
                0x0000000010002a68       0x98 CMakeFiles/JUST-SNAKE.dir/usr/share/pico-sdk/src/rp2_common/pico_double/double_init_rom.c.obj
                0x0000000010002a68                __aeabi_double_init
 .text.double_table_shim_on_use_helper
                0x0000000010002b00       0x2c CMakeFiles/JUST-SNAKE.dir/usr/share/pico-sdk/src/rp2_common/pico_double/double_v1_rom_shim.S.obj
                0x0000000010002b00                double_table_shim_on_use_helper
 .text.__aeabi_lmul
                0x0000000010002b2c       0x32 CMakeFiles/JUST-SNAKE.dir/usr/share/pico-sdk/src/rp2_common/pico_int64_ops/pico_int64_ops_aeabi.S.obj
                0x0000000010002b2c                __wrap___aeabi_lmul
 *fill*         0x0000000010002b5e        0x2 
 .text.__aeabi_float_init
                0x0000000010002b60       0x64 CMakeFiles/JUST-SNAKE.dir/usr/share/pico-sdk/src/rp2_common/pico_float/float_init_rom.c.obj
                0x0000000010002b60                __aeabi_float_init
 .text.float_table_shim_on_use_helper
                0x0000000010002bc4       0x2c CMakeFiles/JUST-SNAKE.dir/usr/share/pico-sdk/src/rp2_common/pico_float/float_v1_rom_shim.S.obj
                0x0000000010002bc4                float_table_shim_on_use_helper
 .text.__wrap_malloc
                0x0000000010002bf0       0x24 CMakeFiles/JUST-SNAKE.dir/usr/share/pico-sdk/src/rp2_common/pico_malloc/pico_malloc.c.obj
                0x0000000010002bf0                __wrap_malloc
 .text.__wrap_free
                0x0000000010002c14        0x8 CMakeFiles/JUST-SNAKE.dir/usr/share/pico-sdk/src/rp2_common/pico_malloc/pico_malloc.c.obj
                0x0000000010002c14                __wrap_free
 .text          0x0000000010002c1c       0x10 CMakeFiles/JUST-SNAKE.dir/usr/share/pico-sdk/src/rp2_common/pico_mem_ops/mem_ops_aeabi.S.obj
                0x0000000010002c1c                __aeabi_mem_init
 .text.memcpy   0x0000000010002c2c        0xc CMakeFiles/JUST-SNAKE.dir/usr/share/pico-sdk/src/rp2_common/pico_mem_ops/mem_ops_aeabi.S.obj
                0x0000000010002c2c                __wrap___aeabi_memcpy
                0x0000000010002c2c                __wrap_memcpy
 .text.stdio_out_chars_crlf
                0x0000000010002c38       0x94 CMakeFiles/JUST-SNAKE.dir/usr/share/pico-sdk/src/rp2_common/pico_stdio/stdio.c.obj
 .text.__wrap_putchar
                0x0000000010002ccc       0xa4 CMakeFiles/JUST-SNAKE.dir/usr/share/pico-sdk/src/rp2_common/pico_stdio/stdio.c.obj
                0x0000000010002ccc                __wrap_putchar
 .text.__wrap_puts
                0x0000000010002d70       0xe8 CMakeFiles/JUST-SNAKE.dir/usr/share/pico-sdk/src/rp2_common/pico_stdio/stdio.c.obj
                0x0000000010002d70                __wrap_puts
 .text.atexit   0x0000000010002e58       0x10 /usr/lib/gcc/arm-none-eabi/12.2.0/../../../../arm-none-eabi/lib/thumb/v6-m/nofp/libc.a(lib_a-atexit.o)
                0x0000000010002e58                atexit
 .text.__libc_fini_array
                0x0000000010002e68       0x28 /usr/lib/gcc/arm-none-eabi/12.2.0/../../../../arm-none-eabi/lib/thumb/v6-m/nofp/libc.a(lib_a-fini.o)
                0x0000000010002e68                __libc_fini_array
 .text.malloc   0x0000000010002e90       0x14 /usr/lib/gcc/arm-none-eabi/12.2.0/../../../../arm-none-eabi/lib/thumb/v6-m/nofp/libc.a(lib_a-malloc.o)
                0x0000000010002e90                malloc
 .text.free     0x0000000010002ea4       0x14 /usr/lib/gcc/arm-none-eabi/12.2.0/../../../../arm-none-eabi/lib/thumb/v6-m/nofp/libc.a(lib_a-malloc.o)
                0x0000000010002ea4                free
 .text._malloc_r
                0x0000000010002eb8      0x574 /usr/lib/gcc/arm-none-eabi/12.2.0/../../../../arm-none-eabi/lib/thumb/v6-m/nofp/libc.a(lib_a-mallocr.o)
                0x0000000010002eb8                _malloc_r
 .text.__malloc_lock
                0x000000001000342c       0x10 /usr/lib/gcc/arm-none-eabi/12.2.0/../../../../arm-none-eabi/lib/thumb/v6-m/nofp/libc.a(lib_a-mlock.o)
                0x000000001000342c                __malloc_lock
 .text.__malloc_unlock
                0x000000001000343c       0x10 /usr/lib/gcc/arm-none-eabi/12.2.0/../../../../arm-none-eabi/lib/thumb/v6-m/nofp/libc.a(lib_a-mlock.o)
                0x000000001000343c                __malloc_unlock
 .text._sbrk_r  0x000000001000344c       0x24 /usr/lib/gcc/arm-none-eabi/12.2.0/../../../../arm-none-eabi/lib/thumb/v6-m/nofp/libc.a(lib_a-sbrkr.o)
                0x000000001000344c                _sbrk_r
 .text.strlen   0x0000000010003470       0x5c /usr/lib/gcc/arm-none-eabi/12.2.0/../../../../arm-none-eabi/lib/thumb/v6-m/nofp/libc.a(lib_a-strlen-stub.o)
                0x0000000010003470                strlen
 .text.__register_exitproc
                0x00000000100034cc       0xac /usr/lib/gcc/arm-none-eabi/12.2.0/../../../../arm-none-eabi/lib/thumb/v6-m/nofp/libc.a(lib_a-__atexit.o)
                0x00000000100034cc                __register_exitproc
 .text.startup.register_fini
                0x0000000010003578       0x18 /usr/lib/gcc/arm-none-eabi/12.2.0/../../../../arm-none-eabi/lib/thumb/v6-m/nofp/libc.a(lib_a-__call_atexit.o)
 .text._malloc_trim_r
                0x0000000010003590       0x9c /usr/lib/gcc/arm-none-eabi/12.2.0/../../../../arm-none-eabi/lib/thumb/v6-m/nofp/libc.a(lib_a-freer.o)
                0x0000000010003590                _malloc_trim_r
 .text._free_r  0x000000001000362c      0x1d4 /usr/lib/gcc/arm-none-eabi/12.2.0/../../../../arm-none-eabi/lib/thumb/v6-m/nofp/libc.a(lib_a-freer.o)
                0x000000001000362c                _free_r
 .text.__retarget_lock_acquire_recursive
                0x0000000010003800        0x4 /usr/lib/gcc/arm-none-eabi/12.2.0/../../../../arm-none-eabi/lib/thumb/v6-m/nofp/libc.a(lib_a-lock.o)
                0x0000000010003800                __retarget_lock_acquire_recursive
 .text.__retarget_lock_release_recursive
                0x0000000010003804        0x4 /usr/lib/gcc/arm-none-eabi/12.2.0/../../../../arm-none-eabi/lib/thumb/v6-m/nofp/libc.a(lib_a-lock.o)
                0x0000000010003804                __retarget_lock_release_recursive
 *(.fini)
 .fini          0x0000000010003808        0x4 /usr/lib/gcc/arm-none-eabi/12.2.0/thumb/v6-m/nofp/crti.o
                0x0000000010003808                _fini
 *fill*         0x000000001000380c        0x4 
 .fini.__stub   0x0000000010003810       0x60 linker stubs
 *crtbegin.o(.ctors)
 *crtbegin?.o(.ctors)
 *(EXCLUDE_FILE(*crtend.o *crtend?.o) .ctors)
 *(SORT_BY_NAME(.ctors.*))
 *(.ctors)
 *crtbegin.o(.dtors)
 *crtbegin?.o(.dtors)
 *(EXCLUDE_FILE(*crtend.o *crtend?.o) .dtors)
 *(SORT_BY_NAME(.dtors.*))
 *(.dtors)
 *(.eh_frame*)
 .eh_frame      0x0000000010003870        0x0 /usr/lib/gcc/arm-none-eabi/12.2.0/thumb/v6-m/nofp/crtbegin.o
                0x0000000010003870                . = ALIGN (0x4)

.glue_7         0x0000000010003870        0x0
 .glue_7        0x0000000010003870        0x0 linker stubs

.glue_7t        0x0000000010003870        0x0
 .glue_7t       0x0000000010003870        0x0 linker stubs

.vfp11_veneer   0x0000000010003870        0x0
 .vfp11_veneer  0x0000000010003870        0x0 linker stubs

.v4_bx          0x0000000010003870        0x0
 .v4_bx         0x0000000010003870        0x0 linker stubs

.iplt           0x0000000010003870        0x0
 .iplt          0x0000000010003870        0x0 /usr/lib/gcc/arm-none-eabi/12.2.0/thumb/v6-m/nofp/crtbegin.o

.rodata         0x0000000010003870      0x110
 *(EXCLUDE_FILE(*libm.a: *libc.a:*lib_a-mem*.o *libgcc.a:) .rodata*)
 .rodata        0x0000000010003870        0xe CMakeFiles/JUST-SNAKE.dir/src/main.c.obj
 *fill*         0x000000001000387e        0x2 
 .rodata.g_main_menu_bytes
                0x0000000010003880       0x20 CMakeFiles/JUST-SNAKE.dir/home/fae/Tech/uC/Led-Matrix/src/board.c.obj
                0x0000000010003880                g_main_menu_bytes
 .rodata.g_empty_board_bytes
                0x00000000100038a0       0x20 CMakeFiles/JUST-SNAKE.dir/home/fae/Tech/uC/Led-Matrix/src/board.c.obj
                0x00000000100038a0                g_empty_board_bytes
 .rodata.hardware_alarm_claim.str1.4
                0x00000000100038c0       0x22 CMakeFiles/JUST-SNAKE.dir/usr/share/pico-sdk/src/rp2_common/hardware_timer/timer.c.obj
 *fill*         0x00000000100038e2        0x2 
 .rodata.panic.str1.4
                0x00000000100038e4       0x12 CMakeFiles/JUST-SNAKE.dir/usr/share/pico-sdk/src/rp2_common/pico_runtime/runtime.c.obj
 *fill*         0x00000000100038f6        0x2 
 .rodata.hard_assertion_failure.str1.4
                0x00000000100038f8        0xc CMakeFiles/JUST-SNAKE.dir/usr/share/pico-sdk/src/rp2_common/pico_runtime/runtime.c.obj
 .rodata.__wrap_malloc.str1.4
                0x0000000010003904        0xe CMakeFiles/JUST-SNAKE.dir/usr/share/pico-sdk/src/rp2_common/pico_malloc/pico_malloc.c.obj
 *fill*         0x0000000010003912        0x2 
 .rodata.str1.4
                0x0000000010003914       0x40 CMakeFiles/JUST-SNAKE.dir/usr/share/pico-sdk/src/rp2_common/pico_standard_link/binary_info.c.obj
 .rodata.__bi_81
                0x0000000010003954        0xc CMakeFiles/JUST-SNAKE.dir/usr/share/pico-sdk/src/rp2_common/pico_standard_link/binary_info.c.obj
 .rodata.__bi_75
                0x0000000010003960        0xc CMakeFiles/JUST-SNAKE.dir/usr/share/pico-sdk/src/rp2_common/pico_standard_link/binary_info.c.obj
 .rodata.__bi_44
                0x000000001000396c        0xc CMakeFiles/JUST-SNAKE.dir/usr/share/pico-sdk/src/rp2_common/pico_standard_link/binary_info.c.obj
 .rodata.crlf_str.0
                0x0000000010003978        0x2 CMakeFiles/JUST-SNAKE.dir/usr/share/pico-sdk/src/rp2_common/pico_stdio/stdio.c.obj
 *fill*         0x000000001000397a        0x2 
 .rodata._global_impure_ptr
                0x000000001000397c        0x4 /usr/lib/gcc/arm-none-eabi/12.2.0/../../../../arm-none-eabi/lib/thumb/v6-m/nofp/libc.a(lib_a-impure.o)
                0x000000001000397c                _global_impure_ptr
                0x0000000010003980                . = ALIGN (0x4)
 *(SORT_BY_ALIGNMENT(SORT_BY_NAME(.flashdata*)))
                0x0000000010003980                . = ALIGN (0x4)

.rel.dyn        0x0000000010003980        0x0
 .rel.iplt      0x0000000010003980        0x0 /usr/lib/gcc/arm-none-eabi/12.2.0/thumb/v6-m/nofp/crtbegin.o

.ARM.extab
 *(.ARM.extab* .gnu.linkonce.armextab.*)
                0x0000000010003980                __exidx_start = .

.ARM.exidx
 *(.ARM.exidx* .gnu.linkonce.armexidx.*)
                0x0000000010003980                __exidx_end = .
                0x0000000010003980                . = ALIGN (0x4)
                0x0000000010003980                __binary_info_start = .

.binary_info    0x0000000010003980       0x1c
 *(.binary_info.keep.*)
 .binary_info.keep.__bi_ptr81
                0x0000000010003980        0x4 CMakeFiles/JUST-SNAKE.dir/usr/share/pico-sdk/src/rp2_common/pico_standard_link/binary_info.c.obj
 .binary_info.keep.__bi_ptr75
                0x0000000010003984        0x4 CMakeFiles/JUST-SNAKE.dir/usr/share/pico-sdk/src/rp2_common/pico_standard_link/binary_info.c.obj
 .binary_info.keep.__bi_ptr50
                0x0000000010003988        0x4 CMakeFiles/JUST-SNAKE.dir/usr/share/pico-sdk/src/rp2_common/pico_standard_link/binary_info.c.obj
 .binary_info.keep.__bi_ptr44
                0x000000001000398c        0x4 CMakeFiles/JUST-SNAKE.dir/usr/share/pico-sdk/src/rp2_common/pico_standard_link/binary_info.c.obj
 .binary_info.keep.__bi_ptr38
                0x0000000010003990        0x4 CMakeFiles/JUST-SNAKE.dir/usr/share/pico-sdk/src/rp2_common/pico_standard_link/binary_info.c.obj
 .binary_info.keep.__bi_ptr30
                0x0000000010003994        0x4 CMakeFiles/JUST-SNAKE.dir/usr/share/pico-sdk/src/rp2_common/pico_standard_link/binary_info.c.obj
 .binary_info.keep.__bi_ptr22
                0x0000000010003998        0x4 CMakeFiles/JUST-SNAKE.dir/usr/share/pico-sdk/src/rp2_common/pico_standard_link/binary_info.c.obj
 *(.binary_info.*)
                0x000000001000399c                __binary_info_end = .
                0x000000001000399c                . = ALIGN (0x4)
                0x000000001000399c                __etext = .

.ram_vector_table
                0x0000000020000000       0xc0
 *(.ram_vector_table)
 .ram_vector_table
                0x0000000020000000       0xc0 CMakeFiles/JUST-SNAKE.dir/usr/share/pico-sdk/src/rp2_common/pico_runtime/runtime.c.obj
                0x0000000020000000                ram_vector_table

.data           0x00000000200000c0      0xb04 load address 0x000000001000399c
                0x00000000200000c0                __data_start__ = .
 *(vtable)
 *(.time_critical*)
 .time_critical.mutex_enter_blocking
                0x00000000200000c0       0x48 CMakeFiles/JUST-SNAKE.dir/usr/share/pico-sdk/src/common/pico_sync/mutex.c.obj
                0x00000000200000c0                mutex_enter_blocking
 .time_critical.mutex_try_enter
                0x0000000020000108       0x40 CMakeFiles/JUST-SNAKE.dir/usr/share/pico-sdk/src/common/pico_sync/mutex.c.obj
                0x0000000020000108                mutex_try_enter
 .time_critical.mutex_exit
                0x0000000020000148       0x28 CMakeFiles/JUST-SNAKE.dir/usr/share/pico-sdk/src/common/pico_sync/mutex.c.obj
                0x0000000020000148                mutex_exit
 .time_critical.flash_init_boot2_copyout
                0x0000000020000170       0x30 CMakeFiles/JUST-SNAKE.dir/usr/share/pico-sdk/src/rp2_common/hardware_flash/flash.c.obj
 .time_critical.flash_enable_xip_via_boot2
                0x00000000200001a0        0xc CMakeFiles/JUST-SNAKE.dir/usr/share/pico-sdk/src/rp2_common/hardware_flash/flash.c.obj
 .time_critical.flash_range_erase
                0x00000000200001ac       0x80 CMakeFiles/JUST-SNAKE.dir/usr/share/pico-sdk/src/rp2_common/hardware_flash/flash.c.obj
                0x00000000200001ac                flash_range_erase
 .time_critical.flash_range_program
                0x000000002000022c       0x80 CMakeFiles/JUST-SNAKE.dir/usr/share/pico-sdk/src/rp2_common/hardware_flash/flash.c.obj
                0x000000002000022c                flash_range_program
 *(.text*)
 .text          0x00000000200002ac        0x4 /usr/lib/gcc/arm-none-eabi/12.2.0/thumb/v6-m/nofp/libgcc.a(_dvmd_tls.o)
                0x00000000200002ac                __aeabi_ldiv0
                0x00000000200002ac                __aeabi_idiv0
 .text.__stub   0x00000000200002b0       0x10 linker stubs
                0x00000000200002c0                . = ALIGN (0x4)
 *(.rodata*)
                0x00000000200002c0                . = ALIGN (0x4)
 *(.data*)
 .data.striped_spin_lock_num
                0x00000000200002c0        0x1 CMakeFiles/JUST-SNAKE.dir/usr/share/pico-sdk/src/rp2_common/hardware_sync/sync.c.obj
 *fill*         0x00000000200002c1        0x3 
 .data          0x00000000200002c4       0x48 CMakeFiles/JUST-SNAKE.dir/usr/share/pico-sdk/src/rp2_common/hardware_irq/irq_handler_chain.S.obj
                0x00000000200002c4                irq_handler_chain_slots
                0x00000000200002f4                irq_handler_chain_first_slot
                0x00000000200002fe                irq_handler_chain_remove_tail
 .data.default_alarm_pool
                0x000000002000030c       0x18 CMakeFiles/JUST-SNAKE.dir/usr/share/pico-sdk/src/common/pico_time/time.c.obj
 .data.default_alarm_pool_heap
                0x0000000020000324       0x10 CMakeFiles/JUST-SNAKE.dir/usr/share/pico-sdk/src/common/pico_time/time.c.obj
 *fill*         0x0000000020000334        0xc 
 .data.aeabi_bits_funcs
                0x0000000020000340       0x10 CMakeFiles/JUST-SNAKE.dir/usr/share/pico-sdk/src/rp2_common/pico_bit_ops/bit_ops_aeabi.S.obj
                0x0000000020000340                aeabi_bits_funcs
                0x0000000020000350                aeabi_bits_funcs_end
 .data.aeabi_mem_funcs
                0x0000000020000350       0x10 CMakeFiles/JUST-SNAKE.dir/usr/share/pico-sdk/src/rp2_common/pico_mem_ops/mem_ops_aeabi.S.obj
                0x0000000020000350                aeabi_mem_funcs
                0x0000000020000360                aeabi_mem_funcs_end
 .data._impure_ptr
                0x0000000020000360        0x4 /usr/lib/gcc/arm-none-eabi/12.2.0/../../../../arm-none-eabi/lib/thumb/v6-m/nofp/libc.a(lib_a-impure.o)
                0x0000000020000360                _impure_ptr
 *fill*         0x0000000020000364        0x4 
 .data.impure_data
                0x0000000020000368      0x428 /usr/lib/gcc/arm-none-eabi/12.2.0/../../../../arm-none-eabi/lib/thumb/v6-m/nofp/libc.a(lib_a-impure.o)
 .data.__malloc_av_
                0x0000000020000790      0x408 /usr/lib/gcc/arm-none-eabi/12.2.0/../../../../arm-none-eabi/lib/thumb/v6-m/nofp/libc.a(lib_a-mallocr.o)
                0x0000000020000790                __malloc_av_
 .data.__malloc_sbrk_base
                0x0000000020000b98        0x4 /usr/lib/gcc/arm-none-eabi/12.2.0/../../../../arm-none-eabi/lib/thumb/v6-m/nofp/libc.a(lib_a-mallocr.o)
                0x0000000020000b98                __malloc_sbrk_base
 .data.__malloc_trim_threshold
                0x0000000020000b9c        0x4 /usr/lib/gcc/arm-none-eabi/12.2.0/../../../../arm-none-eabi/lib/thumb/v6-m/nofp/libc.a(lib_a-mallocr.o)
                0x0000000020000b9c                __malloc_trim_threshold
 .data.__atexit_recursive_mutex
                0x0000000020000ba0        0x4 /usr/lib/gcc/arm-none-eabi/12.2.0/../../../../arm-none-eabi/lib/thumb/v6-m/nofp/libc.a(lib_a-__call_atexit.o)
                0x0000000020000ba0                __atexit_recursive_mutex
                0x0000000020000ba4                . = ALIGN (0x4)
 *(.after_data.*)
                0x0000000020000ba4                . = ALIGN (0x4)
                0x0000000020000ba4                PROVIDE (__mutex_array_start = .)
 *(SORT_BY_NAME(.mutex_array.*))
 *(.mutex_array)
 .mutex_array   0x0000000020000ba4        0x8 CMakeFiles/JUST-SNAKE.dir/usr/share/pico-sdk/src/rp2_common/pico_stdio/stdio.c.obj
                0x0000000020000bac                PROVIDE (__mutex_array_end = .)
                0x0000000020000bac                . = ALIGN (0x4)
                0x0000000020000bac                PROVIDE (__preinit_array_start = .)
 *(SORT_BY_NAME(.preinit_array.*))
 .preinit_array.00001
                0x0000000020000bac        0x4 CMakeFiles/JUST-SNAKE.dir/usr/share/pico-sdk/src/rp2_common/pico_mem_ops/mem_ops_aeabi.S.obj
 .preinit_array.00010
                0x0000000020000bb0        0x4 CMakeFiles/JUST-SNAKE.dir/usr/share/pico-sdk/src/rp2_common/pico_bit_ops/bit_ops_aeabi.S.obj
 .preinit_array.00020
                0x0000000020000bb4        0x4 CMakeFiles/JUST-SNAKE.dir/usr/share/pico-sdk/src/rp2_common/pico_double/double_aeabi.S.obj
 .preinit_array.00020
                0x0000000020000bb8        0x4 CMakeFiles/JUST-SNAKE.dir/usr/share/pico-sdk/src/rp2_common/pico_float/float_aeabi.S.obj
 *(.preinit_array)
                0x0000000020000bbc                PROVIDE (__preinit_array_end = .)
                0x0000000020000bbc                . = ALIGN (0x4)
                0x0000000020000bbc                PROVIDE (__init_array_start = .)
 *(SORT_BY_NAME(.init_array.*))
 .init_array.00000
                0x0000000020000bbc        0x4 /usr/lib/gcc/arm-none-eabi/12.2.0/../../../../arm-none-eabi/lib/thumb/v6-m/nofp/libc.a(lib_a-__call_atexit.o)
 *(.init_array)
 .init_array    0x0000000020000bc0        0x4 /usr/lib/gcc/arm-none-eabi/12.2.0/thumb/v6-m/nofp/crtbegin.o
                0x0000000020000bc4                PROVIDE (__init_array_end = .)
                0x0000000020000bc4                . = ALIGN (0x4)
                0x0000000020000bc4                PROVIDE (__fini_array_start = .)
 *(SORT_BY_NAME(.fini_array.*))
 *(.fini_array)
                0x0000000020000bc4                PROVIDE (__fini_array_end = .)
 *(.jcr)
                0x0000000020000bc4                . = ALIGN (0x4)
                0x0000000020000bc4                __data_end__ = .

.igot.plt       0x0000000020000bc4        0x0 load address 0x00000000100044a0
 .igot.plt      0x0000000020000bc4        0x0 /usr/lib/gcc/arm-none-eabi/12.2.0/thumb/v6-m/nofp/crtbegin.o

.uninitialized_data
                0x0000000020000bc4        0x0 load address 0x00000000100044a0
                0x0000000020000bc4                . = ALIGN (0x4)
 *(.uninitialized_data*)

.scratch_x      0x0000000020040000        0x0 load address 0x00000000100044a0
                0x0000000020040000                __scratch_x_start__ = .
 *(.scratch_x.*)
                0x0000000020040000                . = ALIGN (0x4)
                0x0000000020040000                __scratch_x_end__ = .
                0x00000000100044a0                __scratch_x_source__ = LOADADDR (.scratch_x)

.scratch_y      0x0000000020041000        0x0 load address 0x00000000100044a0
                0x0000000020041000                __scratch_y_start__ = .
 *(.scratch_y.*)
                0x0000000020041000                . = ALIGN (0x4)
                0x0000000020041000                __scratch_y_end__ = .
                0x00000000100044a0                __scratch_y_source__ = LOADADDR (.scratch_y)

.bss            0x0000000020000bc8      0x744
                0x0000000020000bc8                . = ALIGN (0x4)
                0x0000000020000bc8                __bss_start__ = .
 *(SORT_BY_ALIGNMENT(SORT_BY_NAME(.bss*)))
 .bss.configured_freq
                0x0000000020000bc8       0x28 CMakeFiles/JUST-SNAKE.dir/usr/share/pico-sdk/src/rp2_common/hardware_clocks/clocks.c.obj
 .bss.default_alarm_pool_entries
                0x0000000020000bf0      0x100 CMakeFiles/JUST-SNAKE.dir/usr/share/pico-sdk/src/common/pico_time/time.c.obj
 .bss.sd_table  0x0000000020000cf0      0x100 CMakeFiles/JUST-SNAKE.dir/usr/share/pico-sdk/src/rp2_common/pico_double/double_init_rom.c.obj
                0x0000000020000cf0                sd_table
 .bss.sf_table  0x0000000020000df0      0x100 CMakeFiles/JUST-SNAKE.dir/usr/share/pico-sdk/src/rp2_common/pico_float/float_init_rom.c.obj
                0x0000000020000df0                sf_table
 .bss.__lock___atexit_recursive_mutex
                0x0000000020000ef0        0x1 /usr/lib/gcc/arm-none-eabi/12.2.0/../../../../arm-none-eabi/lib/thumb/v6-m/nofp/libc.a(lib_a-lock.o)
                0x0000000020000ef0                __lock___atexit_recursive_mutex
 *fill*         0x0000000020000ef1        0x3 
 .bss.__lock___malloc_recursive_mutex
                0x0000000020000ef4        0x1 /usr/lib/gcc/arm-none-eabi/12.2.0/../../../../arm-none-eabi/lib/thumb/v6-m/nofp/libc.a(lib_a-lock.o)
                0x0000000020000ef4                __lock___malloc_recursive_mutex
 *fill*         0x0000000020000ef5        0x3 
 .bss.__malloc_current_mallinfo
                0x0000000020000ef8       0x28 /usr/lib/gcc/arm-none-eabi/12.2.0/../../../../arm-none-eabi/lib/thumb/v6-m/nofp/libc.a(lib_a-mallocr.o)
                0x0000000020000ef8                __malloc_current_mallinfo
 .bss.__malloc_max_sbrked_mem
                0x0000000020000f20        0x4 /usr/lib/gcc/arm-none-eabi/12.2.0/../../../../arm-none-eabi/lib/thumb/v6-m/nofp/libc.a(lib_a-mallocr.o)
                0x0000000020000f20                __malloc_max_sbrked_mem
 .bss.__malloc_max_total_mem
                0x0000000020000f24        0x4 /usr/lib/gcc/arm-none-eabi/12.2.0/../../../../arm-none-eabi/lib/thumb/v6-m/nofp/libc.a(lib_a-mallocr.o)
                0x0000000020000f24                __malloc_max_total_mem
 .bss.__malloc_top_pad
                0x0000000020000f28        0x4 /usr/lib/gcc/arm-none-eabi/12.2.0/../../../../arm-none-eabi/lib/thumb/v6-m/nofp/libc.a(lib_a-mallocr.o)
                0x0000000020000f28                __malloc_top_pad
 .bss.alarm_callbacks
                0x0000000020000f2c       0x10 CMakeFiles/JUST-SNAKE.dir/usr/share/pico-sdk/src/rp2_common/hardware_timer/timer.c.obj
 .bss.aux_ptr.0
                0x0000000020000f3c        0x4 CMakeFiles/JUST-SNAKE.dir/src/snake.c.obj
 .bss.boot2_copyout
                0x0000000020000f40      0x100 CMakeFiles/JUST-SNAKE.dir/usr/share/pico-sdk/src/rp2_common/hardware_flash/flash.c.obj
 .bss.callbacks
                0x0000000020001040        0x8 CMakeFiles/JUST-SNAKE.dir/usr/share/pico-sdk/src/rp2_common/hardware_gpio/gpio.c.obj
 .bss.default_alarm_pool_entry_ids_high
                0x0000000020001048       0x10 CMakeFiles/JUST-SNAKE.dir/usr/share/pico-sdk/src/common/pico_time/time.c.obj
 .bss.default_alarm_pool_heap_nodes
                0x0000000020001058       0x30 CMakeFiles/JUST-SNAKE.dir/usr/share/pico-sdk/src/common/pico_time/time.c.obj
 .bss.drivers   0x0000000020001088        0x4 CMakeFiles/JUST-SNAKE.dir/usr/share/pico-sdk/src/rp2_common/pico_stdio/stdio.c.obj
 .bss.errno     0x000000002000108c        0x4 /usr/lib/gcc/arm-none-eabi/12.2.0/../../../../arm-none-eabi/lib/thumb/v6-m/nofp/libc.a(lib_a-reent.o)
                0x000000002000108c                errno
 .bss.filter    0x0000000020001090        0x4 CMakeFiles/JUST-SNAKE.dir/usr/share/pico-sdk/src/rp2_common/pico_stdio/stdio.c.obj
 .bss.game_board
                0x0000000020001094      0x10c CMakeFiles/JUST-SNAKE.dir/src/snake.c.obj
                0x0000000020001094                game_board
 .bss.gp_col_regs
                0x00000000200011a0        0x4 CMakeFiles/JUST-SNAKE.dir/home/fae/Tech/uC/Led-Matrix/src/board.c.obj
                0x00000000200011a0                gp_col_regs
 .bss.gp_row_regs
                0x00000000200011a4        0x4 CMakeFiles/JUST-SNAKE.dir/home/fae/Tech/uC/Led-Matrix/src/board.c.obj
                0x00000000200011a4                gp_row_regs
 .bss.heap_end.0
                0x00000000200011a8        0x4 CMakeFiles/JUST-SNAKE.dir/usr/share/pico-sdk/src/rp2_common/pico_runtime/runtime.c.obj
 .bss.lazy_vsnprintf
                0x00000000200011ac        0x4 CMakeFiles/JUST-SNAKE.dir/usr/share/pico-sdk/src/rp2_common/pico_printf/printf.c.obj
 .bss.object.0  0x00000000200011b0       0x18 /usr/lib/gcc/arm-none-eabi/12.2.0/thumb/v6-m/nofp/crtbegin.o
 .bss.pools     0x00000000200011c8       0x10 CMakeFiles/JUST-SNAKE.dir/usr/share/pico-sdk/src/common/pico_time/time.c.obj
 .bss.raw_irq_mask
                0x00000000200011d8        0x8 CMakeFiles/JUST-SNAKE.dir/usr/share/pico-sdk/src/rp2_common/hardware_gpio/gpio.c.obj
 .bss.rows.5    0x00000000200011e0        0x2 CMakeFiles/JUST-SNAKE.dir/home/fae/Tech/uC/Led-Matrix/src/board.c.obj
 *fill*         0x00000000200011e2        0x2 
 .bss.seed      0x00000000200011e4        0x4 CMakeFiles/JUST-SNAKE.dir/home/fae/Tech/uC/Led-Matrix/src/utilities.c.obj
                0x00000000200011e4                seed
 .bss.seed_flash.0
                0x00000000200011e8      0x100 CMakeFiles/JUST-SNAKE.dir/home/fae/Tech/uC/Led-Matrix/src/utilities.c.obj
 .bss.sf_clz_func
                0x00000000200012e8        0x4 CMakeFiles/JUST-SNAKE.dir/usr/share/pico-sdk/src/rp2_common/pico_double/double_init_rom.c.obj
                0x00000000200012e8                sf_clz_func
 .bss.sleep_notifier
                0x00000000200012ec        0x4 CMakeFiles/JUST-SNAKE.dir/usr/share/pico-sdk/src/common/pico_time/time.c.obj
 .bss.target_hi
                0x00000000200012f0       0x10 CMakeFiles/JUST-SNAKE.dir/usr/share/pico-sdk/src/rp2_common/hardware_timer/timer.c.obj
 .bss.boot2_copyout_valid
                0x0000000020001300        0x1 CMakeFiles/JUST-SNAKE.dir/usr/share/pico-sdk/src/rp2_common/hardware_flash/flash.c.obj
 .bss.claimed   0x0000000020001301        0x1 CMakeFiles/JUST-SNAKE.dir/usr/share/pico-sdk/src/rp2_common/hardware_timer/timer.c.obj
 .bss.cntr.1    0x0000000020001302        0x1 CMakeFiles/JUST-SNAKE.dir/src/snake.c.obj
 .bss.game_over
                0x0000000020001303        0x1 CMakeFiles/JUST-SNAKE.dir/src/snake.c.obj
                0x0000000020001303                game_over
 .bss.i.1       0x0000000020001304        0x1 CMakeFiles/JUST-SNAKE.dir/home/fae/Tech/uC/Led-Matrix/src/board.c.obj
 .bss.i.4       0x0000000020001305        0x1 CMakeFiles/JUST-SNAKE.dir/home/fae/Tech/uC/Led-Matrix/src/board.c.obj
 .bss.irq_hander_chain_free_slot_head
                0x0000000020001306        0x1 CMakeFiles/JUST-SNAKE.dir/usr/share/pico-sdk/src/rp2_common/hardware_irq/irq.c.obj
 .bss.j.0       0x0000000020001307        0x1 CMakeFiles/JUST-SNAKE.dir/home/fae/Tech/uC/Led-Matrix/src/board.c.obj
 .bss.timer_callbacks_pending
                0x0000000020001308        0x1 CMakeFiles/JUST-SNAKE.dir/usr/share/pico-sdk/src/rp2_common/hardware_timer/timer.c.obj
 *(COMMON)
                0x000000002000130c                . = ALIGN (0x4)
 *fill*         0x0000000020001309        0x3 
                0x000000002000130c                __bss_end__ = .

.heap           0x000000002000130c      0x800
                0x000000002000130c                __end__ = .
                0x000000002000130c                end = __end__
 *(.heap*)
 .heap          0x000000002000130c      0x800 CMakeFiles/JUST-SNAKE.dir/usr/share/pico-sdk/src/rp2_common/pico_standard_link/crt0.S.obj
                0x0000000020001b0c                __HeapLimit = .

.stack1_dummy
 *(.stack1*)

.stack_dummy    0x0000000020041000      0x800
 *(.stack*)
 .stack         0x0000000020041000      0x800 CMakeFiles/JUST-SNAKE.dir/usr/share/pico-sdk/src/rp2_common/pico_standard_link/crt0.S.obj

.flash_end      0x00000000100044a0        0x0
                0x00000000100044a0                __flash_binary_end = .
                0x0000000020040000                __StackLimit = (ORIGIN (RAM) + LENGTH (RAM))
                0x0000000020041000                __StackOneTop = (ORIGIN (SCRATCH_X) + LENGTH (SCRATCH_X))
                0x0000000020042000                __StackTop = (ORIGIN (SCRATCH_Y) + LENGTH (SCRATCH_Y))
                0x0000000020041000                __StackOneBottom = (__StackOneTop - SIZEOF (.stack1_dummy))
                0x0000000020041800                __StackBottom = (__StackTop - SIZEOF (.stack_dummy))
                0x0000000020042000                PROVIDE (__stack = __StackTop)
                0x0000000000000001                ASSERT ((__StackLimit >= __HeapLimit), region RAM overflowed)
                0x0000000000000001                ASSERT (((__binary_info_header_end - __logical_binary_start) <= 0x100), Binary info must be in first 256 bytes of the binary)
LOAD CMakeFiles/JUST-SNAKE.dir/src/main.c.obj
LOAD CMakeFiles/JUST-SNAKE.dir/src/snake.c.obj
LOAD CMakeFiles/JUST-SNAKE.dir/home/fae/Tech/uC/Led-Matrix/src/74HC595.c.obj
LOAD CMakeFiles/JUST-SNAKE.dir/home/fae/Tech/uC/Led-Matrix/src/board.c.obj
LOAD CMakeFiles/JUST-SNAKE.dir/home/fae/Tech/uC/Led-Matrix/src/utilities.c.obj
LOAD CMakeFiles/JUST-SNAKE.dir/usr/share/pico-sdk/src/rp2_common/pico_stdlib/stdlib.c.obj
LOAD CMakeFiles/JUST-SNAKE.dir/usr/share/pico-sdk/src/rp2_common/hardware_gpio/gpio.c.obj
LOAD CMakeFiles/JUST-SNAKE.dir/usr/share/pico-sdk/src/rp2_common/hardware_claim/claim.c.obj
LOAD CMakeFiles/JUST-SNAKE.dir/usr/share/pico-sdk/src/rp2_common/pico_platform/platform.c.obj
LOAD CMakeFiles/JUST-SNAKE.dir/usr/share/pico-sdk/src/rp2_common/hardware_sync/sync.c.obj
LOAD CMakeFiles/JUST-SNAKE.dir/usr/share/pico-sdk/src/rp2_common/hardware_irq/irq.c.obj
LOAD CMakeFiles/JUST-SNAKE.dir/usr/share/pico-sdk/src/rp2_common/hardware_irq/irq_handler_chain.S.obj
LOAD CMakeFiles/JUST-SNAKE.dir/usr/share/pico-sdk/src/common/pico_sync/sem.c.obj
LOAD CMakeFiles/JUST-SNAKE.dir/usr/share/pico-sdk/src/common/pico_sync/lock_core.c.obj
LOAD CMakeFiles/JUST-SNAKE.dir/usr/share/pico-sdk/src/common/pico_time/time.c.obj
LOAD CMakeFiles/JUST-SNAKE.dir/usr/share/pico-sdk/src/common/pico_time/timeout_helper.c.obj
LOAD CMakeFiles/JUST-SNAKE.dir/usr/share/pico-sdk/src/rp2_common/hardware_timer/timer.c.obj
LOAD CMakeFiles/JUST-SNAKE.dir/usr/share/pico-sdk/src/common/pico_util/datetime.c.obj
LOAD CMakeFiles/JUST-SNAKE.dir/usr/share/pico-sdk/src/common/pico_util/pheap.c.obj
LOAD CMakeFiles/JUST-SNAKE.dir/usr/share/pico-sdk/src/common/pico_util/queue.c.obj
LOAD CMakeFiles/JUST-SNAKE.dir/usr/share/pico-sdk/src/common/pico_sync/mutex.c.obj
LOAD CMakeFiles/JUST-SNAKE.dir/usr/share/pico-sdk/src/common/pico_sync/critical_section.c.obj
LOAD CMakeFiles/JUST-SNAKE.dir/usr/share/pico-sdk/src/rp2_common/hardware_uart/uart.c.obj
LOAD CMakeFiles/JUST-SNAKE.dir/usr/share/pico-sdk/src/rp2_common/hardware_divider/divider.S.obj
LOAD CMakeFiles/JUST-SNAKE.dir/usr/share/pico-sdk/src/rp2_common/pico_runtime/runtime.c.obj
LOAD CMakeFiles/JUST-SNAKE.dir/usr/share/pico-sdk/src/rp2_common/hardware_clocks/clocks.c.obj
LOAD CMakeFiles/JUST-SNAKE.dir/usr/share/pico-sdk/src/rp2_common/hardware_pll/pll.c.obj
LOAD CMakeFiles/JUST-SNAKE.dir/usr/share/pico-sdk/src/rp2_common/hardware_vreg/vreg.c.obj
LOAD CMakeFiles/JUST-SNAKE.dir/usr/share/pico-sdk/src/rp2_common/hardware_watchdog/watchdog.c.obj
LOAD CMakeFiles/JUST-SNAKE.dir/usr/share/pico-sdk/src/rp2_common/hardware_xosc/xosc.c.obj
LOAD CMakeFiles/JUST-SNAKE.dir/usr/share/pico-sdk/src/rp2_common/pico_printf/printf.c.obj
LOAD CMakeFiles/JUST-SNAKE.dir/usr/share/pico-sdk/src/rp2_common/pico_bit_ops/bit_ops_aeabi.S.obj
LOAD CMakeFiles/JUST-SNAKE.dir/usr/share/pico-sdk/src/rp2_common/pico_bootrom/bootrom.c.obj
LOAD CMakeFiles/JUST-SNAKE.dir/usr/share/pico-sdk/src/rp2_common/pico_divider/divider.S.obj
LOAD CMakeFiles/JUST-SNAKE.dir/usr/share/pico-sdk/src/rp2_common/pico_double/double_aeabi.S.obj
LOAD CMakeFiles/JUST-SNAKE.dir/usr/share/pico-sdk/src/rp2_common/pico_double/double_init_rom.c.obj
LOAD CMakeFiles/JUST-SNAKE.dir/usr/share/pico-sdk/src/rp2_common/pico_double/double_math.c.obj
LOAD CMakeFiles/JUST-SNAKE.dir/usr/share/pico-sdk/src/rp2_common/pico_double/double_v1_rom_shim.S.obj
LOAD CMakeFiles/JUST-SNAKE.dir/usr/share/pico-sdk/src/rp2_common/pico_int64_ops/pico_int64_ops_aeabi.S.obj
LOAD CMakeFiles/JUST-SNAKE.dir/usr/share/pico-sdk/src/rp2_common/pico_float/float_aeabi.S.obj
LOAD CMakeFiles/JUST-SNAKE.dir/usr/share/pico-sdk/src/rp2_common/pico_float/float_init_rom.c.obj
LOAD CMakeFiles/JUST-SNAKE.dir/usr/share/pico-sdk/src/rp2_common/pico_float/float_math.c.obj
LOAD CMakeFiles/JUST-SNAKE.dir/usr/share/pico-sdk/src/rp2_common/pico_float/float_v1_rom_shim.S.obj
LOAD CMakeFiles/JUST-SNAKE.dir/usr/share/pico-sdk/src/rp2_common/pico_malloc/pico_malloc.c.obj
LOAD CMakeFiles/JUST-SNAKE.dir/usr/share/pico-sdk/src/rp2_common/pico_mem_ops/mem_ops_aeabi.S.obj
LOAD CMakeFiles/JUST-SNAKE.dir/usr/share/pico-sdk/src/rp2_common/pico_standard_link/crt0.S.obj
LOAD CMakeFiles/JUST-SNAKE.dir/usr/share/pico-sdk/src/rp2_common/pico_standard_link/new_delete.cpp.obj
LOAD CMakeFiles/JUST-SNAKE.dir/usr/share/pico-sdk/src/rp2_common/pico_standard_link/binary_info.c.obj
LOAD CMakeFiles/JUST-SNAKE.dir/usr/share/pico-sdk/src/rp2_common/pico_stdio/stdio.c.obj
LOAD CMakeFiles/JUST-SNAKE.dir/usr/share/pico-sdk/src/rp2_common/pico_stdio_uart/stdio_uart.c.obj
LOAD CMakeFiles/JUST-SNAKE.dir/usr/share/pico-sdk/src/rp2_common/hardware_flash/flash.c.obj
LOAD /tmp/cc8nPyu6.o
LOAD /usr/lib/gcc/arm-none-eabi/12.2.0/../../../../arm-none-eabi/lib/thumb/v6-m/nofp/libstdc++.a
LOAD /usr/lib/gcc/arm-none-eabi/12.2.0/../../../../arm-none-eabi/lib/thumb/v6-m/nofp/libm.a
START GROUP
LOAD /usr/lib/gcc/arm-none-eabi/12.2.0/thumb/v6-m/nofp/libgcc.a
LOAD /usr/lib/gcc/arm-none-eabi/12.2.0/../../../../arm-none-eabi/lib/thumb/v6-m/nofp/libc.a
END GROUP
START GROUP
LOAD /usr/lib/gcc/arm-none-eabi/12.2.0/thumb/v6-m/nofp/libgcc.a
LOAD /usr/lib/gcc/arm-none-eabi/12.2.0/../../../../arm-none-eabi/lib/thumb/v6-m/nofp/libc.a
LOAD /usr/lib/gcc/arm-none-eabi/12.2.0/../../../../arm-none-eabi/lib/thumb/v6-m/nofp/libnosys.a
END GROUP
LOAD /usr/lib/gcc/arm-none-eabi/12.2.0/thumb/v6-m/nofp/crtend.o
LOAD /usr/lib/gcc/arm-none-eabi/12.2.0/thumb/v6-m/nofp/crtn.o
OUTPUT(JUST-SNAKE.elf elf32-littlearm)
LOAD linker stubs

.ARM.attributes
                0x0000000000000000       0x28
 .ARM.attributes
                0x0000000000000000       0x1e /usr/lib/gcc/arm-none-eabi/12.2.0/thumb/v6-m/nofp/crti.o
 .ARM.attributes
                0x000000000000001e       0x2c /usr/lib/gcc/arm-none-eabi/12.2.0/thumb/v6-m/nofp/crtbegin.o
 .ARM.attributes
                0x000000000000004a       0x2c CMakeFiles/JUST-SNAKE.dir/src/main.c.obj
 .ARM.attributes
                0x0000000000000076       0x2c CMakeFiles/JUST-SNAKE.dir/src/snake.c.obj
 .ARM.attributes
                0x00000000000000a2       0x2c CMakeFiles/JUST-SNAKE.dir/home/fae/Tech/uC/Led-Matrix/src/74HC595.c.obj
 .ARM.attributes
                0x00000000000000ce       0x2c CMakeFiles/JUST-SNAKE.dir/home/fae/Tech/uC/Led-Matrix/src/board.c.obj
 .ARM.attributes
                0x00000000000000fa       0x2c CMakeFiles/JUST-SNAKE.dir/home/fae/Tech/uC/Led-Matrix/src/utilities.c.obj
 .ARM.attributes
                0x0000000000000126       0x2c CMakeFiles/JUST-SNAKE.dir/usr/share/pico-sdk/src/rp2_common/hardware_gpio/gpio.c.obj
 .ARM.attributes
                0x0000000000000152       0x2c CMakeFiles/JUST-SNAKE.dir/usr/share/pico-sdk/src/rp2_common/hardware_claim/claim.c.obj
 .ARM.attributes
                0x000000000000017e       0x2c CMakeFiles/JUST-SNAKE.dir/usr/share/pico-sdk/src/rp2_common/pico_platform/platform.c.obj
 .ARM.attributes
                0x00000000000001aa       0x2c CMakeFiles/JUST-SNAKE.dir/usr/share/pico-sdk/src/rp2_common/hardware_sync/sync.c.obj
 .ARM.attributes
                0x00000000000001d6       0x2c CMakeFiles/JUST-SNAKE.dir/usr/share/pico-sdk/src/rp2_common/hardware_irq/irq.c.obj
 .ARM.attributes
                0x0000000000000202       0x22 CMakeFiles/JUST-SNAKE.dir/usr/share/pico-sdk/src/rp2_common/hardware_irq/irq_handler_chain.S.obj
 .ARM.attributes
                0x0000000000000224       0x2c CMakeFiles/JUST-SNAKE.dir/usr/share/pico-sdk/src/common/pico_sync/lock_core.c.obj
 .ARM.attributes
                0x0000000000000250       0x2c CMakeFiles/JUST-SNAKE.dir/usr/share/pico-sdk/src/common/pico_time/time.c.obj
 .ARM.attributes
                0x000000000000027c       0x2c CMakeFiles/JUST-SNAKE.dir/usr/share/pico-sdk/src/rp2_common/hardware_timer/timer.c.obj
 .ARM.attributes
                0x00000000000002a8       0x2c CMakeFiles/JUST-SNAKE.dir/usr/share/pico-sdk/src/common/pico_util/pheap.c.obj
 .ARM.attributes
                0x00000000000002d4       0x2c CMakeFiles/JUST-SNAKE.dir/usr/share/pico-sdk/src/common/pico_sync/mutex.c.obj
 .ARM.attributes
                0x0000000000000300       0x2c CMakeFiles/JUST-SNAKE.dir/usr/share/pico-sdk/src/rp2_common/pico_runtime/runtime.c.obj
 .ARM.attributes
                0x000000000000032c       0x2c CMakeFiles/JUST-SNAKE.dir/usr/share/pico-sdk/src/rp2_common/hardware_clocks/clocks.c.obj
 .ARM.attributes
                0x0000000000000358       0x2c CMakeFiles/JUST-SNAKE.dir/usr/share/pico-sdk/src/rp2_common/hardware_pll/pll.c.obj
 .ARM.attributes
                0x0000000000000384       0x2c CMakeFiles/JUST-SNAKE.dir/usr/share/pico-sdk/src/rp2_common/hardware_watchdog/watchdog.c.obj
 .ARM.attributes
                0x00000000000003b0       0x2c CMakeFiles/JUST-SNAKE.dir/usr/share/pico-sdk/src/rp2_common/hardware_xosc/xosc.c.obj
 .ARM.attributes
                0x00000000000003dc       0x2c CMakeFiles/JUST-SNAKE.dir/usr/share/pico-sdk/src/rp2_common/pico_printf/printf.c.obj
 .ARM.attributes
                0x0000000000000408       0x22 CMakeFiles/JUST-SNAKE.dir/usr/share/pico-sdk/src/rp2_common/pico_bit_ops/bit_ops_aeabi.S.obj
 .ARM.attributes
                0x000000000000042a       0x2c CMakeFiles/JUST-SNAKE.dir/usr/share/pico-sdk/src/rp2_common/pico_bootrom/bootrom.c.obj
 .ARM.attributes
                0x0000000000000456       0x22 CMakeFiles/JUST-SNAKE.dir/usr/share/pico-sdk/src/rp2_common/pico_divider/divider.S.obj
 .ARM.attributes
                0x0000000000000478       0x22 CMakeFiles/JUST-SNAKE.dir/usr/share/pico-sdk/src/rp2_common/pico_double/double_aeabi.S.obj
 .ARM.attributes
                0x000000000000049a       0x2c CMakeFiles/JUST-SNAKE.dir/usr/share/pico-sdk/src/rp2_common/pico_double/double_init_rom.c.obj
 .ARM.attributes
                0x00000000000004c6       0x22 CMakeFiles/JUST-SNAKE.dir/usr/share/pico-sdk/src/rp2_common/pico_double/double_v1_rom_shim.S.obj
 .ARM.attributes
                0x00000000000004e8       0x22 CMakeFiles/JUST-SNAKE.dir/usr/share/pico-sdk/src/rp2_common/pico_int64_ops/pico_int64_ops_aeabi.S.obj
 .ARM.attributes
                0x000000000000050a       0x22 CMakeFiles/JUST-SNAKE.dir/usr/share/pico-sdk/src/rp2_common/pico_float/float_aeabi.S.obj
 .ARM.attributes
                0x000000000000052c       0x2c CMakeFiles/JUST-SNAKE.dir/usr/share/pico-sdk/src/rp2_common/pico_float/float_init_rom.c.obj
 .ARM.attributes
                0x0000000000000558       0x22 CMakeFiles/JUST-SNAKE.dir/usr/share/pico-sdk/src/rp2_common/pico_float/float_v1_rom_shim.S.obj
 .ARM.attributes
                0x000000000000057a       0x2c CMakeFiles/JUST-SNAKE.dir/usr/share/pico-sdk/src/rp2_common/pico_malloc/pico_malloc.c.obj
 .ARM.attributes
                0x00000000000005a6       0x22 CMakeFiles/JUST-SNAKE.dir/usr/share/pico-sdk/src/rp2_common/pico_mem_ops/mem_ops_aeabi.S.obj
 .ARM.attributes
                0x00000000000005c8       0x22 CMakeFiles/JUST-SNAKE.dir/usr/share/pico-sdk/src/rp2_common/pico_standard_link/crt0.S.obj
 .ARM.attributes
                0x00000000000005ea       0x2c CMakeFiles/JUST-SNAKE.dir/usr/share/pico-sdk/src/rp2_common/pico_standard_link/binary_info.c.obj
 .ARM.attributes
                0x0000000000000616       0x2c CMakeFiles/JUST-SNAKE.dir/usr/share/pico-sdk/src/rp2_common/pico_stdio/stdio.c.obj
 .ARM.attributes
                0x0000000000000642       0x2c CMakeFiles/JUST-SNAKE.dir/usr/share/pico-sdk/src/rp2_common/hardware_flash/flash.c.obj
 .ARM.attributes
                0x000000000000066e       0x22 /tmp/cc8nPyu6.o
 .ARM.attributes
                0x0000000000000690       0x1e /usr/lib/gcc/arm-none-eabi/12.2.0/thumb/v6-m/nofp/libgcc.a(_dvmd_tls.o)
 .ARM.attributes
                0x00000000000006ae       0x2c /usr/lib/gcc/arm-none-eabi/12.2.0/../../../../arm-none-eabi/lib/thumb/v6-m/nofp/libc.a(lib_a-atexit.o)
 .ARM.attributes
                0x00000000000006da       0x2c /usr/lib/gcc/arm-none-eabi/12.2.0/../../../../arm-none-eabi/lib/thumb/v6-m/nofp/libc.a(lib_a-fini.o)
 .ARM.attributes
                0x0000000000000706       0x2c /usr/lib/gcc/arm-none-eabi/12.2.0/../../../../arm-none-eabi/lib/thumb/v6-m/nofp/libc.a(lib_a-impure.o)
 .ARM.attributes
                0x0000000000000732       0x2c /usr/lib/gcc/arm-none-eabi/12.2.0/../../../../arm-none-eabi/lib/thumb/v6-m/nofp/libc.a(lib_a-malloc.o)
 .ARM.attributes
                0x000000000000075e       0x2c /usr/lib/gcc/arm-none-eabi/12.2.0/../../../../arm-none-eabi/lib/thumb/v6-m/nofp/libc.a(lib_a-mallocr.o)
 .ARM.attributes
                0x000000000000078a       0x2c /usr/lib/gcc/arm-none-eabi/12.2.0/../../../../arm-none-eabi/lib/thumb/v6-m/nofp/libc.a(lib_a-mlock.o)
 .ARM.attributes
                0x00000000000007b6       0x2c /usr/lib/gcc/arm-none-eabi/12.2.0/../../../../arm-none-eabi/lib/thumb/v6-m/nofp/libc.a(lib_a-sbrkr.o)
 .ARM.attributes
                0x00000000000007e2       0x2c /usr/lib/gcc/arm-none-eabi/12.2.0/../../../../arm-none-eabi/lib/thumb/v6-m/nofp/libc.a(lib_a-strlen-stub.o)
 .ARM.attributes
                0x000000000000080e       0x2c /usr/lib/gcc/arm-none-eabi/12.2.0/../../../../arm-none-eabi/lib/thumb/v6-m/nofp/libc.a(lib_a-__atexit.o)
 .ARM.attributes
                0x000000000000083a       0x2c /usr/lib/gcc/arm-none-eabi/12.2.0/../../../../arm-none-eabi/lib/thumb/v6-m/nofp/libc.a(lib_a-__call_atexit.o)
 .ARM.attributes
                0x0000000000000866       0x2c /usr/lib/gcc/arm-none-eabi/12.2.0/../../../../arm-none-eabi/lib/thumb/v6-m/nofp/libc.a(lib_a-freer.o)
 .ARM.attributes
                0x0000000000000892       0x2c /usr/lib/gcc/arm-none-eabi/12.2.0/../../../../arm-none-eabi/lib/thumb/v6-m/nofp/libc.a(lib_a-lock.o)
 .ARM.attributes
                0x00000000000008be       0x2c /usr/lib/gcc/arm-none-eabi/12.2.0/../../../../arm-none-eabi/lib/thumb/v6-m/nofp/libc.a(lib_a-reent.o)

.comment        0x0000000000000000       0x3c
 .comment       0x0000000000000000       0x1e CMakeFiles/JUST-SNAKE.dir/src/main.c.obj
                                         0x1f (size before relaxing)
 .comment       0x000000000000001e       0x1f CMakeFiles/JUST-SNAKE.dir/src/snake.c.obj
 .comment       0x000000000000001e       0x1f CMakeFiles/JUST-SNAKE.dir/home/fae/Tech/uC/Led-Matrix/src/74HC595.c.obj
 .comment       0x000000000000001e       0x1f CMakeFiles/JUST-SNAKE.dir/home/fae/Tech/uC/Led-Matrix/src/board.c.obj
 .comment       0x000000000000001e       0x1f CMakeFiles/JUST-SNAKE.dir/home/fae/Tech/uC/Led-Matrix/src/utilities.c.obj
 .comment       0x000000000000001e       0x1f CMakeFiles/JUST-SNAKE.dir/usr/share/pico-sdk/src/rp2_common/hardware_gpio/gpio.c.obj
 .comment       0x000000000000001e       0x1f CMakeFiles/JUST-SNAKE.dir/usr/share/pico-sdk/src/rp2_common/hardware_claim/claim.c.obj
 .comment       0x000000000000001e       0x1f CMakeFiles/JUST-SNAKE.dir/usr/share/pico-sdk/src/rp2_common/pico_platform/platform.c.obj
 .comment       0x000000000000001e       0x1f CMakeFiles/JUST-SNAKE.dir/usr/share/pico-sdk/src/rp2_common/hardware_sync/sync.c.obj
 .comment       0x000000000000001e       0x1f CMakeFiles/JUST-SNAKE.dir/usr/share/pico-sdk/src/rp2_common/hardware_irq/irq.c.obj
 .comment       0x000000000000001e       0x1f CMakeFiles/JUST-SNAKE.dir/usr/share/pico-sdk/src/common/pico_sync/lock_core.c.obj
 .comment       0x000000000000001e       0x1f CMakeFiles/JUST-SNAKE.dir/usr/share/pico-sdk/src/common/pico_time/time.c.obj
 .comment       0x000000000000001e       0x1f CMakeFiles/JUST-SNAKE.dir/usr/share/pico-sdk/src/rp2_common/hardware_timer/timer.c.obj
 .comment       0x000000000000001e       0x1f CMakeFiles/JUST-SNAKE.dir/usr/share/pico-sdk/src/common/pico_util/pheap.c.obj
 .comment       0x000000000000001e       0x1f CMakeFiles/JUST-SNAKE.dir/usr/share/pico-sdk/src/common/pico_sync/mutex.c.obj
 .comment       0x000000000000001e       0x1f CMakeFiles/JUST-SNAKE.dir/usr/share/pico-sdk/src/rp2_common/pico_runtime/runtime.c.obj
 .comment       0x000000000000001e       0x1f CMakeFiles/JUST-SNAKE.dir/usr/share/pico-sdk/src/rp2_common/hardware_clocks/clocks.c.obj
 .comment       0x000000000000001e       0x1f CMakeFiles/JUST-SNAKE.dir/usr/share/pico-sdk/src/rp2_common/hardware_pll/pll.c.obj
 .comment       0x000000000000001e       0x1f CMakeFiles/JUST-SNAKE.dir/usr/share/pico-sdk/src/rp2_common/hardware_watchdog/watchdog.c.obj
 .comment       0x000000000000001e       0x1f CMakeFiles/JUST-SNAKE.dir/usr/share/pico-sdk/src/rp2_common/hardware_xosc/xosc.c.obj
 .comment       0x000000000000001e       0x1f CMakeFiles/JUST-SNAKE.dir/usr/share/pico-sdk/src/rp2_common/pico_printf/printf.c.obj
 .comment       0x000000000000001e       0x1f CMakeFiles/JUST-SNAKE.dir/usr/share/pico-sdk/src/rp2_common/pico_bootrom/bootrom.c.obj
 .comment       0x000000000000001e       0x1f CMakeFiles/JUST-SNAKE.dir/usr/share/pico-sdk/src/rp2_common/pico_double/double_init_rom.c.obj
 .comment       0x000000000000001e       0x1f CMakeFiles/JUST-SNAKE.dir/usr/share/pico-sdk/src/rp2_common/pico_float/float_init_rom.c.obj
 .comment       0x000000000000001e       0x1f CMakeFiles/JUST-SNAKE.dir/usr/share/pico-sdk/src/rp2_common/pico_malloc/pico_malloc.c.obj
 .comment       0x000000000000001e       0x1f CMakeFiles/JUST-SNAKE.dir/usr/share/pico-sdk/src/rp2_common/pico_standard_link/binary_info.c.obj
 .comment       0x000000000000001e       0x1f CMakeFiles/JUST-SNAKE.dir/usr/share/pico-sdk/src/rp2_common/pico_stdio/stdio.c.obj
 .comment       0x000000000000001e       0x1f CMakeFiles/JUST-SNAKE.dir/usr/share/pico-sdk/src/rp2_common/hardware_flash/flash.c.obj
 .comment       0x000000000000001e       0x1e /usr/lib/gcc/arm-none-eabi/12.2.0/../../../../arm-none-eabi/lib/thumb/v6-m/nofp/libc.a(lib_a-atexit.o)
                                         0x1f (size before relaxing)
 .comment       0x000000000000003c       0x1f /usr/lib/gcc/arm-none-eabi/12.2.0/../../../../arm-none-eabi/lib/thumb/v6-m/nofp/libc.a(lib_a-fini.o)
 .comment       0x000000000000003c       0x1f /usr/lib/gcc/arm-none-eabi/12.2.0/../../../../arm-none-eabi/lib/thumb/v6-m/nofp/libc.a(lib_a-impure.o)
 .comment       0x000000000000003c       0x1f /usr/lib/gcc/arm-none-eabi/12.2.0/../../../../arm-none-eabi/lib/thumb/v6-m/nofp/libc.a(lib_a-malloc.o)
 .comment       0x000000000000003c       0x1f /usr/lib/gcc/arm-none-eabi/12.2.0/../../../../arm-none-eabi/lib/thumb/v6-m/nofp/libc.a(lib_a-mallocr.o)
 .comment       0x000000000000003c       0x1f /usr/lib/gcc/arm-none-eabi/12.2.0/../../../../arm-none-eabi/lib/thumb/v6-m/nofp/libc.a(lib_a-mlock.o)
 .comment       0x000000000000003c       0x1f /usr/lib/gcc/arm-none-eabi/12.2.0/../../../../arm-none-eabi/lib/thumb/v6-m/nofp/libc.a(lib_a-sbrkr.o)
 .comment       0x000000000000003c       0x1f /usr/lib/gcc/arm-none-eabi/12.2.0/../../../../arm-none-eabi/lib/thumb/v6-m/nofp/libc.a(lib_a-strlen-stub.o)
 .comment       0x000000000000003c       0x1f /usr/lib/gcc/arm-none-eabi/12.2.0/../../../../arm-none-eabi/lib/thumb/v6-m/nofp/libc.a(lib_a-__atexit.o)
 .comment       0x000000000000003c       0x1f /usr/lib/gcc/arm-none-eabi/12.2.0/../../../../arm-none-eabi/lib/thumb/v6-m/nofp/libc.a(lib_a-__call_atexit.o)
 .comment       0x000000000000003c       0x1f /usr/lib/gcc/arm-none-eabi/12.2.0/../../../../arm-none-eabi/lib/thumb/v6-m/nofp/libc.a(lib_a-freer.o)
 .comment       0x000000000000003c       0x1f /usr/lib/gcc/arm-none-eabi/12.2.0/../../../../arm-none-eabi/lib/thumb/v6-m/nofp/libc.a(lib_a-lock.o)
 .comment       0x000000000000003c       0x1f /usr/lib/gcc/arm-none-eabi/12.2.0/../../../../arm-none-eabi/lib/thumb/v6-m/nofp/libc.a(lib_a-reent.o)

.debug_line     0x0000000000000000     0x2047
 .debug_line    0x0000000000000000       0x4a /usr/lib/gcc/arm-none-eabi/12.2.0/thumb/v6-m/nofp/libgcc.a(_dvmd_tls.o)
 .debug_line    0x000000000000004a       0xed /usr/lib/gcc/arm-none-eabi/12.2.0/../../../../arm-none-eabi/lib/thumb/v6-m/nofp/libc.a(lib_a-atexit.o)
 .debug_line    0x0000000000000137       0xf9 /usr/lib/gcc/arm-none-eabi/12.2.0/../../../../arm-none-eabi/lib/thumb/v6-m/nofp/libc.a(lib_a-fini.o)
 .debug_line    0x0000000000000230      0x10e /usr/lib/gcc/arm-none-eabi/12.2.0/../../../../arm-none-eabi/lib/thumb/v6-m/nofp/libc.a(lib_a-impure.o)
 .debug_line    0x000000000000033e      0x1b3 /usr/lib/gcc/arm-none-eabi/12.2.0/../../../../arm-none-eabi/lib/thumb/v6-m/nofp/libc.a(lib_a-malloc.o)
 .debug_line    0x00000000000004f1      0x8f1 /usr/lib/gcc/arm-none-eabi/12.2.0/../../../../arm-none-eabi/lib/thumb/v6-m/nofp/libc.a(lib_a-mallocr.o)
 .debug_line    0x0000000000000de2      0x1a2 /usr/lib/gcc/arm-none-eabi/12.2.0/../../../../arm-none-eabi/lib/thumb/v6-m/nofp/libc.a(lib_a-mlock.o)
 .debug_line    0x0000000000000f84      0x1c1 /usr/lib/gcc/arm-none-eabi/12.2.0/../../../../arm-none-eabi/lib/thumb/v6-m/nofp/libc.a(lib_a-sbrkr.o)
 .debug_line    0x0000000000001145      0x197 /usr/lib/gcc/arm-none-eabi/12.2.0/../../../../arm-none-eabi/lib/thumb/v6-m/nofp/libc.a(lib_a-strlen-stub.o)
 .debug_line    0x00000000000012dc      0x1f7 /usr/lib/gcc/arm-none-eabi/12.2.0/../../../../arm-none-eabi/lib/thumb/v6-m/nofp/libc.a(lib_a-__atexit.o)
 .debug_line    0x00000000000014d3      0x2d5 /usr/lib/gcc/arm-none-eabi/12.2.0/../../../../arm-none-eabi/lib/thumb/v6-m/nofp/libc.a(lib_a-__call_atexit.o)
 .debug_line    0x00000000000017a8      0x4f3 /usr/lib/gcc/arm-none-eabi/12.2.0/../../../../arm-none-eabi/lib/thumb/v6-m/nofp/libc.a(lib_a-freer.o)
 .debug_line    0x0000000000001c9b       0xeb /usr/lib/gcc/arm-none-eabi/12.2.0/../../../../arm-none-eabi/lib/thumb/v6-m/nofp/libc.a(lib_a-lock.o)
 .debug_line    0x0000000000001d86      0x2c1 /usr/lib/gcc/arm-none-eabi/12.2.0/../../../../arm-none-eabi/lib/thumb/v6-m/nofp/libc.a(lib_a-reent.o)

.debug_line_str
                0x0000000000000000       0x92
 .debug_line_str
                0x0000000000000000       0x92 /usr/lib/gcc/arm-none-eabi/12.2.0/thumb/v6-m/nofp/libgcc.a(_dvmd_tls.o)

.debug_info     0x0000000000000000     0x63f2
 .debug_info    0x0000000000000000       0x39 /usr/lib/gcc/arm-none-eabi/12.2.0/thumb/v6-m/nofp/libgcc.a(_dvmd_tls.o)
 .debug_info    0x0000000000000039      0x118 /usr/lib/gcc/arm-none-eabi/12.2.0/../../../../arm-none-eabi/lib/thumb/v6-m/nofp/libc.a(lib_a-atexit.o)
 .debug_info    0x0000000000000151       0xf7 /usr/lib/gcc/arm-none-eabi/12.2.0/../../../../arm-none-eabi/lib/thumb/v6-m/nofp/libc.a(lib_a-fini.o)
 .debug_info    0x0000000000000248      0x8c8 /usr/lib/gcc/arm-none-eabi/12.2.0/../../../../arm-none-eabi/lib/thumb/v6-m/nofp/libc.a(lib_a-impure.o)
 .debug_info    0x0000000000000b10      0x94c /usr/lib/gcc/arm-none-eabi/12.2.0/../../../../arm-none-eabi/lib/thumb/v6-m/nofp/libc.a(lib_a-malloc.o)
 .debug_info    0x000000000000145c      0xe4e /usr/lib/gcc/arm-none-eabi/12.2.0/../../../../arm-none-eabi/lib/thumb/v6-m/nofp/libc.a(lib_a-mallocr.o)
 .debug_info    0x00000000000022aa      0x923 /usr/lib/gcc/arm-none-eabi/12.2.0/../../../../arm-none-eabi/lib/thumb/v6-m/nofp/libc.a(lib_a-mlock.o)
 .debug_info    0x0000000000002bcd      0x934 /usr/lib/gcc/arm-none-eabi/12.2.0/../../../../arm-none-eabi/lib/thumb/v6-m/nofp/libc.a(lib_a-sbrkr.o)
 .debug_info    0x0000000000003501       0xeb /usr/lib/gcc/arm-none-eabi/12.2.0/../../../../arm-none-eabi/lib/thumb/v6-m/nofp/libc.a(lib_a-strlen-stub.o)
 .debug_info    0x00000000000035ec      0x999 /usr/lib/gcc/arm-none-eabi/12.2.0/../../../../arm-none-eabi/lib/thumb/v6-m/nofp/libc.a(lib_a-__atexit.o)
 .debug_info    0x0000000000003f85      0xa21 /usr/lib/gcc/arm-none-eabi/12.2.0/../../../../arm-none-eabi/lib/thumb/v6-m/nofp/libc.a(lib_a-__call_atexit.o)
 .debug_info    0x00000000000049a6      0xcb4 /usr/lib/gcc/arm-none-eabi/12.2.0/../../../../arm-none-eabi/lib/thumb/v6-m/nofp/libc.a(lib_a-freer.o)
 .debug_info    0x000000000000565a      0x21a /usr/lib/gcc/arm-none-eabi/12.2.0/../../../../arm-none-eabi/lib/thumb/v6-m/nofp/libc.a(lib_a-lock.o)
 .debug_info    0x0000000000005874      0xb7e /usr/lib/gcc/arm-none-eabi/12.2.0/../../../../arm-none-eabi/lib/thumb/v6-m/nofp/libc.a(lib_a-reent.o)

.debug_abbrev   0x0000000000000000     0x19aa
 .debug_abbrev  0x0000000000000000       0x1f /usr/lib/gcc/arm-none-eabi/12.2.0/thumb/v6-m/nofp/libgcc.a(_dvmd_tls.o)
 .debug_abbrev  0x000000000000001f       0xbe /usr/lib/gcc/arm-none-eabi/12.2.0/../../../../arm-none-eabi/lib/thumb/v6-m/nofp/libc.a(lib_a-atexit.o)
 .debug_abbrev  0x00000000000000dd       0xc9 /usr/lib/gcc/arm-none-eabi/12.2.0/../../../../arm-none-eabi/lib/thumb/v6-m/nofp/libc.a(lib_a-fini.o)
 .debug_abbrev  0x00000000000001a6      0x1ca /usr/lib/gcc/arm-none-eabi/12.2.0/../../../../arm-none-eabi/lib/thumb/v6-m/nofp/libc.a(lib_a-impure.o)
 .debug_abbrev  0x0000000000000370      0x23c /usr/lib/gcc/arm-none-eabi/12.2.0/../../../../arm-none-eabi/lib/thumb/v6-m/nofp/libc.a(lib_a-malloc.o)
 .debug_abbrev  0x00000000000005ac      0x309 /usr/lib/gcc/arm-none-eabi/12.2.0/../../../../arm-none-eabi/lib/thumb/v6-m/nofp/libc.a(lib_a-mallocr.o)
 .debug_abbrev  0x00000000000008b5      0x22c /usr/lib/gcc/arm-none-eabi/12.2.0/../../../../arm-none-eabi/lib/thumb/v6-m/nofp/libc.a(lib_a-mlock.o)
 .debug_abbrev  0x0000000000000ae1      0x24a /usr/lib/gcc/arm-none-eabi/12.2.0/../../../../arm-none-eabi/lib/thumb/v6-m/nofp/libc.a(lib_a-sbrkr.o)
 .debug_abbrev  0x0000000000000d2b       0x90 /usr/lib/gcc/arm-none-eabi/12.2.0/../../../../arm-none-eabi/lib/thumb/v6-m/nofp/libc.a(lib_a-strlen-stub.o)
 .debug_abbrev  0x0000000000000dbb      0x272 /usr/lib/gcc/arm-none-eabi/12.2.0/../../../../arm-none-eabi/lib/thumb/v6-m/nofp/libc.a(lib_a-__atexit.o)
 .debug_abbrev  0x000000000000102d      0x2da /usr/lib/gcc/arm-none-eabi/12.2.0/../../../../arm-none-eabi/lib/thumb/v6-m/nofp/libc.a(lib_a-__call_atexit.o)
 .debug_abbrev  0x0000000000001307      0x2b4 /usr/lib/gcc/arm-none-eabi/12.2.0/../../../../arm-none-eabi/lib/thumb/v6-m/nofp/libc.a(lib_a-freer.o)
 .debug_abbrev  0x00000000000015bb      0x115 /usr/lib/gcc/arm-none-eabi/12.2.0/../../../../arm-none-eabi/lib/thumb/v6-m/nofp/libc.a(lib_a-lock.o)
 .debug_abbrev  0x00000000000016d0      0x2da /usr/lib/gcc/arm-none-eabi/12.2.0/../../../../arm-none-eabi/lib/thumb/v6-m/nofp/libc.a(lib_a-reent.o)

.debug_aranges  0x0000000000000000      0x1e8
 .debug_aranges
                0x0000000000000000       0x20 /usr/lib/gcc/arm-none-eabi/12.2.0/thumb/v6-m/nofp/libgcc.a(_dvmd_tls.o)
 .debug_aranges
                0x0000000000000020       0x20 /usr/lib/gcc/arm-none-eabi/12.2.0/../../../../arm-none-eabi/lib/thumb/v6-m/nofp/libc.a(lib_a-atexit.o)
 .debug_aranges
                0x0000000000000040       0x20 /usr/lib/gcc/arm-none-eabi/12.2.0/../../../../arm-none-eabi/lib/thumb/v6-m/nofp/libc.a(lib_a-fini.o)
 .debug_aranges
                0x0000000000000060       0x18 /usr/lib/gcc/arm-none-eabi/12.2.0/../../../../arm-none-eabi/lib/thumb/v6-m/nofp/libc.a(lib_a-impure.o)
 .debug_aranges
                0x0000000000000078       0x28 /usr/lib/gcc/arm-none-eabi/12.2.0/../../../../arm-none-eabi/lib/thumb/v6-m/nofp/libc.a(lib_a-malloc.o)
 .debug_aranges
                0x00000000000000a0       0x20 /usr/lib/gcc/arm-none-eabi/12.2.0/../../../../arm-none-eabi/lib/thumb/v6-m/nofp/libc.a(lib_a-mallocr.o)
 .debug_aranges
                0x00000000000000c0       0x28 /usr/lib/gcc/arm-none-eabi/12.2.0/../../../../arm-none-eabi/lib/thumb/v6-m/nofp/libc.a(lib_a-mlock.o)
 .debug_aranges
                0x00000000000000e8       0x20 /usr/lib/gcc/arm-none-eabi/12.2.0/../../../../arm-none-eabi/lib/thumb/v6-m/nofp/libc.a(lib_a-sbrkr.o)
 .debug_aranges
                0x0000000000000108       0x20 /usr/lib/gcc/arm-none-eabi/12.2.0/../../../../arm-none-eabi/lib/thumb/v6-m/nofp/libc.a(lib_a-strlen-stub.o)
 .debug_aranges
                0x0000000000000128       0x20 /usr/lib/gcc/arm-none-eabi/12.2.0/../../../../arm-none-eabi/lib/thumb/v6-m/nofp/libc.a(lib_a-__atexit.o)
 .debug_aranges
                0x0000000000000148       0x28 /usr/lib/gcc/arm-none-eabi/12.2.0/../../../../arm-none-eabi/lib/thumb/v6-m/nofp/libc.a(lib_a-__call_atexit.o)
 .debug_aranges
                0x0000000000000170       0x28 /usr/lib/gcc/arm-none-eabi/12.2.0/../../../../arm-none-eabi/lib/thumb/v6-m/nofp/libc.a(lib_a-freer.o)
 .debug_aranges
                0x0000000000000198       0x28 /usr/lib/gcc/arm-none-eabi/12.2.0/../../../../arm-none-eabi/lib/thumb/v6-m/nofp/libc.a(lib_a-lock.o)
 .debug_aranges
                0x00000000000001c0       0x28 /usr/lib/gcc/arm-none-eabi/12.2.0/../../../../arm-none-eabi/lib/thumb/v6-m/nofp/libc.a(lib_a-reent.o)

.debug_str      0x0000000000000000      0xf9e
 .debug_str     0x0000000000000000       0xba /usr/lib/gcc/arm-none-eabi/12.2.0/thumb/v6-m/nofp/libgcc.a(_dvmd_tls.o)
 .debug_str     0x00000000000000ba      0x1c9 /usr/lib/gcc/arm-none-eabi/12.2.0/../../../../arm-none-eabi/lib/thumb/v6-m/nofp/libc.a(lib_a-atexit.o)
                                        0x209 (size before relaxing)
 .debug_str     0x0000000000000283       0xdf /usr/lib/gcc/arm-none-eabi/12.2.0/../../../../arm-none-eabi/lib/thumb/v6-m/nofp/libc.a(lib_a-fini.o)
                                        0x201 (size before relaxing)
 .debug_str     0x0000000000000362      0x441 /usr/lib/gcc/arm-none-eabi/12.2.0/../../../../arm-none-eabi/lib/thumb/v6-m/nofp/libc.a(lib_a-impure.o)
                                        0x5a4 (size before relaxing)
 .debug_str     0x00000000000007a3       0x6d /usr/lib/gcc/arm-none-eabi/12.2.0/../../../../arm-none-eabi/lib/thumb/v6-m/nofp/libc.a(lib_a-malloc.o)
                                        0x5b8 (size before relaxing)
 .debug_str     0x0000000000000810      0x23d /usr/lib/gcc/arm-none-eabi/12.2.0/../../../../arm-none-eabi/lib/thumb/v6-m/nofp/libc.a(lib_a-mallocr.o)
                                        0x7b3 (size before relaxing)
 .debug_str     0x0000000000000a4d       0xad /usr/lib/gcc/arm-none-eabi/12.2.0/../../../../arm-none-eabi/lib/thumb/v6-m/nofp/libc.a(lib_a-mlock.o)
                                        0x615 (size before relaxing)
 .debug_str     0x0000000000000afa       0x53 /usr/lib/gcc/arm-none-eabi/12.2.0/../../../../arm-none-eabi/lib/thumb/v6-m/nofp/libc.a(lib_a-sbrkr.o)
                                        0x59b (size before relaxing)
 .debug_str     0x0000000000000b4d       0xce /usr/lib/gcc/arm-none-eabi/12.2.0/../../../../arm-none-eabi/lib/thumb/v6-m/nofp/libc.a(lib_a-strlen-stub.o)
                                        0x1f1 (size before relaxing)
 .debug_str     0x0000000000000c1b       0x51 /usr/lib/gcc/arm-none-eabi/12.2.0/../../../../arm-none-eabi/lib/thumb/v6-m/nofp/libc.a(lib_a-__atexit.o)
                                        0x63b (size before relaxing)
 .debug_str     0x0000000000000c6c       0xaf /usr/lib/gcc/arm-none-eabi/12.2.0/../../../../arm-none-eabi/lib/thumb/v6-m/nofp/libc.a(lib_a-__call_atexit.o)
                                        0x66e (size before relaxing)
 .debug_str     0x0000000000000d1b       0x34 /usr/lib/gcc/arm-none-eabi/12.2.0/../../../../arm-none-eabi/lib/thumb/v6-m/nofp/libc.a(lib_a-freer.o)
                                        0x6fd (size before relaxing)
 .debug_str     0x0000000000000d4f      0x1db /usr/lib/gcc/arm-none-eabi/12.2.0/../../../../arm-none-eabi/lib/thumb/v6-m/nofp/libc.a(lib_a-lock.o)
                                        0x35c (size before relaxing)
 .debug_str     0x0000000000000f2a       0x74 /usr/lib/gcc/arm-none-eabi/12.2.0/../../../../arm-none-eabi/lib/thumb/v6-m/nofp/libc.a(lib_a-reent.o)
                                        0x5c3 (size before relaxing)

.debug_loclists
                0x0000000000000000     0x12c7
 .debug_loclists
                0x0000000000000000       0x2a /usr/lib/gcc/arm-none-eabi/12.2.0/../../../../arm-none-eabi/lib/thumb/v6-m/nofp/libc.a(lib_a-atexit.o)
 .debug_loclists
                0x000000000000002a       0x34 /usr/lib/gcc/arm-none-eabi/12.2.0/../../../../arm-none-eabi/lib/thumb/v6-m/nofp/libc.a(lib_a-fini.o)
 .debug_loclists
                0x000000000000005e       0x48 /usr/lib/gcc/arm-none-eabi/12.2.0/../../../../arm-none-eabi/lib/thumb/v6-m/nofp/libc.a(lib_a-malloc.o)
 .debug_loclists
                0x00000000000000a6      0xa4e /usr/lib/gcc/arm-none-eabi/12.2.0/../../../../arm-none-eabi/lib/thumb/v6-m/nofp/libc.a(lib_a-mallocr.o)
 .debug_loclists
                0x0000000000000af4       0x3a /usr/lib/gcc/arm-none-eabi/12.2.0/../../../../arm-none-eabi/lib/thumb/v6-m/nofp/libc.a(lib_a-mlock.o)
 .debug_loclists
                0x0000000000000b2e       0x53 /usr/lib/gcc/arm-none-eabi/12.2.0/../../../../arm-none-eabi/lib/thumb/v6-m/nofp/libc.a(lib_a-sbrkr.o)
 .debug_loclists
                0x0000000000000b81       0x5e /usr/lib/gcc/arm-none-eabi/12.2.0/../../../../arm-none-eabi/lib/thumb/v6-m/nofp/libc.a(lib_a-strlen-stub.o)
 .debug_loclists
                0x0000000000000bdf      0x107 /usr/lib/gcc/arm-none-eabi/12.2.0/../../../../arm-none-eabi/lib/thumb/v6-m/nofp/libc.a(lib_a-__atexit.o)
 .debug_loclists
                0x0000000000000ce6      0x129 /usr/lib/gcc/arm-none-eabi/12.2.0/../../../../arm-none-eabi/lib/thumb/v6-m/nofp/libc.a(lib_a-__call_atexit.o)
 .debug_loclists
                0x0000000000000e0f      0x372 /usr/lib/gcc/arm-none-eabi/12.2.0/../../../../arm-none-eabi/lib/thumb/v6-m/nofp/libc.a(lib_a-freer.o)
 .debug_loclists
                0x0000000000001181       0x23 /usr/lib/gcc/arm-none-eabi/12.2.0/../../../../arm-none-eabi/lib/thumb/v6-m/nofp/libc.a(lib_a-lock.o)
 .debug_loclists
                0x00000000000011a4      0x123 /usr/lib/gcc/arm-none-eabi/12.2.0/../../../../arm-none-eabi/lib/thumb/v6-m/nofp/libc.a(lib_a-reent.o)

.debug_rnglists
                0x0000000000000000      0x153
 .debug_rnglists
                0x0000000000000000       0x13 /usr/lib/gcc/arm-none-eabi/12.2.0/../../../../arm-none-eabi/lib/thumb/v6-m/nofp/libc.a(lib_a-atexit.o)
 .debug_rnglists
                0x0000000000000013       0x13 /usr/lib/gcc/arm-none-eabi/12.2.0/../../../../arm-none-eabi/lib/thumb/v6-m/nofp/libc.a(lib_a-fini.o)
 .debug_rnglists
                0x0000000000000026       0x19 /usr/lib/gcc/arm-none-eabi/12.2.0/../../../../arm-none-eabi/lib/thumb/v6-m/nofp/libc.a(lib_a-malloc.o)
 .debug_rnglists
                0x000000000000003f       0x46 /usr/lib/gcc/arm-none-eabi/12.2.0/../../../../arm-none-eabi/lib/thumb/v6-m/nofp/libc.a(lib_a-mallocr.o)
 .debug_rnglists
                0x0000000000000085       0x19 /usr/lib/gcc/arm-none-eabi/12.2.0/../../../../arm-none-eabi/lib/thumb/v6-m/nofp/libc.a(lib_a-mlock.o)
 .debug_rnglists
                0x000000000000009e       0x13 /usr/lib/gcc/arm-none-eabi/12.2.0/../../../../arm-none-eabi/lib/thumb/v6-m/nofp/libc.a(lib_a-sbrkr.o)
 .debug_rnglists
                0x00000000000000b1       0x13 /usr/lib/gcc/arm-none-eabi/12.2.0/../../../../arm-none-eabi/lib/thumb/v6-m/nofp/libc.a(lib_a-strlen-stub.o)
 .debug_rnglists
                0x00000000000000c4       0x14 /usr/lib/gcc/arm-none-eabi/12.2.0/../../../../arm-none-eabi/lib/thumb/v6-m/nofp/libc.a(lib_a-__atexit.o)
 .debug_rnglists
                0x00000000000000d8       0x2d /usr/lib/gcc/arm-none-eabi/12.2.0/../../../../arm-none-eabi/lib/thumb/v6-m/nofp/libc.a(lib_a-__call_atexit.o)
 .debug_rnglists
                0x0000000000000105       0x1b /usr/lib/gcc/arm-none-eabi/12.2.0/../../../../arm-none-eabi/lib/thumb/v6-m/nofp/libc.a(lib_a-freer.o)
 .debug_rnglists
                0x0000000000000120       0x19 /usr/lib/gcc/arm-none-eabi/12.2.0/../../../../arm-none-eabi/lib/thumb/v6-m/nofp/libc.a(lib_a-lock.o)
 .debug_rnglists
                0x0000000000000139       0x1a /usr/lib/gcc/arm-none-eabi/12.2.0/../../../../arm-none-eabi/lib/thumb/v6-m/nofp/libc.a(lib_a-reent.o)

.debug_frame    0x0000000000000000      0x348
 .debug_frame   0x0000000000000000       0x28 /usr/lib/gcc/arm-none-eabi/12.2.0/../../../../arm-none-eabi/lib/thumb/v6-m/nofp/libc.a(lib_a-atexit.o)
 .debug_frame   0x0000000000000028       0x2c /usr/lib/gcc/arm-none-eabi/12.2.0/../../../../arm-none-eabi/lib/thumb/v6-m/nofp/libc.a(lib_a-fini.o)
 .debug_frame   0x0000000000000054       0x40 /usr/lib/gcc/arm-none-eabi/12.2.0/../../../../arm-none-eabi/lib/thumb/v6-m/nofp/libc.a(lib_a-malloc.o)
 .debug_frame   0x0000000000000094       0x3c /usr/lib/gcc/arm-none-eabi/12.2.0/../../../../arm-none-eabi/lib/thumb/v6-m/nofp/libc.a(lib_a-mallocr.o)
 .debug_frame   0x00000000000000d0       0x40 /usr/lib/gcc/arm-none-eabi/12.2.0/../../../../arm-none-eabi/lib/thumb/v6-m/nofp/libc.a(lib_a-mlock.o)
 .debug_frame   0x0000000000000110       0x2c /usr/lib/gcc/arm-none-eabi/12.2.0/../../../../arm-none-eabi/lib/thumb/v6-m/nofp/libc.a(lib_a-sbrkr.o)
 .debug_frame   0x000000000000013c       0x28 /usr/lib/gcc/arm-none-eabi/12.2.0/../../../../arm-none-eabi/lib/thumb/v6-m/nofp/libc.a(lib_a-strlen-stub.o)
 .debug_frame   0x0000000000000164       0x38 /usr/lib/gcc/arm-none-eabi/12.2.0/../../../../arm-none-eabi/lib/thumb/v6-m/nofp/libc.a(lib_a-__atexit.o)
 .debug_frame   0x000000000000019c       0x54 /usr/lib/gcc/arm-none-eabi/12.2.0/../../../../arm-none-eabi/lib/thumb/v6-m/nofp/libc.a(lib_a-__call_atexit.o)
 .debug_frame   0x00000000000001f0       0x58 /usr/lib/gcc/arm-none-eabi/12.2.0/../../../../arm-none-eabi/lib/thumb/v6-m/nofp/libc.a(lib_a-freer.o)
 .debug_frame   0x0000000000000248       0xb0 /usr/lib/gcc/arm-none-eabi/12.2.0/../../../../arm-none-eabi/lib/thumb/v6-m/nofp/libc.a(lib_a-lock.o)
 .debug_frame   0x00000000000002f8       0x50 /usr/lib/gcc/arm-none-eabi/12.2.0/../../../../arm-none-eabi/lib/thumb/v6-m/nofp/libc.a(lib_a-reent.o)
