Archive member included to satisfy reference by file (symbol)

/usr/lib/gcc/arm-none-eabi/12.2.0/thumb/v6-m/nofp/libgcc.a(_dvmd_tls.o)
                              CMakeFiles/JUST-PONG.dir/usr/share/pico-sdk/src/rp2_common/pico_divider/divider.S.obj (__aeabi_idiv0)
/usr/lib/gcc/arm-none-eabi/12.2.0/../../../../arm-none-eabi/lib/thumb/v6-m/nofp/libc.a(lib_a-atexit.o)
                              /usr/lib/gcc/arm-none-eabi/12.2.0/../../../../arm-none-eabi/lib/thumb/v6-m/nofp/crt0.o (atexit)
/usr/lib/gcc/arm-none-eabi/12.2.0/../../../../arm-none-eabi/lib/thumb/v6-m/nofp/libc.a(lib_a-calloc.o)
                              CMakeFiles/JUST-PONG.dir/usr/share/pico-sdk/src/rp2_common/pico_malloc/pico_malloc.c.obj (calloc)
/usr/lib/gcc/arm-none-eabi/12.2.0/../../../../arm-none-eabi/lib/thumb/v6-m/nofp/libc.a(lib_a-callocr.o)
                              /usr/lib/gcc/arm-none-eabi/12.2.0/../../../../arm-none-eabi/lib/thumb/v6-m/nofp/libc.a(lib_a-calloc.o) (_calloc_r)
/usr/lib/gcc/arm-none-eabi/12.2.0/../../../../arm-none-eabi/lib/thumb/v6-m/nofp/libc.a(lib_a-errno.o)
                              /usr/lib/gcc/arm-none-eabi/12.2.0/../../../../arm-none-eabi/lib/thumb/v6-m/nofp/libc.a(lib_a-callocr.o) (__errno)
/usr/lib/gcc/arm-none-eabi/12.2.0/../../../../arm-none-eabi/lib/thumb/v6-m/nofp/libc.a(lib_a-fini.o)
                              /usr/lib/gcc/arm-none-eabi/12.2.0/../../../../arm-none-eabi/lib/thumb/v6-m/nofp/crt0.o (__libc_fini_array)
/usr/lib/gcc/arm-none-eabi/12.2.0/../../../../arm-none-eabi/lib/thumb/v6-m/nofp/libc.a(lib_a-impure.o)
                              /usr/lib/gcc/arm-none-eabi/12.2.0/../../../../arm-none-eabi/lib/thumb/v6-m/nofp/libc.a(lib_a-calloc.o) (_impure_ptr)
/usr/lib/gcc/arm-none-eabi/12.2.0/../../../../arm-none-eabi/lib/thumb/v6-m/nofp/libc.a(lib_a-init.o)
                              /usr/lib/gcc/arm-none-eabi/12.2.0/../../../../arm-none-eabi/lib/thumb/v6-m/nofp/crt0.o (__libc_init_array)
/usr/lib/gcc/arm-none-eabi/12.2.0/../../../../arm-none-eabi/lib/thumb/v6-m/nofp/libc.a(lib_a-malloc.o)
                              CMakeFiles/JUST-PONG.dir/usr/share/pico-sdk/src/rp2_common/pico_malloc/pico_malloc.c.obj (malloc)
/usr/lib/gcc/arm-none-eabi/12.2.0/../../../../arm-none-eabi/lib/thumb/v6-m/nofp/libc.a(lib_a-mallocr.o)
                              /usr/lib/gcc/arm-none-eabi/12.2.0/../../../../arm-none-eabi/lib/thumb/v6-m/nofp/libc.a(lib_a-callocr.o) (_malloc_r)
/usr/lib/gcc/arm-none-eabi/12.2.0/../../../../arm-none-eabi/lib/thumb/v6-m/nofp/libc.a(lib_a-mlock.o)
                              /usr/lib/gcc/arm-none-eabi/12.2.0/../../../../arm-none-eabi/lib/thumb/v6-m/nofp/libc.a(lib_a-mallocr.o) (__malloc_lock)
/usr/lib/gcc/arm-none-eabi/12.2.0/../../../../arm-none-eabi/lib/thumb/v6-m/nofp/libc.a(lib_a-realloc.o)
                              CMakeFiles/JUST-PONG.dir/usr/share/pico-sdk/src/rp2_common/pico_malloc/pico_malloc.c.obj (realloc)
/usr/lib/gcc/arm-none-eabi/12.2.0/../../../../arm-none-eabi/lib/thumb/v6-m/nofp/libc.a(lib_a-reallocr.o)
                              /usr/lib/gcc/arm-none-eabi/12.2.0/../../../../arm-none-eabi/lib/thumb/v6-m/nofp/libc.a(lib_a-realloc.o) (_realloc_r)
/usr/lib/gcc/arm-none-eabi/12.2.0/../../../../arm-none-eabi/lib/thumb/v6-m/nofp/libc.a(lib_a-sbrkr.o)
                              /usr/lib/gcc/arm-none-eabi/12.2.0/../../../../arm-none-eabi/lib/thumb/v6-m/nofp/libc.a(lib_a-mallocr.o) (_sbrk_r)
/usr/lib/gcc/arm-none-eabi/12.2.0/../../../../arm-none-eabi/lib/thumb/v6-m/nofp/libc.a(lib_a-strlen-stub.o)
                              CMakeFiles/JUST-PONG.dir/usr/share/pico-sdk/src/rp2_common/pico_stdio/stdio.c.obj (strlen)
/usr/lib/gcc/arm-none-eabi/12.2.0/../../../../arm-none-eabi/lib/thumb/v6-m/nofp/libc.a(lib_a-__atexit.o)
                              /usr/lib/gcc/arm-none-eabi/12.2.0/../../../../arm-none-eabi/lib/thumb/v6-m/nofp/libc.a(lib_a-atexit.o) (__register_exitproc)
/usr/lib/gcc/arm-none-eabi/12.2.0/../../../../arm-none-eabi/lib/thumb/v6-m/nofp/libc.a(lib_a-__call_atexit.o)
                              /usr/lib/gcc/arm-none-eabi/12.2.0/../../../../arm-none-eabi/lib/thumb/v6-m/nofp/libc.a(lib_a-__atexit.o) (__atexit_recursive_mutex)
/usr/lib/gcc/arm-none-eabi/12.2.0/../../../../arm-none-eabi/lib/thumb/v6-m/nofp/libc.a(lib_a-freer.o)
                              /usr/lib/gcc/arm-none-eabi/12.2.0/../../../../arm-none-eabi/lib/thumb/v6-m/nofp/libc.a(lib_a-malloc.o) (_free_r)
/usr/lib/gcc/arm-none-eabi/12.2.0/../../../../arm-none-eabi/lib/thumb/v6-m/nofp/libc.a(lib_a-lock.o)
                              /usr/lib/gcc/arm-none-eabi/12.2.0/../../../../arm-none-eabi/lib/thumb/v6-m/nofp/libc.a(lib_a-mlock.o) (__retarget_lock_acquire_recursive)
/usr/lib/gcc/arm-none-eabi/12.2.0/../../../../arm-none-eabi/lib/thumb/v6-m/nofp/libc.a(lib_a-memmove.o)
                              /usr/lib/gcc/arm-none-eabi/12.2.0/../../../../arm-none-eabi/lib/thumb/v6-m/nofp/libc.a(lib_a-reallocr.o) (memmove)
[...]
Memory Configuration

Name             Origin             Length             Attributes
FLASH            0x0000000010000000 0x0000000000200000 xr
RAM              0x0000000020000000 0x0000000000040000 xrw
SCRATCH_X        0x0000000020040000 0x0000000000001000 xrw
SCRATCH_Y        0x0000000020041000 0x0000000000001000 xrw
*default*        0x0000000000000000 0xffffffffffffffff

Linker script and memory map

LOAD /usr/lib/gcc/arm-none-eabi/12.2.0/thumb/v6-m/nofp/crti.o
LOAD /usr/lib/gcc/arm-none-eabi/12.2.0/thumb/v6-m/nofp/crtbegin.o
LOAD /usr/lib/gcc/arm-none-eabi/12.2.0/../../../../arm-none-eabi/lib/thumb/v6-m/nofp/crt0.o

.flash_begin    0x0000000010000000        0x0
                0x0000000010000000                __flash_binary_start = .

.boot2          0x0000000010000000      0x100
                0x0000000010000000                __boot2_start__ = .
 *(.boot2)
 .boot2         0x0000000010000000      0x100 /tmp/ccpXm61j.o
                0x0000000010000100                __boot2_end__ = .
                0x0000000000000001                ASSERT (((__boot2_end__ - __boot2_start__) == 0x100), ERROR: Pico second stage bootloader must be 256 bytes in size)

.text           0x0000000010000100     0x4100
                0x0000000010000100                __logical_binary_start = .
 *(.vectors)
 .vectors       0x0000000010000100       0xd4 CMakeFiles/JUST-PONG.dir/usr/share/pico-sdk/src/rp2_common/pico_standard_link/crt0.S.obj
                0x0000000010000100                __vectors
                0x0000000010000100                __VECTOR_TABLE
                0x00000000100001c0                isr_invalid
                0x00000000100001c0                __default_isrs_start
                0x00000000100001c2                isr_nmi
                0x00000000100001c4                isr_hardfault
                0x00000000100001c6                isr_svcall
                0x00000000100001c8                isr_pendsv
                0x00000000100001ca                isr_systick
                0x00000000100001cc                isr_irq30
                0x00000000100001cc                __unhandled_user_irq
                0x00000000100001cc                isr_irq13
                0x00000000100001cc                isr_irq27
                0x00000000100001cc                isr_irq31
                0x00000000100001cc                isr_irq5
                0x00000000100001cc                isr_irq11
                0x00000000100001cc                isr_irq23
                0x00000000100001cc                isr_irq18
                0x00000000100001cc                isr_irq28
                0x00000000100001cc                isr_irq19
                0x00000000100001cc                isr_irq0
                0x00000000100001cc                isr_irq6
                0x00000000100001cc                isr_irq22
                0x00000000100001cc                isr_irq17
                0x00000000100001cc                isr_irq14
                0x00000000100001cc                isr_irq2
                0x00000000100001cc                isr_irq10
                0x00000000100001cc                isr_irq8
                0x00000000100001cc                isr_irq24
                0x00000000100001cc                isr_irq1
                0x00000000100001cc                isr_irq7
                0x00000000100001cc                isr_irq21
                0x00000000100001cc                isr_irq20
                0x00000000100001cc                isr_irq15
                0x00000000100001cc                isr_irq25
                0x00000000100001cc                isr_irq4
                0x00000000100001cc                isr_irq16
                0x00000000100001cc                isr_irq29
                0x00000000100001cc                isr_irq26
                0x00000000100001cc                __default_isrs_end
                0x00000000100001cc                isr_irq3
                0x00000000100001cc                isr_irq12
                0x00000000100001cc                isr_irq9
                0x00000000100001d2                unhandled_user_irq_num_in_r0
 *(.binary_info_header)
 .binary_info_header
                0x00000000100001d4       0x14 CMakeFiles/JUST-PONG.dir/usr/share/pico-sdk/src/rp2_common/pico_standard_link/crt0.S.obj
                0x00000000100001e8                __binary_info_header_end = .
 *(.reset)
 .reset         0x00000000100001e8       0xa8 CMakeFiles/JUST-PONG.dir/usr/share/pico-sdk/src/rp2_common/pico_standard_link/crt0.S.obj
                0x00000000100001e8                _entry_point
                0x0000000010000266                __get_current_exception
 .reset         0x0000000010000290       0x30 CMakeFiles/JUST-PONG.dir/usr/share/pico-sdk/src/rp2_common/pico_standard_link/binary_info.c.obj
 *(.init)
 .init          0x00000000100002c0        0x4 /usr/lib/gcc/arm-none-eabi/12.2.0/thumb/v6-m/nofp/crti.o
                0x00000000100002c0                _init
 *(EXCLUDE_FILE(*libm.a: *libc.a:*lib_a-mem*.o *libgcc.a:) .text*)
 .text.frame_dummy
                0x00000000100002c4       0x20 /usr/lib/gcc/arm-none-eabi/12.2.0/thumb/v6-m/nofp/crtbegin.o
 .text.startup.main
                0x00000000100002e4       0x58 CMakeFiles/JUST-PONG.dir/src/main.c.obj
                0x00000000100002e4                main
 .text.update_rt_callback
                0x000000001000033c        0x8 CMakeFiles/JUST-PONG.dir/src/pong.c.obj
 .text.go_callback
                0x0000000010000344        0xc CMakeFiles/JUST-PONG.dir/src/pong.c.obj
 .text.input_callback
                0x0000000010000350       0x18 CMakeFiles/JUST-PONG.dir/src/pong.c.obj
 .text.move_paddle
                0x0000000010000368       0xf8 CMakeFiles/JUST-PONG.dir/src/pong.c.obj
                0x0000000010000368                move_paddle
 .text.is_in_board
                0x0000000010000460      0x16c CMakeFiles/JUST-PONG.dir/src/pong.c.obj
                0x0000000010000460                is_in_board
 .text.update_game
                0x00000000100005cc      0x8c0 CMakeFiles/JUST-PONG.dir/src/pong.c.obj
                0x00000000100005cc                update_game
 .text.run_pong
                0x0000000010000e8c      0x220 CMakeFiles/JUST-PONG.dir/src/pong.c.obj
                0x0000000010000e8c                run_pong
 .text.sr_init  0x00000000100010ac       0x90 CMakeFiles/JUST-PONG.dir/home/fae/Tech/uC/Led-Matrix/src/74HC595.c.obj
                0x00000000100010ac                sr_init
 .text.sr_cascaded_regs_write_bytes
                0x000000001000113c      0x130 CMakeFiles/JUST-PONG.dir/home/fae/Tech/uC/Led-Matrix/src/74HC595.c.obj
                0x000000001000113c                sr_cascaded_regs_write_bytes
 .text.matrix_print_frame
                0x000000001000126c       0xa4 CMakeFiles/JUST-PONG.dir/home/fae/Tech/uC/Led-Matrix/src/board.c.obj
                0x000000001000126c                matrix_print_frame
 .text.board_to_bytes
                0x0000000010001310      0x1dc CMakeFiles/JUST-PONG.dir/home/fae/Tech/uC/Led-Matrix/src/board.c.obj
                0x0000000010001310                board_to_bytes
 .text.init_rand
                0x00000000100014ec       0x80 CMakeFiles/JUST-PONG.dir/home/fae/Tech/uC/Led-Matrix/src/utilities.c.obj
                0x00000000100014ec                init_rand
 .text.rand_double
                0x000000001000156c       0x68 CMakeFiles/JUST-PONG.dir/home/fae/Tech/uC/Led-Matrix/src/utilities.c.obj
                0x000000001000156c                rand_double
 .text.gpio_default_irq_handler
                0x00000000100015d4      0x220 CMakeFiles/JUST-PONG.dir/usr/share/pico-sdk/src/rp2_common/hardware_gpio/gpio.c.obj
 .text.gpio_set_pulls
                0x00000000100017f4       0x24 CMakeFiles/JUST-PONG.dir/usr/share/pico-sdk/src/rp2_common/hardware_gpio/gpio.c.obj
                0x00000000100017f4                gpio_set_pulls
 .text.gpio_set_irq_enabled
                0x0000000010001818       0x54 CMakeFiles/JUST-PONG.dir/usr/share/pico-sdk/src/rp2_common/hardware_gpio/gpio.c.obj
                0x0000000010001818                gpio_set_irq_enabled
 .text.gpio_set_irq_enabled_with_callback
                0x000000001000186c       0xc4 CMakeFiles/JUST-PONG.dir/usr/share/pico-sdk/src/rp2_common/hardware_gpio/gpio.c.obj
                0x000000001000186c                gpio_set_irq_enabled_with_callback
 .text.gpio_init
                0x0000000010001930       0x3c CMakeFiles/JUST-PONG.dir/usr/share/pico-sdk/src/rp2_common/hardware_gpio/gpio.c.obj
                0x0000000010001930                gpio_init
 .text.hw_claim_or_assert
                0x000000001000196c       0x44 CMakeFiles/JUST-PONG.dir/usr/share/pico-sdk/src/rp2_common/hardware_claim/claim.c.obj
                0x000000001000196c                hw_claim_or_assert
 .text.running_on_fpga
                0x00000000100019b0       0x10 CMakeFiles/JUST-PONG.dir/usr/share/pico-sdk/src/rp2_common/pico_platform/platform.c.obj
                0x00000000100019b0                running_on_fpga
 .text.spin_locks_reset
                0x00000000100019c0       0x1c CMakeFiles/JUST-PONG.dir/usr/share/pico-sdk/src/rp2_common/hardware_sync/sync.c.obj
                0x00000000100019c0                spin_locks_reset
 .text.next_striped_spin_lock_num
                0x00000000100019dc       0x18 CMakeFiles/JUST-PONG.dir/usr/share/pico-sdk/src/rp2_common/hardware_sync/sync.c.obj
                0x00000000100019dc                next_striped_spin_lock_num
 .text.irq_set_enabled
                0x00000000100019f4       0x24 CMakeFiles/JUST-PONG.dir/usr/share/pico-sdk/src/rp2_common/hardware_irq/irq.c.obj
                0x00000000100019f4                irq_set_enabled
 .text.irq_get_vtable_handler
                0x0000000010001a18       0x10 CMakeFiles/JUST-PONG.dir/usr/share/pico-sdk/src/rp2_common/hardware_irq/irq.c.obj
                0x0000000010001a18                irq_get_vtable_handler
 .text.irq_set_exclusive_handler
                0x0000000010001a28       0x54 CMakeFiles/JUST-PONG.dir/usr/share/pico-sdk/src/rp2_common/hardware_irq/irq.c.obj
                0x0000000010001a28                irq_set_exclusive_handler
 .text.irq_add_shared_handler
                0x0000000010001a7c      0x1e0 CMakeFiles/JUST-PONG.dir/usr/share/pico-sdk/src/rp2_common/hardware_irq/irq.c.obj
                0x0000000010001a7c                irq_add_shared_handler
 .text.irq_remove_handler
                0x0000000010001c5c      0x1cc CMakeFiles/JUST-PONG.dir/usr/share/pico-sdk/src/rp2_common/hardware_irq/irq.c.obj
                0x0000000010001c5c                irq_remove_handler
 .text.irq_add_tail_to_free_list
                0x0000000010001e28       0xb4 CMakeFiles/JUST-PONG.dir/usr/share/pico-sdk/src/rp2_common/hardware_irq/irq.c.obj
                0x0000000010001e28                irq_add_tail_to_free_list
 .text.irq_init_priorities
                0x0000000010001edc       0x24 CMakeFiles/JUST-PONG.dir/usr/share/pico-sdk/src/rp2_common/hardware_irq/irq.c.obj
                0x0000000010001edc                irq_init_priorities
 .text.lock_init
                0x0000000010001f00       0x10 CMakeFiles/JUST-PONG.dir/usr/share/pico-sdk/src/common/pico_sync/lock_core.c.obj
                0x0000000010001f00                lock_init
 .text.timer_pool_entry_comparator
                0x0000000010001f10       0x34 CMakeFiles/JUST-PONG.dir/usr/share/pico-sdk/src/common/pico_time/time.c.obj
                0x0000000010001f10                timer_pool_entry_comparator
 .text.repeating_timer_callback
                0x0000000010001f44       0x1c CMakeFiles/JUST-PONG.dir/usr/share/pico-sdk/src/common/pico_time/time.c.obj
 .text.sleep_until_callback
                0x0000000010001f60       0x30 CMakeFiles/JUST-PONG.dir/usr/share/pico-sdk/src/common/pico_time/time.c.obj
 .text.add_alarm_under_lock.isra.0
                0x0000000010001f90       0xf8 CMakeFiles/JUST-PONG.dir/usr/share/pico-sdk/src/common/pico_time/time.c.obj
 .text.alarm_pool_alarm_callback
                0x0000000010002088      0x1c4 CMakeFiles/JUST-PONG.dir/usr/share/pico-sdk/src/common/pico_time/time.c.obj
 .text.alarm_pool_add_alarm_at.constprop.0
                0x000000001000224c      0x114 CMakeFiles/JUST-PONG.dir/usr/share/pico-sdk/src/common/pico_time/time.c.obj
 .text.alarm_pool_init_default
                0x0000000010002360       0x64 CMakeFiles/JUST-PONG.dir/usr/share/pico-sdk/src/common/pico_time/time.c.obj
                0x0000000010002360                alarm_pool_init_default
 .text.alarm_pool_get_default
                0x00000000100023c4        0x8 CMakeFiles/JUST-PONG.dir/usr/share/pico-sdk/src/common/pico_time/time.c.obj
                0x00000000100023c4                alarm_pool_get_default
 .text.alarm_pool_add_repeating_timer_us
                0x00000000100023cc      0x238 CMakeFiles/JUST-PONG.dir/usr/share/pico-sdk/src/common/pico_time/time.c.obj
                0x00000000100023cc                alarm_pool_add_repeating_timer_us
 .text.cancel_repeating_timer
                0x0000000010002604       0x84 CMakeFiles/JUST-PONG.dir/usr/share/pico-sdk/src/common/pico_time/time.c.obj
                0x0000000010002604                cancel_repeating_timer
 .text.sleep_until
                0x0000000010002688       0xac CMakeFiles/JUST-PONG.dir/usr/share/pico-sdk/src/common/pico_time/time.c.obj
                0x0000000010002688                sleep_until
 .text.sleep_ms
                0x0000000010002734       0x38 CMakeFiles/JUST-PONG.dir/usr/share/pico-sdk/src/common/pico_time/time.c.obj
                0x0000000010002734                sleep_ms
 .text.hardware_alarm_irq_handler
                0x000000001000276c       0xb8 CMakeFiles/JUST-PONG.dir/usr/share/pico-sdk/src/rp2_common/hardware_timer/timer.c.obj
 .text.hardware_alarm_claim
                0x0000000010002824       0x18 CMakeFiles/JUST-PONG.dir/usr/share/pico-sdk/src/rp2_common/hardware_timer/timer.c.obj
                0x0000000010002824                hardware_alarm_claim
 .text.time_us_64
                0x000000001000283c       0x14 CMakeFiles/JUST-PONG.dir/usr/share/pico-sdk/src/rp2_common/hardware_timer/timer.c.obj
                0x000000001000283c                time_us_64
 .text.busy_wait_until
                0x0000000010002850       0x20 CMakeFiles/JUST-PONG.dir/usr/share/pico-sdk/src/rp2_common/hardware_timer/timer.c.obj
                0x0000000010002850                busy_wait_until
 .text.hardware_alarm_set_callback
                0x0000000010002870       0x8c CMakeFiles/JUST-PONG.dir/usr/share/pico-sdk/src/rp2_common/hardware_timer/timer.c.obj
                0x0000000010002870                hardware_alarm_set_callback
 .text.hardware_alarm_set_target
                0x00000000100028fc       0xdc CMakeFiles/JUST-PONG.dir/usr/share/pico-sdk/src/rp2_common/hardware_timer/timer.c.obj
                0x00000000100028fc                hardware_alarm_set_target
 .text.hardware_alarm_cancel
                0x00000000100029d8       0x3c CMakeFiles/JUST-PONG.dir/usr/share/pico-sdk/src/rp2_common/hardware_timer/timer.c.obj
                0x00000000100029d8                hardware_alarm_cancel
 .text.ph_merge_nodes
                0x0000000010002a14       0x58 CMakeFiles/JUST-PONG.dir/usr/share/pico-sdk/src/common/pico_util/pheap.c.obj
 .text.ph_post_alloc_init
                0x0000000010002a6c       0x3c CMakeFiles/JUST-PONG.dir/usr/share/pico-sdk/src/common/pico_util/pheap.c.obj
                0x0000000010002a6c                ph_post_alloc_init
 .text.ph_merge_two_pass
                0x0000000010002aa8       0x8c CMakeFiles/JUST-PONG.dir/usr/share/pico-sdk/src/common/pico_util/pheap.c.obj
                0x0000000010002aa8                ph_merge_two_pass
 .text.ph_remove_any_head
                0x0000000010002b34      0x12c CMakeFiles/JUST-PONG.dir/usr/share/pico-sdk/src/common/pico_util/pheap.c.obj
 .text.ph_remove_head
                0x0000000010002c60      0x130 CMakeFiles/JUST-PONG.dir/usr/share/pico-sdk/src/common/pico_util/pheap.c.obj
                0x0000000010002c60                ph_remove_head
 .text.ph_remove_and_free_node
                0x0000000010002d90       0x78 CMakeFiles/JUST-PONG.dir/usr/share/pico-sdk/src/common/pico_util/pheap.c.obj
                0x0000000010002d90                ph_remove_and_free_node
 .text.mutex_init
                0x0000000010002e08       0x1c CMakeFiles/JUST-PONG.dir/usr/share/pico-sdk/src/common/pico_sync/mutex.c.obj
                0x0000000010002e08                mutex_init
 .text.recursive_mutex_init
                0x0000000010002e24       0x1c CMakeFiles/JUST-PONG.dir/usr/share/pico-sdk/src/common/pico_sync/mutex.c.obj
                0x0000000010002e24                recursive_mutex_init
 .text.runtime_init
                0x0000000010002e40       0xec CMakeFiles/JUST-PONG.dir/usr/share/pico-sdk/src/rp2_common/pico_runtime/runtime.c.obj
                0x0000000010002e40                runtime_init
 .text.exit     0x0000000010002f2c        0x4 CMakeFiles/JUST-PONG.dir/usr/share/pico-sdk/src/rp2_common/pico_runtime/runtime.c.obj
                0x0000000010002f2c                exit
 .text.panic    0x0000000010002f30       0x30 CMakeFiles/JUST-PONG.dir/usr/share/pico-sdk/src/rp2_common/pico_runtime/runtime.c.obj
                0x0000000010002f30                panic
 .text.hard_assertion_failure
                0x0000000010002f60        0xc CMakeFiles/JUST-PONG.dir/usr/share/pico-sdk/src/rp2_common/pico_runtime/runtime.c.obj
                0x0000000010002f60                hard_assertion_failure
 .text.clocks_init
                0x0000000010002f6c      0x2b4 CMakeFiles/JUST-PONG.dir/usr/share/pico-sdk/src/rp2_common/hardware_clocks/clocks.c.obj
                0x0000000010002f6c                clocks_init
 .text.pll_init
                0x0000000010003220       0xa8 CMakeFiles/JUST-PONG.dir/usr/share/pico-sdk/src/rp2_common/hardware_pll/pll.c.obj
                0x0000000010003220                pll_init
 .text.watchdog_start_tick
                0x00000000100032c8       0x10 CMakeFiles/JUST-PONG.dir/usr/share/pico-sdk/src/rp2_common/hardware_watchdog/watchdog.c.obj
                0x00000000100032c8                watchdog_start_tick
 .text.xosc_init
                0x00000000100032d8       0x28 CMakeFiles/JUST-PONG.dir/usr/share/pico-sdk/src/rp2_common/hardware_xosc/xosc.c.obj
                0x00000000100032d8                xosc_init
 .text._out_char
                0x0000000010003300       0x10 CMakeFiles/JUST-PONG.dir/usr/share/pico-sdk/src/rp2_common/pico_printf/printf.c.obj
 .text.weak_raw_vprintf
                0x0000000010003310       0x30 CMakeFiles/JUST-PONG.dir/usr/share/pico-sdk/src/rp2_common/pico_printf/printf.c.obj
                0x0000000010003310                weak_raw_vprintf
 .text          0x0000000010003340       0x10 CMakeFiles/JUST-PONG.dir/usr/share/pico-sdk/src/rp2_common/pico_bit_ops/bit_ops_aeabi.S.obj
 .text.rom_func_lookup
                0x0000000010003350       0x10 CMakeFiles/JUST-PONG.dir/usr/share/pico-sdk/src/rp2_common/pico_bootrom/bootrom.c.obj
                0x0000000010003350                rom_func_lookup
 .text.rom_data_lookup
                0x0000000010003360       0x10 CMakeFiles/JUST-PONG.dir/usr/share/pico-sdk/src/rp2_common/pico_bootrom/bootrom.c.obj
                0x0000000010003360                rom_data_lookup
 .text.rom_funcs_lookup
                0x0000000010003370       0x44 CMakeFiles/JUST-PONG.dir/usr/share/pico-sdk/src/rp2_common/pico_bootrom/bootrom.c.obj
                0x0000000010003370                rom_funcs_lookup
 .text.__wrap___aeabi_uidiv
                0x00000000100033b4       0x4c CMakeFiles/JUST-PONG.dir/usr/share/pico-sdk/src/rp2_common/pico_divider/divider.S.obj
                0x00000000100033b4                __wrap___aeabi_uidiv
                0x00000000100033b4                __wrap___aeabi_uidivmod
                0x00000000100033b4                div_u32u32
                0x00000000100033b4                divmod_u32u32
                0x00000000100033bc                divmod_u32u32_unsafe
                0x00000000100033e4                divmod_u32u32_savestate
 .text.__wrap___aeabi_darithmetic
                0x0000000010003400       0x80 CMakeFiles/JUST-PONG.dir/usr/share/pico-sdk/src/rp2_common/pico_double/double_aeabi.S.obj
                0x0000000010003400                __wrap___aeabi_drsub
                0x0000000010003406                __wrap___aeabi_dsub
                0x0000000010003418                __wrap___aeabi_dadd
                0x000000001000342a                __wrap___aeabi_ddiv
                0x0000000010003466                __wrap___aeabi_dmul
 .text.__wrap___aeabi_cdcmple
                0x0000000010003480       0x6c CMakeFiles/JUST-PONG.dir/usr/share/pico-sdk/src/rp2_common/pico_double/double_aeabi.S.obj
                0x0000000010003480                __wrap___aeabi_cdrcmple
                0x0000000010003490                __wrap___aeabi_cdcmple
                0x0000000010003490                __wrap___aeabi_cdcmpeq
 .text.__wrap___aeabi_dcmplt
                0x00000000100034ec        0xc CMakeFiles/JUST-PONG.dir/usr/share/pico-sdk/src/rp2_common/pico_double/double_aeabi.S.obj
                0x00000000100034ec                __wrap___aeabi_dcmplt
 .text.__wrap___aeabi_dcmple
                0x00000000100034f8       0x10 CMakeFiles/JUST-PONG.dir/usr/share/pico-sdk/src/rp2_common/pico_double/double_aeabi.S.obj
                0x00000000100034f8                __wrap___aeabi_dcmple
 .text.__wrap___aeabi_dcmpge
                0x0000000010003508       0x10 CMakeFiles/JUST-PONG.dir/usr/share/pico-sdk/src/rp2_common/pico_double/double_aeabi.S.obj
                0x0000000010003508                __wrap___aeabi_dcmpge
 .text.__wrap___aeabi_dcmpgt
                0x0000000010003518        0xa CMakeFiles/JUST-PONG.dir/usr/share/pico-sdk/src/rp2_common/pico_double/double_aeabi.S.obj
                0x0000000010003518                __wrap___aeabi_dcmpgt
 *fill*         0x0000000010003522        0x2 
 .text.__wrap___aeabi_i2d
                0x0000000010003524       0x38 CMakeFiles/JUST-PONG.dir/usr/share/pico-sdk/src/rp2_common/pico_double/double_aeabi.S.obj
                0x0000000010003524                __wrap___aeabi_ui2d
                0x000000001000352c                __wrap___aeabi_i2d
 .text.__wrap___aeabi_d2iz
                0x000000001000355c       0x48 CMakeFiles/JUST-PONG.dir/usr/share/pico-sdk/src/rp2_common/pico_double/double_aeabi.S.obj
                0x000000001000355c                __wrap___aeabi_d2iz
                0x000000001000355c                double2int_z
 .text.__wrap_srqt
                0x00000000100035a4       0x18 CMakeFiles/JUST-PONG.dir/usr/share/pico-sdk/src/rp2_common/pico_double/double_aeabi.S.obj
                0x00000000100035a4                __wrap_sqrt
 .text.__aeabi_double_init
                0x00000000100035bc       0x98 CMakeFiles/JUST-PONG.dir/usr/share/pico-sdk/src/rp2_common/pico_double/double_init_rom.c.obj
                0x00000000100035bc                __aeabi_double_init
 .text.__wrap_round
                0x0000000010003654       0x9c CMakeFiles/JUST-PONG.dir/usr/share/pico-sdk/src/rp2_common/pico_double/double_math.c.obj
                0x0000000010003654                __wrap_round
 .text.double_table_shim_on_use_helper
                0x00000000100036f0       0x2c CMakeFiles/JUST-PONG.dir/usr/share/pico-sdk/src/rp2_common/pico_double/double_v1_rom_shim.S.obj
                0x00000000100036f0                double_table_shim_on_use_helper
 .text.__wrap___aeabi_dsub
                0x000000001000371c       0x10 CMakeFiles/JUST-PONG.dir/usr/share/pico-sdk/src/rp2_common/pico_double/double_v1_rom_shim.S.obj
                0x000000001000371c                drsub_shim
                0x0000000010003722                dsub_shim
 .text.dadd_shim
                0x000000001000372c      0x15c CMakeFiles/JUST-PONG.dir/usr/share/pico-sdk/src/rp2_common/pico_double/double_v1_rom_shim.S.obj
                0x000000001000372c                dadd_shim
 .text.dmul_shim
                0x0000000010003888      0x15c CMakeFiles/JUST-PONG.dir/usr/share/pico-sdk/src/rp2_common/pico_double/double_v1_rom_shim.S.obj
                0x0000000010003888                dmul_shim
 .text.ddiv_shim
                0x00000000100039e4      0x1b0 CMakeFiles/JUST-PONG.dir/usr/share/pico-sdk/src/rp2_common/pico_double/double_v1_rom_shim.S.obj
                0x00000000100039e4                ddiv_shim
 .text.dsqrt_shim
                0x0000000010003b94      0x1a8 CMakeFiles/JUST-PONG.dir/usr/share/pico-sdk/src/rp2_common/pico_double/double_v1_rom_shim.S.obj
                0x0000000010003bb0                dsqrt_shim
 .text.__aeabi_lmul
                0x0000000010003d3c       0x32 CMakeFiles/JUST-PONG.dir/usr/share/pico-sdk/src/rp2_common/pico_int64_ops/pico_int64_ops_aeabi.S.obj
                0x0000000010003d3c                __wrap___aeabi_lmul
 *fill*         0x0000000010003d6e        0x2 
 .text.__aeabi_float_init
                0x0000000010003d70       0x64 CMakeFiles/JUST-PONG.dir/usr/share/pico-sdk/src/rp2_common/pico_float/float_init_rom.c.obj
                0x0000000010003d70                __aeabi_float_init
 .text.float_table_shim_on_use_helper
                0x0000000010003dd4       0x2c CMakeFiles/JUST-PONG.dir/usr/share/pico-sdk/src/rp2_common/pico_float/float_v1_rom_shim.S.obj
                0x0000000010003dd4                float_table_shim_on_use_helper
 .text          0x0000000010003e00       0x10 CMakeFiles/JUST-PONG.dir/usr/share/pico-sdk/src/rp2_common/pico_mem_ops/mem_ops_aeabi.S.obj
                0x0000000010003e00                __aeabi_mem_init
 .text.memcpy   0x0000000010003e10        0xc CMakeFiles/JUST-PONG.dir/usr/share/pico-sdk/src/rp2_common/pico_mem_ops/mem_ops_aeabi.S.obj
                0x0000000010003e10                __wrap___aeabi_memcpy
                0x0000000010003e10                __wrap_memcpy
 .text.stdio_out_chars_crlf
                0x0000000010003e1c       0x94 CMakeFiles/JUST-PONG.dir/usr/share/pico-sdk/src/rp2_common/pico_stdio/stdio.c.obj
 .text.__wrap_putchar
                0x0000000010003eb0       0xa4 CMakeFiles/JUST-PONG.dir/usr/share/pico-sdk/src/rp2_common/pico_stdio/stdio.c.obj
                0x0000000010003eb0                __wrap_putchar
 .text.__wrap_puts
                0x0000000010003f54       0xe8 CMakeFiles/JUST-PONG.dir/usr/share/pico-sdk/src/rp2_common/pico_stdio/stdio.c.obj
                0x0000000010003f54                __wrap_puts
 .text.atexit   0x000000001000403c       0x10 /usr/lib/gcc/arm-none-eabi/12.2.0/../../../../arm-none-eabi/lib/thumb/v6-m/nofp/libc.a(lib_a-atexit.o)
                0x000000001000403c                atexit
 .text.__libc_fini_array
                0x000000001000404c       0x28 /usr/lib/gcc/arm-none-eabi/12.2.0/../../../../arm-none-eabi/lib/thumb/v6-m/nofp/libc.a(lib_a-fini.o)
                0x000000001000404c                __libc_fini_array
 .text.strlen   0x0000000010004074       0x5c /usr/lib/gcc/arm-none-eabi/12.2.0/../../../../arm-none-eabi/lib/thumb/v6-m/nofp/libc.a(lib_a-strlen-stub.o)
                0x0000000010004074                strlen
 .text.__register_exitproc
                0x00000000100040d0       0xac /usr/lib/gcc/arm-none-eabi/12.2.0/../../../../arm-none-eabi/lib/thumb/v6-m/nofp/libc.a(lib_a-__atexit.o)
                0x00000000100040d0                __register_exitproc
 .text.startup.register_fini
                0x000000001000417c       0x18 /usr/lib/gcc/arm-none-eabi/12.2.0/../../../../arm-none-eabi/lib/thumb/v6-m/nofp/libc.a(lib_a-__call_atexit.o)
 .text.__retarget_lock_acquire_recursive
                0x0000000010004194        0x4 /usr/lib/gcc/arm-none-eabi/12.2.0/../../../../arm-none-eabi/lib/thumb/v6-m/nofp/libc.a(lib_a-lock.o)
                0x0000000010004194                __retarget_lock_acquire_recursive
 .text.__retarget_lock_release_recursive
                0x0000000010004198        0x4 /usr/lib/gcc/arm-none-eabi/12.2.0/../../../../arm-none-eabi/lib/thumb/v6-m/nofp/libc.a(lib_a-lock.o)
                0x0000000010004198                __retarget_lock_release_recursive
 *(.fini)
 .fini          0x000000001000419c        0x4 /usr/lib/gcc/arm-none-eabi/12.2.0/thumb/v6-m/nofp/crti.o
                0x000000001000419c                _fini
 .fini.__stub   0x00000000100041a0       0x60 linker stubs
 *crtbegin.o(.ctors)
 *crtbegin?.o(.ctors)
 *(EXCLUDE_FILE(*crtend.o *crtend?.o) .ctors)
 *(SORT_BY_NAME(.ctors.*))
 *(.ctors)
 *crtbegin.o(.dtors)
 *crtbegin?.o(.dtors)
 *(EXCLUDE_FILE(*crtend.o *crtend?.o) .dtors)
 *(SORT_BY_NAME(.dtors.*))
 *(.dtors)
 *(.eh_frame*)
 .eh_frame      0x0000000010004200        0x0 /usr/lib/gcc/arm-none-eabi/12.2.0/thumb/v6-m/nofp/crtbegin.o
                0x0000000010004200                . = ALIGN (0x4)

.glue_7         0x0000000010004200        0x0
 .glue_7        0x0000000010004200        0x0 linker stubs

.glue_7t        0x0000000010004200        0x0
 .glue_7t       0x0000000010004200        0x0 linker stubs

.vfp11_veneer   0x0000000010004200        0x0
 .vfp11_veneer  0x0000000010004200        0x0 linker stubs

.v4_bx          0x0000000010004200        0x0
 .v4_bx         0x0000000010004200        0x0 linker stubs

.iplt           0x0000000010004200        0x0
 .iplt          0x0000000010004200        0x0 /usr/lib/gcc/arm-none-eabi/12.2.0/thumb/v6-m/nofp/crtbegin.o

.rodata         0x0000000010004200      0x144
 *(EXCLUDE_FILE(*libm.a: *libc.a:*lib_a-mem*.o *libgcc.a:) .rodata*)
 .rodata        0x0000000010004200        0xe CMakeFiles/JUST-PONG.dir/src/main.c.obj
 *fill*         0x000000001000420e        0x2 
 .rodata.update_game
                0x0000000010004210       0x24 CMakeFiles/JUST-PONG.dir/src/pong.c.obj
 .rodata.g_main_menu_bytes
                0x0000000010004234       0x20 CMakeFiles/JUST-PONG.dir/home/fae/Tech/uC/Led-Matrix/src/board.c.obj
                0x0000000010004234                g_main_menu_bytes
 .rodata.g_empty_board_bytes
                0x0000000010004254       0x20 CMakeFiles/JUST-PONG.dir/home/fae/Tech/uC/Led-Matrix/src/board.c.obj
                0x0000000010004254                g_empty_board_bytes
 .rodata.g_game_over_bytes
                0x0000000010004274       0x20 CMakeFiles/JUST-PONG.dir/home/fae/Tech/uC/Led-Matrix/src/board.c.obj
                0x0000000010004274                g_game_over_bytes
 .rodata.hardware_alarm_claim.str1.4
                0x0000000010004294       0x22 CMakeFiles/JUST-PONG.dir/usr/share/pico-sdk/src/rp2_common/hardware_timer/timer.c.obj
 *fill*         0x00000000100042b6        0x2 
 .rodata.panic.str1.4
                0x00000000100042b8       0x12 CMakeFiles/JUST-PONG.dir/usr/share/pico-sdk/src/rp2_common/pico_runtime/runtime.c.obj
 *fill*         0x00000000100042ca        0x2 
 .rodata.hard_assertion_failure.str1.4
                0x00000000100042cc        0xc CMakeFiles/JUST-PONG.dir/usr/share/pico-sdk/src/rp2_common/pico_runtime/runtime.c.obj
 .rodata.str1.4
                0x00000000100042d8       0x40 CMakeFiles/JUST-PONG.dir/usr/share/pico-sdk/src/rp2_common/pico_standard_link/binary_info.c.obj
 .rodata.__bi_81
                0x0000000010004318        0xc CMakeFiles/JUST-PONG.dir/usr/share/pico-sdk/src/rp2_common/pico_standard_link/binary_info.c.obj
 .rodata.__bi_75
                0x0000000010004324        0xc CMakeFiles/JUST-PONG.dir/usr/share/pico-sdk/src/rp2_common/pico_standard_link/binary_info.c.obj
 .rodata.__bi_44
                0x0000000010004330        0xc CMakeFiles/JUST-PONG.dir/usr/share/pico-sdk/src/rp2_common/pico_standard_link/binary_info.c.obj
 .rodata.crlf_str.0
                0x000000001000433c        0x2 CMakeFiles/JUST-PONG.dir/usr/share/pico-sdk/src/rp2_common/pico_stdio/stdio.c.obj
 *fill*         0x000000001000433e        0x2 
 .rodata._global_impure_ptr
                0x0000000010004340        0x4 /usr/lib/gcc/arm-none-eabi/12.2.0/../../../../arm-none-eabi/lib/thumb/v6-m/nofp/libc.a(lib_a-impure.o)
                0x0000000010004340                _global_impure_ptr
                0x0000000010004344                . = ALIGN (0x4)
 *(SORT_BY_ALIGNMENT(SORT_BY_NAME(.flashdata*)))
                0x0000000010004344                . = ALIGN (0x4)

.rel.dyn        0x0000000010004344        0x0
 .rel.iplt      0x0000000010004344        0x0 /usr/lib/gcc/arm-none-eabi/12.2.0/thumb/v6-m/nofp/crtbegin.o

.ARM.extab
 *(.ARM.extab* .gnu.linkonce.armextab.*)
                0x0000000010004344                __exidx_start = .

.ARM.exidx
 *(.ARM.exidx* .gnu.linkonce.armexidx.*)
                0x0000000010004344                __exidx_end = .
                0x0000000010004344                . = ALIGN (0x4)
                0x0000000010004344                __binary_info_start = .

.binary_info    0x0000000010004344       0x1c
 *(.binary_info.keep.*)
 .binary_info.keep.__bi_ptr81
                0x0000000010004344        0x4 CMakeFiles/JUST-PONG.dir/usr/share/pico-sdk/src/rp2_common/pico_standard_link/binary_info.c.obj
 .binary_info.keep.__bi_ptr75
                0x0000000010004348        0x4 CMakeFiles/JUST-PONG.dir/usr/share/pico-sdk/src/rp2_common/pico_standard_link/binary_info.c.obj
 .binary_info.keep.__bi_ptr50
                0x000000001000434c        0x4 CMakeFiles/JUST-PONG.dir/usr/share/pico-sdk/src/rp2_common/pico_standard_link/binary_info.c.obj
 .binary_info.keep.__bi_ptr44
                0x0000000010004350        0x4 CMakeFiles/JUST-PONG.dir/usr/share/pico-sdk/src/rp2_common/pico_standard_link/binary_info.c.obj
 .binary_info.keep.__bi_ptr38
                0x0000000010004354        0x4 CMakeFiles/JUST-PONG.dir/usr/share/pico-sdk/src/rp2_common/pico_standard_link/binary_info.c.obj
 .binary_info.keep.__bi_ptr30
                0x0000000010004358        0x4 CMakeFiles/JUST-PONG.dir/usr/share/pico-sdk/src/rp2_common/pico_standard_link/binary_info.c.obj
 .binary_info.keep.__bi_ptr22
                0x000000001000435c        0x4 CMakeFiles/JUST-PONG.dir/usr/share/pico-sdk/src/rp2_common/pico_standard_link/binary_info.c.obj
 *(.binary_info.*)
                0x0000000010004360                __binary_info_end = .
                0x0000000010004360                . = ALIGN (0x4)
                0x0000000010004360                __etext = .

.ram_vector_table
                0x0000000020000000       0xc0
 *(.ram_vector_table)
 .ram_vector_table
                0x0000000020000000       0xc0 CMakeFiles/JUST-PONG.dir/usr/share/pico-sdk/src/rp2_common/pico_runtime/runtime.c.obj
                0x0000000020000000                ram_vector_table

.data           0x00000000200000c0      0x6ec load address 0x0000000010004360
                0x00000000200000c0                __data_start__ = .
 *(vtable)
 *(.time_critical*)
 .time_critical.mutex_enter_blocking
                0x00000000200000c0       0x48 CMakeFiles/JUST-PONG.dir/usr/share/pico-sdk/src/common/pico_sync/mutex.c.obj
                0x00000000200000c0                mutex_enter_blocking
 .time_critical.mutex_try_enter
                0x0000000020000108       0x40 CMakeFiles/JUST-PONG.dir/usr/share/pico-sdk/src/common/pico_sync/mutex.c.obj
                0x0000000020000108                mutex_try_enter
 .time_critical.mutex_exit
                0x0000000020000148       0x28 CMakeFiles/JUST-PONG.dir/usr/share/pico-sdk/src/common/pico_sync/mutex.c.obj
                0x0000000020000148                mutex_exit
 .time_critical.flash_init_boot2_copyout
                0x0000000020000170       0x30 CMakeFiles/JUST-PONG.dir/usr/share/pico-sdk/src/rp2_common/hardware_flash/flash.c.obj
 .time_critical.flash_enable_xip_via_boot2
                0x00000000200001a0        0xc CMakeFiles/JUST-PONG.dir/usr/share/pico-sdk/src/rp2_common/hardware_flash/flash.c.obj
 .time_critical.flash_range_erase
                0x00000000200001ac       0x80 CMakeFiles/JUST-PONG.dir/usr/share/pico-sdk/src/rp2_common/hardware_flash/flash.c.obj
                0x00000000200001ac                flash_range_erase
 .time_critical.flash_range_program
                0x000000002000022c       0x80 CMakeFiles/JUST-PONG.dir/usr/share/pico-sdk/src/rp2_common/hardware_flash/flash.c.obj
                0x000000002000022c                flash_range_program
 *(.text*)
 .text          0x00000000200002ac        0x4 /usr/lib/gcc/arm-none-eabi/12.2.0/thumb/v6-m/nofp/libgcc.a(_dvmd_tls.o)
                0x00000000200002ac                __aeabi_ldiv0
                0x00000000200002ac                __aeabi_idiv0
 .text.__stub   0x00000000200002b0       0x10 linker stubs
                0x00000000200002c0                . = ALIGN (0x4)
 *(.rodata*)
                0x00000000200002c0                . = ALIGN (0x4)
 *(.data*)
 .data.Normal   0x00000000200002c0        0x4 CMakeFiles/JUST-PONG.dir/src/pong.c.obj
                0x00000000200002c0                Normal
 .data.striped_spin_lock_num
                0x00000000200002c4        0x1 CMakeFiles/JUST-PONG.dir/usr/share/pico-sdk/src/rp2_common/hardware_sync/sync.c.obj
 *fill*         0x00000000200002c5        0x3 
 .data          0x00000000200002c8       0x48 CMakeFiles/JUST-PONG.dir/usr/share/pico-sdk/src/rp2_common/hardware_irq/irq_handler_chain.S.obj
                0x00000000200002c8                irq_handler_chain_slots
                0x00000000200002f8                irq_handler_chain_first_slot
                0x0000000020000302                irq_handler_chain_remove_tail
 .data.default_alarm_pool
                0x0000000020000310       0x18 CMakeFiles/JUST-PONG.dir/usr/share/pico-sdk/src/common/pico_time/time.c.obj
 .data.default_alarm_pool_heap
                0x0000000020000328       0x10 CMakeFiles/JUST-PONG.dir/usr/share/pico-sdk/src/common/pico_time/time.c.obj
 *fill*         0x0000000020000338        0x8 
 .data.aeabi_bits_funcs
                0x0000000020000340       0x10 CMakeFiles/JUST-PONG.dir/usr/share/pico-sdk/src/rp2_common/pico_bit_ops/bit_ops_aeabi.S.obj
                0x0000000020000340                aeabi_bits_funcs
                0x0000000020000350                aeabi_bits_funcs_end
 .data.aeabi_mem_funcs
                0x0000000020000350       0x10 CMakeFiles/JUST-PONG.dir/usr/share/pico-sdk/src/rp2_common/pico_mem_ops/mem_ops_aeabi.S.obj
                0x0000000020000350                aeabi_mem_funcs
                0x0000000020000360                aeabi_mem_funcs_end
 .data.impure_data
                0x0000000020000360      0x428 /usr/lib/gcc/arm-none-eabi/12.2.0/../../../../arm-none-eabi/lib/thumb/v6-m/nofp/libc.a(lib_a-impure.o)
 .data.__atexit_recursive_mutex
                0x0000000020000788        0x4 /usr/lib/gcc/arm-none-eabi/12.2.0/../../../../arm-none-eabi/lib/thumb/v6-m/nofp/libc.a(lib_a-__call_atexit.o)
                0x0000000020000788                __atexit_recursive_mutex
                0x000000002000078c                . = ALIGN (0x4)
 *(.after_data.*)
                0x000000002000078c                . = ALIGN (0x4)
                0x000000002000078c                PROVIDE (__mutex_array_start = .)
 *(SORT_BY_NAME(.mutex_array.*))
 *(.mutex_array)
 .mutex_array   0x000000002000078c        0x8 CMakeFiles/JUST-PONG.dir/usr/share/pico-sdk/src/rp2_common/pico_stdio/stdio.c.obj
                0x0000000020000794                PROVIDE (__mutex_array_end = .)
                0x0000000020000794                . = ALIGN (0x4)
                0x0000000020000794                PROVIDE (__preinit_array_start = .)
 *(SORT_BY_NAME(.preinit_array.*))
 .preinit_array.00001
                0x0000000020000794        0x4 CMakeFiles/JUST-PONG.dir/usr/share/pico-sdk/src/rp2_common/pico_mem_ops/mem_ops_aeabi.S.obj
 .preinit_array.00010
                0x0000000020000798        0x4 CMakeFiles/JUST-PONG.dir/usr/share/pico-sdk/src/rp2_common/pico_bit_ops/bit_ops_aeabi.S.obj
 .preinit_array.00020
                0x000000002000079c        0x4 CMakeFiles/JUST-PONG.dir/usr/share/pico-sdk/src/rp2_common/pico_double/double_aeabi.S.obj
 .preinit_array.00020
                0x00000000200007a0        0x4 CMakeFiles/JUST-PONG.dir/usr/share/pico-sdk/src/rp2_common/pico_float/float_aeabi.S.obj
 *(.preinit_array)
                0x00000000200007a4                PROVIDE (__preinit_array_end = .)
                0x00000000200007a4                . = ALIGN (0x4)
                0x00000000200007a4                PROVIDE (__init_array_start = .)
 *(SORT_BY_NAME(.init_array.*))
 .init_array.00000
                0x00000000200007a4        0x4 /usr/lib/gcc/arm-none-eabi/12.2.0/../../../../arm-none-eabi/lib/thumb/v6-m/nofp/libc.a(lib_a-__call_atexit.o)
 *(.init_array)
 .init_array    0x00000000200007a8        0x4 /usr/lib/gcc/arm-none-eabi/12.2.0/thumb/v6-m/nofp/crtbegin.o
                0x00000000200007ac                PROVIDE (__init_array_end = .)
                0x00000000200007ac                . = ALIGN (0x4)
                0x00000000200007ac                PROVIDE (__fini_array_start = .)
 *(SORT_BY_NAME(.fini_array.*))
 *(.fini_array)
                0x00000000200007ac                PROVIDE (__fini_array_end = .)
 *(.jcr)
                0x00000000200007ac                . = ALIGN (0x4)
                0x00000000200007ac                __data_end__ = .

.igot.plt       0x00000000200007ac        0x0 load address 0x0000000010004a4c
 .igot.plt      0x00000000200007ac        0x0 /usr/lib/gcc/arm-none-eabi/12.2.0/thumb/v6-m/nofp/crtbegin.o

.uninitialized_data
                0x00000000200007ac        0x0 load address 0x0000000010004a4c
                0x00000000200007ac                . = ALIGN (0x4)
 *(.uninitialized_data*)

.scratch_x      0x0000000020040000        0x0 load address 0x0000000010004a4c
                0x0000000020040000                __scratch_x_start__ = .
 *(.scratch_x.*)
                0x0000000020040000                . = ALIGN (0x4)
                0x0000000020040000                __scratch_x_end__ = .
                0x0000000010004a4c                __scratch_x_source__ = LOADADDR (.scratch_x)

.scratch_y      0x0000000020041000        0x0 load address 0x0000000010004a4c
                0x0000000020041000                __scratch_y_start__ = .
 *(.scratch_y.*)
                0x0000000020041000                . = ALIGN (0x4)
                0x0000000020041000                __scratch_y_end__ = .
                0x0000000010004a4c                __scratch_y_source__ = LOADADDR (.scratch_y)

.bss            0x00000000200007b0      0x5f4
                0x00000000200007b0                . = ALIGN (0x4)
                0x00000000200007b0                __bss_start__ = .
 *(SORT_BY_ALIGNMENT(SORT_BY_NAME(.bss*)))
 .bss.configured_freq
                0x00000000200007b0       0x28 CMakeFiles/JUST-PONG.dir/usr/share/pico-sdk/src/rp2_common/hardware_clocks/clocks.c.obj
 .bss.default_alarm_pool_entries
                0x00000000200007d8      0x100 CMakeFiles/JUST-PONG.dir/usr/share/pico-sdk/src/common/pico_time/time.c.obj
 .bss.sd_table  0x00000000200008d8      0x100 CMakeFiles/JUST-PONG.dir/usr/share/pico-sdk/src/rp2_common/pico_double/double_init_rom.c.obj
                0x00000000200008d8                sd_table
 .bss.sf_table  0x00000000200009d8      0x100 CMakeFiles/JUST-PONG.dir/usr/share/pico-sdk/src/rp2_common/pico_float/float_init_rom.c.obj
                0x00000000200009d8                sf_table
 .bss.__lock___atexit_recursive_mutex
                0x0000000020000ad8        0x1 /usr/lib/gcc/arm-none-eabi/12.2.0/../../../../arm-none-eabi/lib/thumb/v6-m/nofp/libc.a(lib_a-lock.o)
                0x0000000020000ad8                __lock___atexit_recursive_mutex
 *fill*         0x0000000020000ad9        0x3 
 .bss.alarm_callbacks
                0x0000000020000adc       0x10 CMakeFiles/JUST-PONG.dir/usr/share/pico-sdk/src/rp2_common/hardware_timer/timer.c.obj
 .bss.boot2_copyout
                0x0000000020000aec      0x100 CMakeFiles/JUST-PONG.dir/usr/share/pico-sdk/src/rp2_common/hardware_flash/flash.c.obj
 .bss.callbacks
                0x0000000020000bec        0x8 CMakeFiles/JUST-PONG.dir/usr/share/pico-sdk/src/rp2_common/hardware_gpio/gpio.c.obj
 .bss.default_alarm_pool_entry_ids_high
                0x0000000020000bf4       0x10 CMakeFiles/JUST-PONG.dir/usr/share/pico-sdk/src/common/pico_time/time.c.obj
 .bss.default_alarm_pool_heap_nodes
                0x0000000020000c04       0x30 CMakeFiles/JUST-PONG.dir/usr/share/pico-sdk/src/common/pico_time/time.c.obj
 .bss.drivers   0x0000000020000c34        0x4 CMakeFiles/JUST-PONG.dir/usr/share/pico-sdk/src/rp2_common/pico_stdio/stdio.c.obj
 .bss.filter    0x0000000020000c38        0x4 CMakeFiles/JUST-PONG.dir/usr/share/pico-sdk/src/rp2_common/pico_stdio/stdio.c.obj
 .bss.gp_col_regs
                0x0000000020000c3c        0x4 CMakeFiles/JUST-PONG.dir/home/fae/Tech/uC/Led-Matrix/src/board.c.obj
                0x0000000020000c3c                gp_col_regs
 .bss.gp_row_regs
                0x0000000020000c40        0x4 CMakeFiles/JUST-PONG.dir/home/fae/Tech/uC/Led-Matrix/src/board.c.obj
                0x0000000020000c40                gp_row_regs
 .bss.lazy_vsnprintf
                0x0000000020000c44        0x4 CMakeFiles/JUST-PONG.dir/usr/share/pico-sdk/src/rp2_common/pico_printf/printf.c.obj
 .bss.object.0  0x0000000020000c48       0x18 /usr/lib/gcc/arm-none-eabi/12.2.0/thumb/v6-m/nofp/crtbegin.o
 .bss.p_pdir    0x0000000020000c60        0x4 CMakeFiles/JUST-PONG.dir/src/pong.c.obj
                0x0000000020000c60                p_pdir
 .bss.pools     0x0000000020000c64       0x10 CMakeFiles/JUST-PONG.dir/usr/share/pico-sdk/src/common/pico_time/time.c.obj
 .bss.raw_irq_mask
                0x0000000020000c74        0x8 CMakeFiles/JUST-PONG.dir/usr/share/pico-sdk/src/rp2_common/hardware_gpio/gpio.c.obj
 .bss.rows.5    0x0000000020000c7c        0x2 CMakeFiles/JUST-PONG.dir/home/fae/Tech/uC/Led-Matrix/src/board.c.obj
 *fill*         0x0000000020000c7e        0x2 
 .bss.seed      0x0000000020000c80        0x4 CMakeFiles/JUST-PONG.dir/home/fae/Tech/uC/Led-Matrix/src/utilities.c.obj
                0x0000000020000c80                seed
 .bss.seed_flash.0
                0x0000000020000c84      0x100 CMakeFiles/JUST-PONG.dir/home/fae/Tech/uC/Led-Matrix/src/utilities.c.obj
 .bss.sf_clz_func
                0x0000000020000d84        0x4 CMakeFiles/JUST-PONG.dir/usr/share/pico-sdk/src/rp2_common/pico_double/double_init_rom.c.obj
                0x0000000020000d84                sf_clz_func
 .bss.sleep_notifier
                0x0000000020000d88        0x4 CMakeFiles/JUST-PONG.dir/usr/share/pico-sdk/src/common/pico_time/time.c.obj
 .bss.target_hi
                0x0000000020000d8c       0x10 CMakeFiles/JUST-PONG.dir/usr/share/pico-sdk/src/rp2_common/hardware_timer/timer.c.obj
 .bss.boot2_copyout_valid
                0x0000000020000d9c        0x1 CMakeFiles/JUST-PONG.dir/usr/share/pico-sdk/src/rp2_common/hardware_flash/flash.c.obj
 .bss.claimed   0x0000000020000d9d        0x1 CMakeFiles/JUST-PONG.dir/usr/share/pico-sdk/src/rp2_common/hardware_timer/timer.c.obj
 .bss.cntr.0    0x0000000020000d9e        0x1 CMakeFiles/JUST-PONG.dir/src/pong.c.obj
 .bss.i.1       0x0000000020000d9f        0x1 CMakeFiles/JUST-PONG.dir/home/fae/Tech/uC/Led-Matrix/src/board.c.obj
 .bss.i.4       0x0000000020000da0        0x1 CMakeFiles/JUST-PONG.dir/home/fae/Tech/uC/Led-Matrix/src/board.c.obj
 .bss.irq_hander_chain_free_slot_head
                0x0000000020000da1        0x1 CMakeFiles/JUST-PONG.dir/usr/share/pico-sdk/src/rp2_common/hardware_irq/irq.c.obj
 .bss.j.0       0x0000000020000da2        0x1 CMakeFiles/JUST-PONG.dir/home/fae/Tech/uC/Led-Matrix/src/board.c.obj
 .bss.timer_callbacks_pending
                0x0000000020000da3        0x1 CMakeFiles/JUST-PONG.dir/usr/share/pico-sdk/src/rp2_common/hardware_timer/timer.c.obj
 *(COMMON)
                0x0000000020000da4                . = ALIGN (0x4)
                0x0000000020000da4                __bss_end__ = .

.heap           0x0000000020000da4      0x800
                0x0000000020000da4                __end__ = .
                0x0000000020000da4                end = __end__
 *(.heap*)
 .heap          0x0000000020000da4      0x800 CMakeFiles/JUST-PONG.dir/usr/share/pico-sdk/src/rp2_common/pico_standard_link/crt0.S.obj
                0x00000000200015a4                __HeapLimit = .

.stack1_dummy
 *(.stack1*)

.stack_dummy    0x0000000020041000      0x800
 *(.stack*)
 .stack         0x0000000020041000      0x800 CMakeFiles/JUST-PONG.dir/usr/share/pico-sdk/src/rp2_common/pico_standard_link/crt0.S.obj

.flash_end      0x0000000010004a4c        0x0
                0x0000000010004a4c                __flash_binary_end = .
                0x0000000020040000                __StackLimit = (ORIGIN (RAM) + LENGTH (RAM))
                0x0000000020041000                __StackOneTop = (ORIGIN (SCRATCH_X) + LENGTH (SCRATCH_X))
                0x0000000020042000                __StackTop = (ORIGIN (SCRATCH_Y) + LENGTH (SCRATCH_Y))
                0x0000000020041000                __StackOneBottom = (__StackOneTop - SIZEOF (.stack1_dummy))
                0x0000000020041800                __StackBottom = (__StackTop - SIZEOF (.stack_dummy))
                0x0000000020042000                PROVIDE (__stack = __StackTop)
                0x0000000000000001                ASSERT ((__StackLimit >= __HeapLimit), region RAM overflowed)
                0x0000000000000001                ASSERT (((__binary_info_header_end - __logical_binary_start) <= 0x100), Binary info must be in first 256 bytes of the binary)
LOAD CMakeFiles/JUST-PONG.dir/src/main.c.obj
LOAD CMakeFiles/JUST-PONG.dir/src/pong.c.obj
LOAD CMakeFiles/JUST-PONG.dir/home/fae/Tech/uC/Led-Matrix/src/74HC595.c.obj
LOAD CMakeFiles/JUST-PONG.dir/home/fae/Tech/uC/Led-Matrix/src/board.c.obj
LOAD CMakeFiles/JUST-PONG.dir/home/fae/Tech/uC/Led-Matrix/src/utilities.c.obj
LOAD CMakeFiles/JUST-PONG.dir/usr/share/pico-sdk/src/rp2_common/pico_stdlib/stdlib.c.obj
LOAD CMakeFiles/JUST-PONG.dir/usr/share/pico-sdk/src/rp2_common/hardware_gpio/gpio.c.obj
LOAD CMakeFiles/JUST-PONG.dir/usr/share/pico-sdk/src/rp2_common/hardware_claim/claim.c.obj
LOAD CMakeFiles/JUST-PONG.dir/usr/share/pico-sdk/src/rp2_common/pico_platform/platform.c.obj
LOAD CMakeFiles/JUST-PONG.dir/usr/share/pico-sdk/src/rp2_common/hardware_sync/sync.c.obj
LOAD CMakeFiles/JUST-PONG.dir/usr/share/pico-sdk/src/rp2_common/hardware_irq/irq.c.obj
LOAD CMakeFiles/JUST-PONG.dir/usr/share/pico-sdk/src/rp2_common/hardware_irq/irq_handler_chain.S.obj
LOAD CMakeFiles/JUST-PONG.dir/usr/share/pico-sdk/src/common/pico_sync/sem.c.obj
LOAD CMakeFiles/JUST-PONG.dir/usr/share/pico-sdk/src/common/pico_sync/lock_core.c.obj
LOAD CMakeFiles/JUST-PONG.dir/usr/share/pico-sdk/src/common/pico_time/time.c.obj
LOAD CMakeFiles/JUST-PONG.dir/usr/share/pico-sdk/src/common/pico_time/timeout_helper.c.obj
LOAD CMakeFiles/JUST-PONG.dir/usr/share/pico-sdk/src/rp2_common/hardware_timer/timer.c.obj
LOAD CMakeFiles/JUST-PONG.dir/usr/share/pico-sdk/src/common/pico_util/datetime.c.obj
LOAD CMakeFiles/JUST-PONG.dir/usr/share/pico-sdk/src/common/pico_util/pheap.c.obj
LOAD CMakeFiles/JUST-PONG.dir/usr/share/pico-sdk/src/common/pico_util/queue.c.obj
LOAD CMakeFiles/JUST-PONG.dir/usr/share/pico-sdk/src/common/pico_sync/mutex.c.obj
LOAD CMakeFiles/JUST-PONG.dir/usr/share/pico-sdk/src/common/pico_sync/critical_section.c.obj
LOAD CMakeFiles/JUST-PONG.dir/usr/share/pico-sdk/src/rp2_common/hardware_uart/uart.c.obj
LOAD CMakeFiles/JUST-PONG.dir/usr/share/pico-sdk/src/rp2_common/hardware_divider/divider.S.obj
LOAD CMakeFiles/JUST-PONG.dir/usr/share/pico-sdk/src/rp2_common/pico_runtime/runtime.c.obj
LOAD CMakeFiles/JUST-PONG.dir/usr/share/pico-sdk/src/rp2_common/hardware_clocks/clocks.c.obj
LOAD CMakeFiles/JUST-PONG.dir/usr/share/pico-sdk/src/rp2_common/hardware_pll/pll.c.obj
LOAD CMakeFiles/JUST-PONG.dir/usr/share/pico-sdk/src/rp2_common/hardware_vreg/vreg.c.obj
LOAD CMakeFiles/JUST-PONG.dir/usr/share/pico-sdk/src/rp2_common/hardware_watchdog/watchdog.c.obj
LOAD CMakeFiles/JUST-PONG.dir/usr/share/pico-sdk/src/rp2_common/hardware_xosc/xosc.c.obj
LOAD CMakeFiles/JUST-PONG.dir/usr/share/pico-sdk/src/rp2_common/pico_printf/printf.c.obj
LOAD CMakeFiles/JUST-PONG.dir/usr/share/pico-sdk/src/rp2_common/pico_bit_ops/bit_ops_aeabi.S.obj
LOAD CMakeFiles/JUST-PONG.dir/usr/share/pico-sdk/src/rp2_common/pico_bootrom/bootrom.c.obj
LOAD CMakeFiles/JUST-PONG.dir/usr/share/pico-sdk/src/rp2_common/pico_divider/divider.S.obj
LOAD CMakeFiles/JUST-PONG.dir/usr/share/pico-sdk/src/rp2_common/pico_double/double_aeabi.S.obj
LOAD CMakeFiles/JUST-PONG.dir/usr/share/pico-sdk/src/rp2_common/pico_double/double_init_rom.c.obj
LOAD CMakeFiles/JUST-PONG.dir/usr/share/pico-sdk/src/rp2_common/pico_double/double_math.c.obj
LOAD CMakeFiles/JUST-PONG.dir/usr/share/pico-sdk/src/rp2_common/pico_double/double_v1_rom_shim.S.obj
LOAD CMakeFiles/JUST-PONG.dir/usr/share/pico-sdk/src/rp2_common/pico_int64_ops/pico_int64_ops_aeabi.S.obj
LOAD CMakeFiles/JUST-PONG.dir/usr/share/pico-sdk/src/rp2_common/pico_float/float_aeabi.S.obj
LOAD CMakeFiles/JUST-PONG.dir/usr/share/pico-sdk/src/rp2_common/pico_float/float_init_rom.c.obj
LOAD CMakeFiles/JUST-PONG.dir/usr/share/pico-sdk/src/rp2_common/pico_float/float_math.c.obj
LOAD CMakeFiles/JUST-PONG.dir/usr/share/pico-sdk/src/rp2_common/pico_float/float_v1_rom_shim.S.obj
LOAD CMakeFiles/JUST-PONG.dir/usr/share/pico-sdk/src/rp2_common/pico_malloc/pico_malloc.c.obj
LOAD CMakeFiles/JUST-PONG.dir/usr/share/pico-sdk/src/rp2_common/pico_mem_ops/mem_ops_aeabi.S.obj
LOAD CMakeFiles/JUST-PONG.dir/usr/share/pico-sdk/src/rp2_common/pico_standard_link/crt0.S.obj
LOAD CMakeFiles/JUST-PONG.dir/usr/share/pico-sdk/src/rp2_common/pico_standard_link/new_delete.cpp.obj
LOAD CMakeFiles/JUST-PONG.dir/usr/share/pico-sdk/src/rp2_common/pico_standard_link/binary_info.c.obj
LOAD CMakeFiles/JUST-PONG.dir/usr/share/pico-sdk/src/rp2_common/pico_stdio/stdio.c.obj
LOAD CMakeFiles/JUST-PONG.dir/usr/share/pico-sdk/src/rp2_common/pico_stdio_uart/stdio_uart.c.obj
LOAD CMakeFiles/JUST-PONG.dir/usr/share/pico-sdk/src/rp2_common/hardware_flash/flash.c.obj
LOAD /tmp/ccpXm61j.o
LOAD /usr/lib/gcc/arm-none-eabi/12.2.0/../../../../arm-none-eabi/lib/thumb/v6-m/nofp/libstdc++.a
LOAD /usr/lib/gcc/arm-none-eabi/12.2.0/../../../../arm-none-eabi/lib/thumb/v6-m/nofp/libm.a
START GROUP
LOAD /usr/lib/gcc/arm-none-eabi/12.2.0/thumb/v6-m/nofp/libgcc.a
LOAD /usr/lib/gcc/arm-none-eabi/12.2.0/../../../../arm-none-eabi/lib/thumb/v6-m/nofp/libc.a
END GROUP
START GROUP
LOAD /usr/lib/gcc/arm-none-eabi/12.2.0/thumb/v6-m/nofp/libgcc.a
LOAD /usr/lib/gcc/arm-none-eabi/12.2.0/../../../../arm-none-eabi/lib/thumb/v6-m/nofp/libc.a
LOAD /usr/lib/gcc/arm-none-eabi/12.2.0/../../../../arm-none-eabi/lib/thumb/v6-m/nofp/libnosys.a
END GROUP
LOAD /usr/lib/gcc/arm-none-eabi/12.2.0/thumb/v6-m/nofp/crtend.o
LOAD /usr/lib/gcc/arm-none-eabi/12.2.0/thumb/v6-m/nofp/crtn.o
OUTPUT(JUST-PONG.elf elf32-littlearm)
LOAD linker stubs

.ARM.attributes
                0x0000000000000000       0x28
 .ARM.attributes
                0x0000000000000000       0x1e /usr/lib/gcc/arm-none-eabi/12.2.0/thumb/v6-m/nofp/crti.o
 .ARM.attributes
                0x000000000000001e       0x2c /usr/lib/gcc/arm-none-eabi/12.2.0/thumb/v6-m/nofp/crtbegin.o
 .ARM.attributes
                0x000000000000004a       0x2c CMakeFiles/JUST-PONG.dir/src/main.c.obj
 .ARM.attributes
                0x0000000000000076       0x2c CMakeFiles/JUST-PONG.dir/src/pong.c.obj
 .ARM.attributes
                0x00000000000000a2       0x2c CMakeFiles/JUST-PONG.dir/home/fae/Tech/uC/Led-Matrix/src/74HC595.c.obj
 .ARM.attributes
                0x00000000000000ce       0x2c CMakeFiles/JUST-PONG.dir/home/fae/Tech/uC/Led-Matrix/src/board.c.obj
 .ARM.attributes
                0x00000000000000fa       0x2c CMakeFiles/JUST-PONG.dir/home/fae/Tech/uC/Led-Matrix/src/utilities.c.obj
 .ARM.attributes
                0x0000000000000126       0x2c CMakeFiles/JUST-PONG.dir/usr/share/pico-sdk/src/rp2_common/hardware_gpio/gpio.c.obj
 .ARM.attributes
                0x0000000000000152       0x2c CMakeFiles/JUST-PONG.dir/usr/share/pico-sdk/src/rp2_common/hardware_claim/claim.c.obj
 .ARM.attributes
                0x000000000000017e       0x2c CMakeFiles/JUST-PONG.dir/usr/share/pico-sdk/src/rp2_common/pico_platform/platform.c.obj
 .ARM.attributes
                0x00000000000001aa       0x2c CMakeFiles/JUST-PONG.dir/usr/share/pico-sdk/src/rp2_common/hardware_sync/sync.c.obj
 .ARM.attributes
                0x00000000000001d6       0x2c CMakeFiles/JUST-PONG.dir/usr/share/pico-sdk/src/rp2_common/hardware_irq/irq.c.obj
 .ARM.attributes
                0x0000000000000202       0x22 CMakeFiles/JUST-PONG.dir/usr/share/pico-sdk/src/rp2_common/hardware_irq/irq_handler_chain.S.obj
 .ARM.attributes
                0x0000000000000224       0x2c CMakeFiles/JUST-PONG.dir/usr/share/pico-sdk/src/common/pico_sync/lock_core.c.obj
 .ARM.attributes
                0x0000000000000250       0x2c CMakeFiles/JUST-PONG.dir/usr/share/pico-sdk/src/common/pico_time/time.c.obj
 .ARM.attributes
                0x000000000000027c       0x2c CMakeFiles/JUST-PONG.dir/usr/share/pico-sdk/src/rp2_common/hardware_timer/timer.c.obj
 .ARM.attributes
                0x00000000000002a8       0x2c CMakeFiles/JUST-PONG.dir/usr/share/pico-sdk/src/common/pico_util/pheap.c.obj
 .ARM.attributes
                0x00000000000002d4       0x2c CMakeFiles/JUST-PONG.dir/usr/share/pico-sdk/src/common/pico_sync/mutex.c.obj
 .ARM.attributes
                0x0000000000000300       0x2c CMakeFiles/JUST-PONG.dir/usr/share/pico-sdk/src/rp2_common/pico_runtime/runtime.c.obj
 .ARM.attributes
                0x000000000000032c       0x2c CMakeFiles/JUST-PONG.dir/usr/share/pico-sdk/src/rp2_common/hardware_clocks/clocks.c.obj
 .ARM.attributes
                0x0000000000000358       0x2c CMakeFiles/JUST-PONG.dir/usr/share/pico-sdk/src/rp2_common/hardware_pll/pll.c.obj
 .ARM.attributes
                0x0000000000000384       0x2c CMakeFiles/JUST-PONG.dir/usr/share/pico-sdk/src/rp2_common/hardware_watchdog/watchdog.c.obj
 .ARM.attributes
                0x00000000000003b0       0x2c CMakeFiles/JUST-PONG.dir/usr/share/pico-sdk/src/rp2_common/hardware_xosc/xosc.c.obj
 .ARM.attributes
                0x00000000000003dc       0x2c CMakeFiles/JUST-PONG.dir/usr/share/pico-sdk/src/rp2_common/pico_printf/printf.c.obj
 .ARM.attributes
                0x0000000000000408       0x22 CMakeFiles/JUST-PONG.dir/usr/share/pico-sdk/src/rp2_common/pico_bit_ops/bit_ops_aeabi.S.obj
 .ARM.attributes
                0x000000000000042a       0x2c CMakeFiles/JUST-PONG.dir/usr/share/pico-sdk/src/rp2_common/pico_bootrom/bootrom.c.obj
 .ARM.attributes
                0x0000000000000456       0x22 CMakeFiles/JUST-PONG.dir/usr/share/pico-sdk/src/rp2_common/pico_divider/divider.S.obj
 .ARM.attributes
                0x0000000000000478       0x22 CMakeFiles/JUST-PONG.dir/usr/share/pico-sdk/src/rp2_common/pico_double/double_aeabi.S.obj
 .ARM.attributes
                0x000000000000049a       0x2c CMakeFiles/JUST-PONG.dir/usr/share/pico-sdk/src/rp2_common/pico_double/double_init_rom.c.obj
 .ARM.attributes
                0x00000000000004c6       0x2c CMakeFiles/JUST-PONG.dir/usr/share/pico-sdk/src/rp2_common/pico_double/double_math.c.obj
 .ARM.attributes
                0x00000000000004f2       0x22 CMakeFiles/JUST-PONG.dir/usr/share/pico-sdk/src/rp2_common/pico_double/double_v1_rom_shim.S.obj
 .ARM.attributes
                0x0000000000000514       0x22 CMakeFiles/JUST-PONG.dir/usr/share/pico-sdk/src/rp2_common/pico_int64_ops/pico_int64_ops_aeabi.S.obj
 .ARM.attributes
                0x0000000000000536       0x22 CMakeFiles/JUST-PONG.dir/usr/share/pico-sdk/src/rp2_common/pico_float/float_aeabi.S.obj
 .ARM.attributes
                0x0000000000000558       0x2c CMakeFiles/JUST-PONG.dir/usr/share/pico-sdk/src/rp2_common/pico_float/float_init_rom.c.obj
 .ARM.attributes
                0x0000000000000584       0x22 CMakeFiles/JUST-PONG.dir/usr/share/pico-sdk/src/rp2_common/pico_float/float_v1_rom_shim.S.obj
 .ARM.attributes
                0x00000000000005a6       0x22 CMakeFiles/JUST-PONG.dir/usr/share/pico-sdk/src/rp2_common/pico_mem_ops/mem_ops_aeabi.S.obj
 .ARM.attributes
                0x00000000000005c8       0x22 CMakeFiles/JUST-PONG.dir/usr/share/pico-sdk/src/rp2_common/pico_standard_link/crt0.S.obj
 .ARM.attributes
                0x00000000000005ea       0x2c CMakeFiles/JUST-PONG.dir/usr/share/pico-sdk/src/rp2_common/pico_standard_link/binary_info.c.obj
 .ARM.attributes
                0x0000000000000616       0x2c CMakeFiles/JUST-PONG.dir/usr/share/pico-sdk/src/rp2_common/pico_stdio/stdio.c.obj
 .ARM.attributes
                0x0000000000000642       0x2c CMakeFiles/JUST-PONG.dir/usr/share/pico-sdk/src/rp2_common/hardware_flash/flash.c.obj
 .ARM.attributes
                0x000000000000066e       0x22 /tmp/ccpXm61j.o
 .ARM.attributes
                0x0000000000000690       0x1e /usr/lib/gcc/arm-none-eabi/12.2.0/thumb/v6-m/nofp/libgcc.a(_dvmd_tls.o)
 .ARM.attributes
                0x00000000000006ae       0x2c /usr/lib/gcc/arm-none-eabi/12.2.0/../../../../arm-none-eabi/lib/thumb/v6-m/nofp/libc.a(lib_a-atexit.o)
 .ARM.attributes
                0x00000000000006da       0x2c /usr/lib/gcc/arm-none-eabi/12.2.0/../../../../arm-none-eabi/lib/thumb/v6-m/nofp/libc.a(lib_a-fini.o)
 .ARM.attributes
                0x0000000000000706       0x2c /usr/lib/gcc/arm-none-eabi/12.2.0/../../../../arm-none-eabi/lib/thumb/v6-m/nofp/libc.a(lib_a-impure.o)
 .ARM.attributes
                0x0000000000000732       0x2c /usr/lib/gcc/arm-none-eabi/12.2.0/../../../../arm-none-eabi/lib/thumb/v6-m/nofp/libc.a(lib_a-strlen-stub.o)
 .ARM.attributes
                0x000000000000075e       0x2c /usr/lib/gcc/arm-none-eabi/12.2.0/../../../../arm-none-eabi/lib/thumb/v6-m/nofp/libc.a(lib_a-__atexit.o)
 .ARM.attributes
                0x000000000000078a       0x2c /usr/lib/gcc/arm-none-eabi/12.2.0/../../../../arm-none-eabi/lib/thumb/v6-m/nofp/libc.a(lib_a-__call_atexit.o)
 .ARM.attributes
                0x00000000000007b6       0x2c /usr/lib/gcc/arm-none-eabi/12.2.0/../../../../arm-none-eabi/lib/thumb/v6-m/nofp/libc.a(lib_a-lock.o)

.comment        0x0000000000000000       0x3c
 .comment       0x0000000000000000       0x1e CMakeFiles/JUST-PONG.dir/src/main.c.obj
                                         0x1f (size before relaxing)
 .comment       0x000000000000001e       0x1f CMakeFiles/JUST-PONG.dir/src/pong.c.obj
 .comment       0x000000000000001e       0x1f CMakeFiles/JUST-PONG.dir/home/fae/Tech/uC/Led-Matrix/src/74HC595.c.obj
 .comment       0x000000000000001e       0x1f CMakeFiles/JUST-PONG.dir/home/fae/Tech/uC/Led-Matrix/src/board.c.obj
 .comment       0x000000000000001e       0x1f CMakeFiles/JUST-PONG.dir/home/fae/Tech/uC/Led-Matrix/src/utilities.c.obj
 .comment       0x000000000000001e       0x1f CMakeFiles/JUST-PONG.dir/usr/share/pico-sdk/src/rp2_common/hardware_gpio/gpio.c.obj
 .comment       0x000000000000001e       0x1f CMakeFiles/JUST-PONG.dir/usr/share/pico-sdk/src/rp2_common/hardware_claim/claim.c.obj
 .comment       0x000000000000001e       0x1f CMakeFiles/JUST-PONG.dir/usr/share/pico-sdk/src/rp2_common/pico_platform/platform.c.obj
 .comment       0x000000000000001e       0x1f CMakeFiles/JUST-PONG.dir/usr/share/pico-sdk/src/rp2_common/hardware_sync/sync.c.obj
 .comment       0x000000000000001e       0x1f CMakeFiles/JUST-PONG.dir/usr/share/pico-sdk/src/rp2_common/hardware_irq/irq.c.obj
 .comment       0x000000000000001e       0x1f CMakeFiles/JUST-PONG.dir/usr/share/pico-sdk/src/common/pico_sync/lock_core.c.obj
 .comment       0x000000000000001e       0x1f CMakeFiles/JUST-PONG.dir/usr/share/pico-sdk/src/common/pico_time/time.c.obj
 .comment       0x000000000000001e       0x1f CMakeFiles/JUST-PONG.dir/usr/share/pico-sdk/src/rp2_common/hardware_timer/timer.c.obj
 .comment       0x000000000000001e       0x1f CMakeFiles/JUST-PONG.dir/usr/share/pico-sdk/src/common/pico_util/pheap.c.obj
 .comment       0x000000000000001e       0x1f CMakeFiles/JUST-PONG.dir/usr/share/pico-sdk/src/common/pico_sync/mutex.c.obj
 .comment       0x000000000000001e       0x1f CMakeFiles/JUST-PONG.dir/usr/share/pico-sdk/src/rp2_common/pico_runtime/runtime.c.obj
 .comment       0x000000000000001e       0x1f CMakeFiles/JUST-PONG.dir/usr/share/pico-sdk/src/rp2_common/hardware_clocks/clocks.c.obj
 .comment       0x000000000000001e       0x1f CMakeFiles/JUST-PONG.dir/usr/share/pico-sdk/src/rp2_common/hardware_pll/pll.c.obj
 .comment       0x000000000000001e       0x1f CMakeFiles/JUST-PONG.dir/usr/share/pico-sdk/src/rp2_common/hardware_watchdog/watchdog.c.obj
 .comment       0x000000000000001e       0x1f CMakeFiles/JUST-PONG.dir/usr/share/pico-sdk/src/rp2_common/hardware_xosc/xosc.c.obj
 .comment       0x000000000000001e       0x1f CMakeFiles/JUST-PONG.dir/usr/share/pico-sdk/src/rp2_common/pico_printf/printf.c.obj
 .comment       0x000000000000001e       0x1f CMakeFiles/JUST-PONG.dir/usr/share/pico-sdk/src/rp2_common/pico_bootrom/bootrom.c.obj
 .comment       0x000000000000001e       0x1f CMakeFiles/JUST-PONG.dir/usr/share/pico-sdk/src/rp2_common/pico_double/double_init_rom.c.obj
 .comment       0x000000000000001e       0x1f CMakeFiles/JUST-PONG.dir/usr/share/pico-sdk/src/rp2_common/pico_double/double_math.c.obj
 .comment       0x000000000000001e       0x1f CMakeFiles/JUST-PONG.dir/usr/share/pico-sdk/src/rp2_common/pico_float/float_init_rom.c.obj
 .comment       0x000000000000001e       0x1f CMakeFiles/JUST-PONG.dir/usr/share/pico-sdk/src/rp2_common/pico_standard_link/binary_info.c.obj
 .comment       0x000000000000001e       0x1f CMakeFiles/JUST-PONG.dir/usr/share/pico-sdk/src/rp2_common/pico_stdio/stdio.c.obj
 .comment       0x000000000000001e       0x1f CMakeFiles/JUST-PONG.dir/usr/share/pico-sdk/src/rp2_common/hardware_flash/flash.c.obj
 .comment       0x000000000000001e       0x1e /usr/lib/gcc/arm-none-eabi/12.2.0/../../../../arm-none-eabi/lib/thumb/v6-m/nofp/libc.a(lib_a-atexit.o)
                                         0x1f (size before relaxing)
 .comment       0x000000000000003c       0x1f /usr/lib/gcc/arm-none-eabi/12.2.0/../../../../arm-none-eabi/lib/thumb/v6-m/nofp/libc.a(lib_a-fini.o)
 .comment       0x000000000000003c       0x1f /usr/lib/gcc/arm-none-eabi/12.2.0/../../../../arm-none-eabi/lib/thumb/v6-m/nofp/libc.a(lib_a-impure.o)
 .comment       0x000000000000003c       0x1f /usr/lib/gcc/arm-none-eabi/12.2.0/../../../../arm-none-eabi/lib/thumb/v6-m/nofp/libc.a(lib_a-strlen-stub.o)
 .comment       0x000000000000003c       0x1f /usr/lib/gcc/arm-none-eabi/12.2.0/../../../../arm-none-eabi/lib/thumb/v6-m/nofp/libc.a(lib_a-__atexit.o)
 .comment       0x000000000000003c       0x1f /usr/lib/gcc/arm-none-eabi/12.2.0/../../../../arm-none-eabi/lib/thumb/v6-m/nofp/libc.a(lib_a-__call_atexit.o)
 .comment       0x000000000000003c       0x1f /usr/lib/gcc/arm-none-eabi/12.2.0/../../../../arm-none-eabi/lib/thumb/v6-m/nofp/libc.a(lib_a-lock.o)

.debug_line     0x0000000000000000      0xa8c
 .debug_line    0x0000000000000000       0x4a /usr/lib/gcc/arm-none-eabi/12.2.0/thumb/v6-m/nofp/libgcc.a(_dvmd_tls.o)
 .debug_line    0x000000000000004a       0xed /usr/lib/gcc/arm-none-eabi/12.2.0/../../../../arm-none-eabi/lib/thumb/v6-m/nofp/libc.a(lib_a-atexit.o)
 .debug_line    0x0000000000000137       0xf9 /usr/lib/gcc/arm-none-eabi/12.2.0/../../../../arm-none-eabi/lib/thumb/v6-m/nofp/libc.a(lib_a-fini.o)
 .debug_line    0x0000000000000230      0x10e /usr/lib/gcc/arm-none-eabi/12.2.0/../../../../arm-none-eabi/lib/thumb/v6-m/nofp/libc.a(lib_a-impure.o)
 .debug_line    0x000000000000033e      0x197 /usr/lib/gcc/arm-none-eabi/12.2.0/../../../../arm-none-eabi/lib/thumb/v6-m/nofp/libc.a(lib_a-strlen-stub.o)
 .debug_line    0x00000000000004d5      0x1f7 /usr/lib/gcc/arm-none-eabi/12.2.0/../../../../arm-none-eabi/lib/thumb/v6-m/nofp/libc.a(lib_a-__atexit.o)
 .debug_line    0x00000000000006cc      0x2d5 /usr/lib/gcc/arm-none-eabi/12.2.0/../../../../arm-none-eabi/lib/thumb/v6-m/nofp/libc.a(lib_a-__call_atexit.o)
 .debug_line    0x00000000000009a1       0xeb /usr/lib/gcc/arm-none-eabi/12.2.0/../../../../arm-none-eabi/lib/thumb/v6-m/nofp/libc.a(lib_a-lock.o)

.debug_line_str
                0x0000000000000000       0x92
 .debug_line_str
                0x0000000000000000       0x92 /usr/lib/gcc/arm-none-eabi/12.2.0/thumb/v6-m/nofp/libgcc.a(_dvmd_tls.o)

.debug_info     0x0000000000000000     0x21cf
 .debug_info    0x0000000000000000       0x39 /usr/lib/gcc/arm-none-eabi/12.2.0/thumb/v6-m/nofp/libgcc.a(_dvmd_tls.o)
 .debug_info    0x0000000000000039      0x118 /usr/lib/gcc/arm-none-eabi/12.2.0/../../../../arm-none-eabi/lib/thumb/v6-m/nofp/libc.a(lib_a-atexit.o)
 .debug_info    0x0000000000000151       0xf7 /usr/lib/gcc/arm-none-eabi/12.2.0/../../../../arm-none-eabi/lib/thumb/v6-m/nofp/libc.a(lib_a-fini.o)
 .debug_info    0x0000000000000248      0x8c8 /usr/lib/gcc/arm-none-eabi/12.2.0/../../../../arm-none-eabi/lib/thumb/v6-m/nofp/libc.a(lib_a-impure.o)
 .debug_info    0x0000000000000b10       0xeb /usr/lib/gcc/arm-none-eabi/12.2.0/../../../../arm-none-eabi/lib/thumb/v6-m/nofp/libc.a(lib_a-strlen-stub.o)
 .debug_info    0x0000000000000bfb      0x999 /usr/lib/gcc/arm-none-eabi/12.2.0/../../../../arm-none-eabi/lib/thumb/v6-m/nofp/libc.a(lib_a-__atexit.o)
 .debug_info    0x0000000000001594      0xa21 /usr/lib/gcc/arm-none-eabi/12.2.0/../../../../arm-none-eabi/lib/thumb/v6-m/nofp/libc.a(lib_a-__call_atexit.o)
 .debug_info    0x0000000000001fb5      0x21a /usr/lib/gcc/arm-none-eabi/12.2.0/../../../../arm-none-eabi/lib/thumb/v6-m/nofp/libc.a(lib_a-lock.o)

.debug_abbrev   0x0000000000000000      0xa61
 .debug_abbrev  0x0000000000000000       0x1f /usr/lib/gcc/arm-none-eabi/12.2.0/thumb/v6-m/nofp/libgcc.a(_dvmd_tls.o)
 .debug_abbrev  0x000000000000001f       0xbe /usr/lib/gcc/arm-none-eabi/12.2.0/../../../../arm-none-eabi/lib/thumb/v6-m/nofp/libc.a(lib_a-atexit.o)
 .debug_abbrev  0x00000000000000dd       0xc9 /usr/lib/gcc/arm-none-eabi/12.2.0/../../../../arm-none-eabi/lib/thumb/v6-m/nofp/libc.a(lib_a-fini.o)
 .debug_abbrev  0x00000000000001a6      0x1ca /usr/lib/gcc/arm-none-eabi/12.2.0/../../../../arm-none-eabi/lib/thumb/v6-m/nofp/libc.a(lib_a-impure.o)
 .debug_abbrev  0x0000000000000370       0x90 /usr/lib/gcc/arm-none-eabi/12.2.0/../../../../arm-none-eabi/lib/thumb/v6-m/nofp/libc.a(lib_a-strlen-stub.o)
 .debug_abbrev  0x0000000000000400      0x272 /usr/lib/gcc/arm-none-eabi/12.2.0/../../../../arm-none-eabi/lib/thumb/v6-m/nofp/libc.a(lib_a-__atexit.o)
 .debug_abbrev  0x0000000000000672      0x2da /usr/lib/gcc/arm-none-eabi/12.2.0/../../../../arm-none-eabi/lib/thumb/v6-m/nofp/libc.a(lib_a-__call_atexit.o)
 .debug_abbrev  0x000000000000094c      0x115 /usr/lib/gcc/arm-none-eabi/12.2.0/../../../../arm-none-eabi/lib/thumb/v6-m/nofp/libc.a(lib_a-lock.o)

.debug_aranges  0x0000000000000000      0x108
 .debug_aranges
                0x0000000000000000       0x20 /usr/lib/gcc/arm-none-eabi/12.2.0/thumb/v6-m/nofp/libgcc.a(_dvmd_tls.o)
 .debug_aranges
                0x0000000000000020       0x20 /usr/lib/gcc/arm-none-eabi/12.2.0/../../../../arm-none-eabi/lib/thumb/v6-m/nofp/libc.a(lib_a-atexit.o)
 .debug_aranges
                0x0000000000000040       0x20 /usr/lib/gcc/arm-none-eabi/12.2.0/../../../../arm-none-eabi/lib/thumb/v6-m/nofp/libc.a(lib_a-fini.o)
 .debug_aranges
                0x0000000000000060       0x18 /usr/lib/gcc/arm-none-eabi/12.2.0/../../../../arm-none-eabi/lib/thumb/v6-m/nofp/libc.a(lib_a-impure.o)
 .debug_aranges
                0x0000000000000078       0x20 /usr/lib/gcc/arm-none-eabi/12.2.0/../../../../arm-none-eabi/lib/thumb/v6-m/nofp/libc.a(lib_a-strlen-stub.o)
 .debug_aranges
                0x0000000000000098       0x20 /usr/lib/gcc/arm-none-eabi/12.2.0/../../../../arm-none-eabi/lib/thumb/v6-m/nofp/libc.a(lib_a-__atexit.o)
 .debug_aranges
                0x00000000000000b8       0x28 /usr/lib/gcc/arm-none-eabi/12.2.0/../../../../arm-none-eabi/lib/thumb/v6-m/nofp/libc.a(lib_a-__call_atexit.o)
 .debug_aranges
                0x00000000000000e0       0x28 /usr/lib/gcc/arm-none-eabi/12.2.0/../../../../arm-none-eabi/lib/thumb/v6-m/nofp/libc.a(lib_a-lock.o)

.debug_str      0x0000000000000000      0xbc9
 .debug_str     0x0000000000000000       0xba /usr/lib/gcc/arm-none-eabi/12.2.0/thumb/v6-m/nofp/libgcc.a(_dvmd_tls.o)
 .debug_str     0x00000000000000ba      0x1c9 /usr/lib/gcc/arm-none-eabi/12.2.0/../../../../arm-none-eabi/lib/thumb/v6-m/nofp/libc.a(lib_a-atexit.o)
                                        0x209 (size before relaxing)
 .debug_str     0x0000000000000283       0xdf /usr/lib/gcc/arm-none-eabi/12.2.0/../../../../arm-none-eabi/lib/thumb/v6-m/nofp/libc.a(lib_a-fini.o)
                                        0x201 (size before relaxing)
 .debug_str     0x0000000000000362      0x45a /usr/lib/gcc/arm-none-eabi/12.2.0/../../../../arm-none-eabi/lib/thumb/v6-m/nofp/libc.a(lib_a-impure.o)
                                        0x5a4 (size before relaxing)
 .debug_str     0x00000000000007bc       0xce /usr/lib/gcc/arm-none-eabi/12.2.0/../../../../arm-none-eabi/lib/thumb/v6-m/nofp/libc.a(lib_a-strlen-stub.o)
                                        0x1f1 (size before relaxing)
 .debug_str     0x000000000000088a       0x95 /usr/lib/gcc/arm-none-eabi/12.2.0/../../../../arm-none-eabi/lib/thumb/v6-m/nofp/libc.a(lib_a-__atexit.o)
                                        0x63b (size before relaxing)
 .debug_str     0x000000000000091f       0xaf /usr/lib/gcc/arm-none-eabi/12.2.0/../../../../arm-none-eabi/lib/thumb/v6-m/nofp/libc.a(lib_a-__call_atexit.o)
                                        0x66e (size before relaxing)
 .debug_str     0x00000000000009ce      0x1fb /usr/lib/gcc/arm-none-eabi/12.2.0/../../../../arm-none-eabi/lib/thumb/v6-m/nofp/libc.a(lib_a-lock.o)
                                        0x35c (size before relaxing)

.debug_loclists
                0x0000000000000000      0x30f
 .debug_loclists
                0x0000000000000000       0x2a /usr/lib/gcc/arm-none-eabi/12.2.0/../../../../arm-none-eabi/lib/thumb/v6-m/nofp/libc.a(lib_a-atexit.o)
 .debug_loclists
                0x000000000000002a       0x34 /usr/lib/gcc/arm-none-eabi/12.2.0/../../../../arm-none-eabi/lib/thumb/v6-m/nofp/libc.a(lib_a-fini.o)
 .debug_loclists
                0x000000000000005e       0x5e /usr/lib/gcc/arm-none-eabi/12.2.0/../../../../arm-none-eabi/lib/thumb/v6-m/nofp/libc.a(lib_a-strlen-stub.o)
 .debug_loclists
                0x00000000000000bc      0x107 /usr/lib/gcc/arm-none-eabi/12.2.0/../../../../arm-none-eabi/lib/thumb/v6-m/nofp/libc.a(lib_a-__atexit.o)
 .debug_loclists
                0x00000000000001c3      0x129 /usr/lib/gcc/arm-none-eabi/12.2.0/../../../../arm-none-eabi/lib/thumb/v6-m/nofp/libc.a(lib_a-__call_atexit.o)
 .debug_loclists
                0x00000000000002ec       0x23 /usr/lib/gcc/arm-none-eabi/12.2.0/../../../../arm-none-eabi/lib/thumb/v6-m/nofp/libc.a(lib_a-lock.o)

.debug_rnglists
                0x0000000000000000       0x93
 .debug_rnglists
                0x0000000000000000       0x13 /usr/lib/gcc/arm-none-eabi/12.2.0/../../../../arm-none-eabi/lib/thumb/v6-m/nofp/libc.a(lib_a-atexit.o)
 .debug_rnglists
                0x0000000000000013       0x13 /usr/lib/gcc/arm-none-eabi/12.2.0/../../../../arm-none-eabi/lib/thumb/v6-m/nofp/libc.a(lib_a-fini.o)
 .debug_rnglists
                0x0000000000000026       0x13 /usr/lib/gcc/arm-none-eabi/12.2.0/../../../../arm-none-eabi/lib/thumb/v6-m/nofp/libc.a(lib_a-strlen-stub.o)
 .debug_rnglists
                0x0000000000000039       0x14 /usr/lib/gcc/arm-none-eabi/12.2.0/../../../../arm-none-eabi/lib/thumb/v6-m/nofp/libc.a(lib_a-__atexit.o)
 .debug_rnglists
                0x000000000000004d       0x2d /usr/lib/gcc/arm-none-eabi/12.2.0/../../../../arm-none-eabi/lib/thumb/v6-m/nofp/libc.a(lib_a-__call_atexit.o)
 .debug_rnglists
                0x000000000000007a       0x19 /usr/lib/gcc/arm-none-eabi/12.2.0/../../../../arm-none-eabi/lib/thumb/v6-m/nofp/libc.a(lib_a-lock.o)

.debug_frame    0x0000000000000000      0x1b8
 .debug_frame   0x0000000000000000       0x28 /usr/lib/gcc/arm-none-eabi/12.2.0/../../../../arm-none-eabi/lib/thumb/v6-m/nofp/libc.a(lib_a-atexit.o)
 .debug_frame   0x0000000000000028       0x2c /usr/lib/gcc/arm-none-eabi/12.2.0/../../../../arm-none-eabi/lib/thumb/v6-m/nofp/libc.a(lib_a-fini.o)
 .debug_frame   0x0000000000000054       0x28 /usr/lib/gcc/arm-none-eabi/12.2.0/../../../../arm-none-eabi/lib/thumb/v6-m/nofp/libc.a(lib_a-strlen-stub.o)
 .debug_frame   0x000000000000007c       0x38 /usr/lib/gcc/arm-none-eabi/12.2.0/../../../../arm-none-eabi/lib/thumb/v6-m/nofp/libc.a(lib_a-__atexit.o)
 .debug_frame   0x00000000000000b4       0x54 /usr/lib/gcc/arm-none-eabi/12.2.0/../../../../arm-none-eabi/lib/thumb/v6-m/nofp/libc.a(lib_a-__call_atexit.o)
 .debug_frame   0x0000000000000108       0xb0 /usr/lib/gcc/arm-none-eabi/12.2.0/../../../../arm-none-eabi/lib/thumb/v6-m/nofp/libc.a(lib_a-lock.o)
